## a
{"t":"welcome","n":46791,"h":"4e1a03774892e6c5","p":"{\"t\":\"welcome\",\"you\":13,\"code\":\"GOLD\",\"mode\":\"team\",\"aircraft\":[{\"kind\":\"f16\",\"name\":\"F-16\",\"team\":\"nato\",\"maxHP\":90,\"maxSpeed\":230,\"maxSpeedAB\":290,\"accel\":48,"}
{"t":"players","n":794,"m":{"t":"players","list":[{"id":1,"name":"Maverick","team":"nato","kind":"f16","bot":true},{"id":2,"name":"Iceman","team":"soviet","kind":"mig29","bot":true},{"id":3,"name":"Viper","team":"nato","kind":"f15","bot":true},{"id":4,"name":"Goose","team":"soviet","kind":"su27","bot":true},{"id":5,"name":"Ivan","team":"nato","kind":"f16","bot":true},{"id":6,"name":"Sokol","team":"soviet","kind":"mig29","bot":true},{"id":7,"name":"Berkut","team":"nato","kind":"f15","bot":true},{"id":8,"name":"Yastreb","team":"soviet","kind":"su27","bot":true},{"id":9,"name":"Ghost","team":"nato","kind":"f16","bot":true},{"id":10,"name":"Raven","team":"soviet","kind":"mig29","bot":true},{"id":12,"name":"Hawk","team":"soviet","kind":"su27","bot":true},{"id":13,"name":"a","team":"nato","kind":"f16","bot":false}]}}
{"t":"round","n":401,"m":{"t":"round","phase":"playing","left":28800,"nato":0,"soviet":0,"board":[{"id":1,"k":0,"d":0,"s":0},{"id":2,"k":0,"d":0,"s":0},{"id":3,"k":0,"d":0,"s":0},{"id":4,"k":0,"d":0,"s":0},{"id":5,"k":0,"d":0,"s":0},{"id":6,"k":0,"d":0,"s":0},{"id":7,"k":0,"d":0,"s":0},{"id":8,"k":0,"d":0,"s":0},{"id":9,"k":0,"d":0,"s":0},{"id":10,"k":0,"d":0,"s":0},{"id":12,"k":0,"d":0,"s":0},{"id":13,"k":0,"d":0,"s":0}]}}
{"t":"players","n":793,"m":{"t":"players","list":[{"id":1,"name":"Maverick","team":"nato","kind":"f16","bot":true},{"id":2,"name":"Iceman","team":"soviet","kind":"mig29","bot":true},{"id":3,"name":"Viper","team":"nato","kind":"f15","bot":true},{"id":4,"name":"Goose","team":"soviet","kind":"su27","bot":true},{"id":5,"name":"Ivan","team":"nato","kind":"f16","bot":true},{"id":6,"name":"Sokol","team":"soviet","kind":"mig29","bot":true},{"id":7,"name":"Berkut","team":"nato","kind":"f15","bot":true},{"id":8,"name":"Yastreb","team":"soviet","kind":"su27","bot":true},{"id":9,"name":"Ghost","team":"nato","kind":"f16","bot":true},{"id":10,"name":"Raven","team":"soviet","kind":"mig29","bot":true},{"id":13,"name":"a","team":"nato","kind":"f16","bot":false},{"id":14,"name":"b","team":"soviet","kind":"mig29","bot":false}]}}
{"t":"players","n":792,"m":{"t":"players","list":[{"id":1,"name":"Maverick","team":"nato","kind":"f16","bot":true},{"id":2,"name":"Iceman","team":"soviet","kind":"mig29","bot":true},{"id":3,"name":"Viper","team":"nato","kind":"f15","bot":true},{"id":4,"name":"Goose","team":"soviet","kind":"su27","bot":true},{"id":5,"name":"Ivan","team":"nato","kind":"f16","bot":true},{"id":6,"name":"Sokol","team":"soviet","kind":"mig29","bot":true},{"id":7,"name":"Berkut","team":"nato","kind":"f15","bot":true},{"id":8,"name":"Yastreb","team":"soviet","kind":"su27","bot":true},{"id":9,"name":"Ghost","team":"nato","kind":"f16","bot":true},{"id":10,"name":"Raven","team":"soviet","kind":"mig29","bot":true},{"id":13,"name":"a","team":"nato","kind":"f16","bot":false},{"id":14,"name":"b","team":"soviet","kind":"su27","bot":false}]}}
{"t":"round","n":401,"m":{"t":"round","phase":"playing","left":28799,"nato":0,"soviet":0,"board":[{"id":1,"k":0,"d":0,"s":0},{"id":2,"k":0,"d":0,"s":0},{"id":3,"k":0,"d":0,"s":0},{"id":4,"k":0,"d":0,"s":0},{"id":5,"k":0,"d":0,"s":0},{"id":6,"k":0,"d":0,"s":0},{"id":7,"k":0,"d":0,"s":0},{"id":8,"k":0,"d":0,"s":0},{"id":9,"k":0,"d":0,"s":0},{"id":10,"k":0,"d":0,"s":0},{"id":13,"k":0,"d":0,"s":0},{"id":14,"k":0,"d":0,"s":0}]}}
{"t":"run","c":568,"n":1807914,"h":"4b6c1a686678e016"}
{"t":"round","n":401,"m":{"t":"round","phase":"playing","left":27700,"nato":0,"soviet":1,"board":[{"id":2,"k":1,"d":0,"s":1},{"id":1,"k":0,"d":0,"s":0},{"id":3,"k":0,"d":0,"s":0},{"id":4,"k":0,"d":0,"s":0},{"id":5,"k":0,"d":0,"s":0},{"id":6,"k":0,"d":0,"s":0},{"id":7,"k":0,"d":0,"s":0},{"id":8,"k":0,"d":0,"s":0},{"id":9,"k":0,"d":1,"s":0},{"id":10,"k":0,"d":0,"s":0},{"id":13,"k":0,"d":0,"s":0},{"id":14,"k":0,"d":0,"s":0}]}}
{"t":"run","c":121,"n":367721,"h":"c2286b5132884d2e"}
{"t":"round","n":401,"m":{"t":"round","phase":"playing","left":27465,"nato":1,"soviet":1,"board":[{"id":2,"k":1,"d":0,"s":1},{"id":5,"k":1,"d":0,"s":1},{"id":1,"k":0,"d":0,"s":0},{"id":3,"k":0,"d":0,"s":0},{"id":4,"k":0,"d":0,"s":0},{"id":6,"k":0,"d":1,"s":0},{"id":7,"k":0,"d":0,"s":0},{"id":8,"k":0,"d":0,"s":0},{"id":9,"k":0,"d":1,"s":0},{"id":10,"k":0,"d":0,"s":0},{"id":13,"k":0,"d":0,"s":0},{"id":14,"k":0,"d":0,"s":0}]}}
{"t":"run","c":319,"n":974627,"h":"0342cfca11c25f15"}
{"t":"round","n":401,"m":{"t":"round","phase":"playing","left":26847,"nato":1,"soviet":2,"board":[{"id":2,"k":1,"d":0,"s":1},{"id":5,"k":1,"d":0,"s":1},{"id":6,"k":1,"d":1,"s":1},{"id":1,"k":0,"d":0,"s":0},{"id":3,"k":0,"d":0,"s":0},{"id":4,"k":0,"d":0,"s":0},{"id":7,"k":0,"d":0,"s":0},{"id":8,"k":0,"d":0,"s":0},{"id":9,"k":0,"d":1,"s":0},{"id":10,"k":0,"d":0,"s":0},{"id":13,"k":0,"d":1,"s":0},{"id":14,"k":0,"d":0,"s":0}]}}
{"t":"run","c":471,"n":1435526,"h":"6465071b0edfbea5"}
{"t":"round","n":401,"m":{"t":"round","phase":"playing","left":25936,"nato":1,"soviet":3,"board":[{"id":2,"k":1,"d":0,"s":1},{"id":5,"k":1,"d":0,"s":1},{"id":6,"k":1,"d":1,"s":1},{"id":8,"k":1,"d":0,"s":1},{"id":1,"k":0,"d":0,"s":0},{"id":3,"k":0,"d":0,"s":0},{"id":4,"k":0,"d":0,"s":0},{"id":7,"k":0,"d":0,"s":0},{"id":9,"k":0,"d":1,"s":0},{"id":10,"k":0,"d":0,"s":0},{"id":13,"k":0,"d":2,"s":0},{"id":14,"k":0,"d":0,"s":0}]}}
{"t":"run","c":656,"n":1945325,"h":"8f97ce0da68cdcdc"}
{"t":"round","n":401,"m":{"t":"round","phase":"playing","left":24666,"nato":2,"soviet":4,"board":[{"id":5,"k":2,"d":1,"s":2},{"id":2,"k":1,"d":0,"s":1},{"id":6,"k":1,"d":1,"s":1},{"id":8,"k":1,"d":0,"s":1},{"id":14,"k":1,"d":1,"s":1},{"id":1,"k":0,"d":0,"s":0},{"id":3,"k":0,"d":0,"s":0},{"id":4,"k":0,"d":0,"s":0},{"id":7,"k":0,"d":0,"s":0},{"id":9,"k":0,"d":1,"s":0},{"id":10,"k":0,"d":0,"s":0},{"id":13,"k":0,"d":2,"s":0}]}}
{"t":"run","c":793,"n":2391234,"h":"d3202dafeb158354"}
{"t":"round","n":401,"m":{"t":"round","phase":"playing","left":23131,"nato":3,"soviet":4,"board":[{"id":5,"k":2,"d":1,"s":2},{"id":2,"k":1,"d":0,"s":1},{"id":6,"k":1,"d":1,"s":1},{"id":8,"k":1,"d":1,"s":1},{"id":9,"k":1,"d":1,"s":1},{"id":14,"k":1,"d":1,"s":1},{"id":1,"k":0,"d":0,"s":0},{"id":3,"k":0,"d":0,"s":0},{"id":4,"k":0,"d":0,"s":0},{"id":7,"k":0,"d":0,"s":0},{"id":10,"k":0,"d":0,"s":0},{"id":13,"k":0,"d":2,"s":0}]}}
{"t":"run","c":42,"n":128200,"h":"6382b1142b409b86"}
{"t":"round","n":402,"m":{"t":"round","phase":"playing","left":23050,"nato":3,"soviet":4,"board":[{"id":5,"k":2,"d":1,"s":2},{"id":2,"k":1,"d":0,"s":1},{"id":6,"k":1,"d":1,"s":1},{"id":8,"k":1,"d":1,"s":1},{"id":9,"k":1,"d":1,"s":1},{"id":14,"k":1,"d":1,"s":1},{"id":1,"k":0,"d":0,"s":0},{"id":3,"k":0,"d":0,"s":0},{"id":4,"k":0,"d":0,"s":0},{"id":7,"k":0,"d":0,"s":0},{"id":10,"k":0,"d":0,"s":0},{"id":13,"k":0,"d":3,"s":-1}]}}
{"t":"run","c":257,"n":781491,"h":"0697f3fca583c870"}
{"t":"round","n":402,"m":{"t":"round","phase":"playing","left":22554,"nato":4,"soviet":4,"board":[{"id":5,"k":2,"d":1,"s":2},{"id":1,"k":1,"d":0,"s":1},{"id":2,"k":1,"d":0,"s":1},{"id":6,"k":1,"d":1,"s":1},{"id":8,"k":1,"d":1,"s":1},{"id":9,"k":1,"d":1,"s":1},{"id":14,"k":1,"d":1,"s":1},{"id":3,"k":0,"d":0,"s":0},{"id":4,"k":0,"d":1,"s":0},{"id":7,"k":0,"d":0,"s":0},{"id":10,"k":0,"d":0,"s":0},{"id":13,"k":0,"d":3,"s":-1}]}}
{"t":"run","c":771,"n":2301335,"h":"8205dad35fe99d05"}
{"t":"round","n":402,"m":{"t":"round","phase":"playing","left":21060,"nato":4,"soviet":4,"board":[{"id":5,"k":2,"d":1,"s":2},{"id":1,"k":1,"d":0,"s":1},{"id":2,"k":1,"d":0,"s":1},{"id":6,"k":1,"d":1,"s":1},{"id":8,"k":1,"d":1,"s":1},{"id":9,"k":1,"d":1,"s":1},{"id":14,"k":1,"d":2,"s":1},{"id":3,"k":0,"d":0,"s":0},{"id":4,"k":0,"d":1,"s":0},{"id":7,"k":0,"d":0,"s":0},{"id":10,"k":0,"d":1,"s":0},{"id":13,"k":0,"d":3,"s":-1}]}}
{"t":"run","c":358,"n":1088602,"h":"dc9d883d933cc252"}
{"t":"round","n":402,"m":{"t":"round","phase":"playing","left":20366,"nato":4,"soviet":5,"board":[{"id":5,"k":2,"d":2,"s":2},{"id":1,"k":1,"d":0,"s":1},{"id":2,"k":1,"d":0,"s":1},{"id":6,"k":1,"d":1,"s":1},{"id":8,"k":1,"d":1,"s":1},{"id":9,"k":1,"d":1,"s":1},{"id":10,"k":1,"d":1,"s":1},{"id":14,"k":1,"d":2,"s":1},{"id":3,"k":0,"d":0,"s":0},{"id":4,"k":0,"d":1,"s":0},{"id":7,"k":0,"d":0,"s":0},{"id":13,"k":0,"d":3,"s":-1}]}}
{"t":"run","c":56,"n":164213,"h":"ff96ee38110c4b69"}
{"t":"round","n":402,"m":{"t":"round","phase":"playing","left":20258,"nato":4,"soviet":5,"board":[{"id":5,"k":2,"d":2,"s":2},{"id":1,"k":1,"d":0,"s":1},{"id":2,"k":1,"d":0,"s":1},{"id":6,"k":1,"d":1,"s":1},{"id":8,"k":1,"d":1,"s":1},{"id":9,"k":1,"d":1,"s":1},{"id":10,"k":1,"d":1,"s":1},{"id":14,"k":1,"d":2,"s":1},{"id":3,"k":0,"d":0,"s":0},{"id":4,"k":0,"d":1,"s":0},{"id":7,"k":0,"d":0,"s":0},{"id":13,"k":0,"d":4,"s":-2}]}}
{"t":"run","c":298,"n":872240,"h":"6d6b56227b7144bd"}
{"t":"round","n":402,"m":{"t":"round","phase":"playing","left":19680,"nato":4,"soviet":5,"board":[{"id":5,"k":2,"d":2,"s":2},{"id":1,"k":1,"d":0,"s":1},{"id":2,"k":1,"d":0,"s":1},{"id":6,"k":1,"d":1,"s":1},{"id":8,"k":1,"d":2,"s":1},{"id":9,"k":1,"d":1,"s":1},{"id":10,"k":1,"d":2,"s":1},{"id":14,"k":1,"d":2,"s":1},{"id":3,"k":0,"d":0,"s":0},{"id":4,"k":0,"d":1,"s":0},{"id":7,"k":0,"d":0,"s":0},{"id":13,"k":0,"d":4,"s":-2}]}}
{"t":"run","c":11,"n":33462,"h":"e7bd99c5d9c0447e"}
{"t":"round","n":402,"m":{"t":"round","phase":"playing","left":19657,"nato":4,"soviet":6,"board":[{"id":5,"k":2,"d":2,"s":2},{"id":14,"k":2,"d":2,"s":2},{"id":1,"k":1,"d":1,"s":1},{"id":2,"k":1,"d":0,"s":1},{"id":6,"k":1,"d":1,"s":1},{"id":8,"k":1,"d":2,"s":1},{"id":9,"k":1,"d":1,"s":1},{"id":10,"k":1,"d":2,"s":1},{"id":3,"k":0,"d":0,"s":0},{"id":4,"k":0,"d":1,"s":0},{"id":7,"k":0,"d":0,"s":0},{"id":13,"k":0,"d":4,"s":-2}]}}
{"t":"run","c":44,"n":131742,"h":"56f40c88ff2f350f"}
{"t":"round","n":402,"m":{"t":"round","phase":"playing","left":19572,"nato":4,"soviet":7,"board":[{"id":5,"k":2,"d":2,"s":2},{"id":6,"k":2,"d":1,"s":2},{"id":14,"k":2,"d":2,"s":2},{"id":1,"k":1,"d":1,"s":1},{"id":2,"k":1,"d":0,"s":1},{"id":8,"k":1,"d":2,"s":1},{"id":9,"k":1,"d":1,"s":1},{"id":10,"k":1,"d":2,"s":1},{"id":3,"k":0,"d":1,"s":0},{"id":4,"k":0,"d":1,"s":0},{"id":7,"k":0,"d":0,"s":0},{"id":13,"k":0,"d":4,"s":-2}]}}
{"t":"run","c":172,"n":584845,"h":"567c08ffe5f48fce"}
{"t":"round","n":402,"m":{"t":"round","phase":"playing","left":19239,"nato":5,"soviet":8,"board":[{"id":2,"k":2,"d":1,"s":2},{"id":5,"k":2,"d":2,"s":2},{"id":6,"k":2,"d":1,"s":2},{"id":9,"k":2,"d":2,"s":2},{"id":14,"k":2,"d":2,"s":2},{"id":1,"k":1,"d":1,"s":1},{"id":8,"k":1,"d":2,"s":1},{"id":10,"k":1,"d":2,"s":1},{"id":3,"k":0,"d":1,"s":0},{"id":4,"k":0,"d":1,"s":0},{"id":7,"k":0,"d":0,"s":0},{"id":13,"k":0,"d":4,"s":-2}]}}
{"t":"run","c":232,"n":760311,"h":"c85d48a814cb9235"}
{"t":"round","n":402,"m":{"t":"round","phase":"playing","left":18789,"nato":5,"soviet":9,"board":[{"id":14,"k":3,"d":2,"s":3},{"id":2,"k":2,"d":1,"s":2},{"id":5,"k":2,"d":2,"s":2},{"id":6,"k":2,"d":1,"s":2},{"id":9,"k":2,"d":2,"s":2},{"id":1,"k":1,"d":1,"s":1},{"id":8,"k":1,"d":2,"s":1},{"id":10,"k":1,"d":2,"s":1},{"id":3,"k":0,"d":1,"s":0},{"id":4,"k":0,"d":1,"s":0},{"id":7,"k":0,"d":1,"s":0},{"id":13,"k":0,"d":4,"s":-2}]}}
{"t":"run","c":251,"n":801339,"h":"6eee76986471e0ea"}
{"t":"round","n":403,"m":{"t":"round","phase":"playing","left":18304,"nato":5,"soviet":10,"board":[{"id":2,"k":3,"d":1,"s":3},{"id":14,"k":3,"d":2,"s":3},{"id":5,"k":2,"d":3,"s":2},{"id":6,"k":2,"d":1,"s":2},{"id":9,"k":2,"d":2,"s":2},{"id":1,"k":1,"d":1,"s":1},{"id":8,"k":1,"d":2,"s":1},{"id":10,"k":1,"d":2,"s":1},{"id":3,"k":0,"d":1,"s":0},{"id":4,"k":0,"d":1,"s":0},{"id":7,"k":0,"d":1,"s":0},{"id":13,"k":0,"d":4,"s":-2}]}}
{"t":"run","c":263,"n":861854,"h":"9a927a13294f8933"}
{"t":"round","n":403,"m":{"t":"round","phase":"playing","left":17796,"nato":6,"soviet":10,"board":[{"id":2,"k":3,"d":1,"s":3},{"id":9,"k":3,"d":2,"s":3},{"id":14,"k":3,"d":2,"s":3},{"id":5,"k":2,"d":3,"s":2},{"id":6,"k":2,"d":1,"s":2},{"id":1,"k":1,"d":1,"s":1},{"id":8,"k":1,"d":2,"s":1},{"id":10,"k":1,"d":3,"s":1},{"id":3,"k":0,"d":1,"s":0},{"id":4,"k":0,"d":1,"s":0},{"id":7,"k":0,"d":1,"s":0},{"id":13,"k":0,"d":4,"s":-2}]}}
{"t":"run","c":79,"n":250075,"h":"c53b2192f73d29a9"}
{"t":"round","n":403,"m":{"t":"round","phase":"playing","left":17642,"nato":6,"soviet":10,"board":[{"id":2,"k":3,"d":1,"s":3},{"id":9,"k":3,"d":2,"s":3},{"id":14,"k":3,"d":2,"s":3},{"id":5,"k":2,"d":3,"s":2},{"id":6,"k":2,"d":1,"s":2},{"id":1,"k":1,"d":1,"s":1},{"id":8,"k":1,"d":2,"s":1},{"id":10,"k":1,"d":3,"s":1},{"id":3,"k":0,"d":1,"s":0},{"id":4,"k":0,"d":1,"s":0},{"id":7,"k":0,"d":1,"s":0},{"id":13,"k":0,"d":5,"s":-3}]}}
{"t":"run","c":181,"n":572527,"h":"90445e42e9cfae1d"}
{"t":"round","n":403,"m":{"t":"round","phase":"playing","left":17292,"nato":7,"soviet":10,"board":[{"id":2,"k":3,"d":1,"s":3},{"id":5,"k":3,"d":3,"s":3},{"id":9,"k":3,"d":2,"s":3},{"id":14,"k":3,"d":2,"s":3},{"id":6,"k":2,"d":1,"s":2},{"id":1,"k":1,"d":1,"s":1},{"id":8,"k":1,"d":3,"s":1},{"id":10,"k":1,"d":3,"s":1},{"id":3,"k":0,"d":1,"s":0},{"id":4,"k":0,"d":1,"s":0},{"id":7,"k":0,"d":1,"s":0},{"id":13,"k":0,"d":5,"s":-3}]}}
{"t":"run","c":657,"n":2039011,"h":"04afa8536b93d847"}
{"t":"round","n":403,"m":{"t":"round","phase":"playing","left":16020,"nato":7,"soviet":10,"board":[{"id":2,"k":3,"d":1,"s":3},{"id":5,"k":3,"d":3,"s":3},{"id":9,"k":3,"d":2,"s":3},{"id":14,"k":3,"d":3,"s":3},{"id":6,"k":2,"d":1,"s":2},{"id":1,"k":1,"d":1,"s":1},{"id":8,"k":1,"d":4,"s":1},{"id":10,"k":1,"d":3,"s":1},{"id":3,"k":0,"d":1,"s":0},{"id":4,"k":0,"d":1,"s":0},{"id":7,"k":0,"d":1,"s":0},{"id":13,"k":0,"d":5,"s":-3}]}}
{"t":"run","c":134,"n":397227,"h":"b3f5ecb9d75b0b41"}
{"t":"round","n":403,"m":{"t":"round","phase":"playing","left":15759,"nato":7,"soviet":11,"board":[{"id":2,"k":4,"d":1,"s":4},{"id":5,"k":3,"d":3,"s":3},{"id":9,"k":3,"d":2,"s":3},{"id":14,"k":3,"d":3,"s":3},{"id":6,"k":2,"d":1,"s":2},{"id":1,"k":1,"d":1,"s":1},{"id":8,"k":1,"d":4,"s":1},{"id":10,"k":1,"d":3,"s":1},{"id":3,"k":0,"d":1,"s":0},{"id":4,"k":0,"d":1,"s":0},{"id":7,"k":0,"d":2,"s":0},{"id":13,"k":0,"d":5,"s":-3}]}}
{"t":"run","c":180,"n":540934,"h":"b33f96545f48641b"}
{"t":"round","n":403,"m":{"t":"round","phase":"playing","left":15411,"nato":7,"soviet":12,"board":[{"id":2,"k":4,"d":1,"s":4},{"id":14,"k":4,"d":3,"s":4},{"id":5,"k":3,"d":4,"s":3},{"id":9,"k":3,"d":2,"s":3},{"id":6,"k":2,"d":1,"s":2},{"id":1,"k":1,"d":1,"s":1},{"id":8,"k":1,"d":4,"s":1},{"id":10,"k":1,"d":3,"s":1},{"id":3,"k":0,"d":1,"s":0},{"id":4,"k":0,"d":1,"s":0},{"id":7,"k":0,"d":2,"s":0},{"id":13,"k":0,"d":5,"s":-3}]}}
{"t":"run","c":61,"n":188401,"h":"ace909a7f3907524"}
{"t":"round","n":403,"m":{"t":"round","phase":"playing","left":15293,"nato":7,"soviet":12,"board":[{"id":2,"k":4,"d":1,"s":4},{"id":14,"k":4,"d":3,"s":4},{"id":5,"k":3,"d":4,"s":3},{"id":9,"k":3,"d":2,"s":3},{"id":6,"k":2,"d":1,"s":2},{"id":1,"k":1,"d":1,"s":1},{"id":8,"k":1,"d":4,"s":1},{"id":10,"k":1,"d":3,"s":1},{"id":3,"k":0,"d":1,"s":0},{"id":4,"k":0,"d":1,"s":0},{"id":7,"k":0,"d":2,"s":0},{"id":13,"k":0,"d":6,"s":-4}]}}
{"t":"run","c":133,"n":419261,"h":"296529a30f684dbd"}
{"t":"round","n":403,"m":{"t":"round","phase":"playing","left":15035,"nato":8,"soviet":12,"board":[{"id":2,"k":4,"d":1,"s":4},{"id":14,"k":4,"d":3,"s":4},{"id":5,"k":3,"d":4,"s":3},{"id":9,"k":3,"d":2,"s":3},{"id":6,"k":2,"d":1,"s":2},{"id":1,"k":1,"d":1,"s":1},{"id":3,"k":1,"d":1,"s":1},{"id":8,"k":1,"d":4,"s":1},{"id":10,"k":1,"d":3,"s":1},{"id":4,"k":0,"d":2,"s":0},{"id":7,"k":0,"d":2,"s":0},{"id":13,"k":0,"d":6,"s":-4}]}}
{"t":"run","c":184,"n":577631,"h":"3661c637ad75b62a"}
{"t":"round","n":403,"m":{"t":"round","phase":"playing","left":14680,"nato":9,"soviet":12,"board":[{"id":2,"k":4,"d":2,"s":4},{"id":5,"k":4,"d":4,"s":4},{"id":14,"k":4,"d":3,"s":4},{"id":9,"k":3,"d":2,"s":3},{"id":6,"k":2,"d":1,"s":2},{"id":1,"k":1,"d":1,"s":1},{"id":3,"k":1,"d":1,"s":1},{"id":8,"k":1,"d":4,"s":1},{"id":10,"k":1,"d":3,"s":1},{"id":4,"k":0,"d":2,"s":0},{"id":7,"k":0,"d":2,"s":0},{"id":13,"k":0,"d":6,"s":-4}]}}
{"t":"run","c":113,"n":355240,"h":"7882ca02b5b8a69b"}
{"t":"round","n":403,"m":{"t":"round","phase":"playing","left":14460,"nato":9,"soviet":12,"board":[{"id":2,"k":4,"d":2,"s":4},{"id":5,"k":4,"d":4,"s":4},{"id":14,"k":4,"d":3,"s":4},{"id":9,"k":3,"d":2,"s":3},{"id":6,"k":2,"d":1,"s":2},{"id":1,"k":1,"d":1,"s":1},{"id":3,"k":1,"d":1,"s":1},{"id":8,"k":1,"d":4,"s":1},{"id":10,"k":1,"d":3,"s":1},{"id":4,"k":0,"d":2,"s":0},{"id":7,"k":0,"d":2,"s":0},{"id":13,"k":0,"d":7,"s":-5}]}}
{"t":"run","c":550,"n":1665162,"h":"ae9d834bce0898fa"}
{"t":"round","n":403,"m":{"t":"round","phase":"playing","left":13393,"nato":9,"soviet":13,"board":[{"id":2,"k":4,"d":2,"s":4},{"id":5,"k":4,"d":4,"s":4},{"id":14,"k":4,"d":3,"s":4},{"id":9,"k":3,"d":2,"s":3},{"id":6,"k":2,"d":1,"s":2},{"id":1,"k":1,"d":1,"s":1},{"id":3,"k":1,"d":1,"s":1},{"id":4,"k":1,"d":2,"s":1},{"id":8,"k":1,"d":4,"s":1},{"id":10,"k":1,"d":3,"s":1},{"id":7,"k":0,"d":3,"s":0},{"id":13,"k":0,"d":7,"s":-5}]}}
{"t":"run","c":893,"n":2674135,"h":"2d6b5a164f3f5b1f"}
{"t":"round","n":403,"m":{"t":"round","phase":"playing","left":11666,"nato":9,"soviet":13,"board":[{"id":2,"k":4,"d":2,"s":4},{"id":5,"k":4,"d":4,"s":4},{"id":14,"k":4,"d":3,"s":4},{"id":9,"k":3,"d":2,"s":3},{"id":6,"k":2,"d":1,"s":2},{"id":1,"k":1,"d":1,"s":1},{"id":3,"k":1,"d":1,"s":1},{"id":4,"k":1,"d":2,"s":1},{"id":8,"k":1,"d":4,"s":1},{"id":10,"k":1,"d":3,"s":1},{"id":7,"k":0,"d":3,"s":0},{"id":13,"k":0,"d":8,"s":-6}]}}
{"t":"run","c":899,"n":2670447,"h":"082fbd033319cead"}
{"t":"round","n":402,"m":{"t":"round","phase":"playing","left":9926,"nato":9,"soviet":14,"board":[{"id":2,"k":4,"d":2,"s":4},{"id":5,"k":4,"d":4,"s":4},{"id":14,"k":4,"d":3,"s":4},{"id":6,"k":3,"d":1,"s":3},{"id":9,"k":3,"d":2,"s":3},{"id":1,"k":1,"d":1,"s":1},{"id":3,"k":1,"d":2,"s":1},{"id":4,"k":1,"d":2,"s":1},{"id":8,"k":1,"d":4,"s":1},{"id":10,"k":1,"d":3,"s":1},{"id":7,"k":0,"d":3,"s":0},{"id":13,"k":0,"d":8,"s":-6}]}}
{"t":"run","c":134,"n":401236,"h":"cb06a2d808955226"}
{"t":"round","n":402,"m":{"t":"round","phase":"playing","left":9666,"nato":9,"soviet":15,"board":[{"id":2,"k":4,"d":2,"s":4},{"id":5,"k":4,"d":5,"s":4},{"id":14,"k":4,"d":3,"s":4},{"id":6,"k":3,"d":1,"s":3},{"id":9,"k":3,"d":2,"s":3},{"id":10,"k":2,"d":3,"s":2},{"id":1,"k":1,"d":1,"s":1},{"id":3,"k":1,"d":2,"s":1},{"id":4,"k":1,"d":2,"s":1},{"id":8,"k":1,"d":4,"s":1},{"id":7,"k":0,"d":3,"s":0},{"id":13,"k":0,"d":8,"s":-6}]}}
{"t":"run","c":335,"n":1068838,"h":"84cd35e3a6904dd6"}
{"t":"round","n":402,"m":{"t":"round","phase":"playing","left":9018,"nato":9,"soviet":16,"board":[{"id":2,"k":4,"d":2,"s":4},{"id":5,"k":4,"d":5,"s":4},{"id":14,"k":4,"d":3,"s":4},{"id":6,"k":3,"d":1,"s":3},{"id":9,"k":3,"d":3,"s":3},{"id":8,"k":2,"d":4,"s":2},{"id":10,"k":2,"d":3,"s":2},{"id":1,"k":1,"d":1,"s":1},{"id":3,"k":1,"d":2,"s":1},{"id":4,"k":1,"d":2,"s":1},{"id":7,"k":0,"d":3,"s":0},{"id":13,"k":0,"d":8,"s":-6}]}}
{"t":"run","c":71,"n":225550,"h":"012eec82516189f3"}
{"t":"round","n":403,"m":{"t":"round","phase":"playing","left":8880,"nato":10,"soviet":16,"board":[{"id":5,"k":5,"d":5,"s":5},{"id":2,"k":4,"d":2,"s":4},{"id":14,"k":4,"d":3,"s":4},{"id":6,"k":3,"d":1,"s":3},{"id":9,"k":3,"d":3,"s":3},{"id":8,"k":2,"d":4,"s":2},{"id":10,"k":2,"d":4,"s":2},{"id":1,"k":1,"d":1,"s":1},{"id":3,"k":1,"d":2,"s":1},{"id":4,"k":1,"d":2,"s":1},{"id":7,"k":0,"d":3,"s":0},{"id":13,"k":0,"d":8,"s":-6}]}}
{"t":"run","c":168,"n":528199,"h":"94dc19f70f2c9056"}
{"t":"round","n":403,"m":{"t":"round","phase":"playing","left":8553,"nato":10,"soviet":16,"board":[{"id":5,"k":5,"d":5,"s":5},{"id":2,"k":4,"d":2,"s":4},{"id":14,"k":4,"d":3,"s":4},{"id":6,"k":3,"d":1,"s":3},{"id":9,"k":3,"d":3,"s":3},{"id":8,"k":2,"d":4,"s":2},{"id":10,"k":2,"d":4,"s":2},{"id":1,"k":1,"d":1,"s":1},{"id":3,"k":1,"d":2,"s":1},{"id":4,"k":1,"d":2,"s":1},{"id":7,"k":0,"d":3,"s":0},{"id":13,"k":0,"d":9,"s":-7}]}}
{"t":"run","c":213,"n":662092,"h":"8fac25044423c341"}
{"t":"round","n":403,"m":{"t":"round","phase":"playing","left":8142,"nato":10,"soviet":17,"board":[{"id":5,"k":5,"d":5,"s":5},{"id":2,"k":4,"d":2,"s":4},{"id":14,"k":4,"d":3,"s":4},{"id":6,"k":3,"d":1,"s":3},{"id":9,"k":3,"d":3,"s":3},{"id":10,"k":3,"d":4,"s":3},{"id":8,"k":2,"d":4,"s":2},{"id":1,"k":1,"d":1,"s":1},{"id":3,"k":1,"d":2,"s":1},{"id":4,"k":1,"d":2,"s":1},{"id":7,"k":0,"d":4,"s":0},{"id":13,"k":0,"d":9,"s":-7}]}}
{"t":"run","c":457,"n":1412143,"h":"722462e8b950cc4f"}
{"t":"round","n":403,"m":{"t":"round","phase":"playing","left":7257,"nato":11,"soviet":17,"board":[{"id":5,"k":5,"d":5,"s":5},{"id":2,"k":4,"d":2,"s":4},{"id":14,"k":4,"d":3,"s":4},{"id":6,"k":3,"d":1,"s":3},{"id":9,"k":3,"d":3,"s":3},{"id":10,"k":3,"d":4,"s":3},{"id":8,"k":2,"d":4,"s":2},{"id":1,"k":1,"d":1,"s":1},{"id":3,"k":1,"d":2,"s":1},{"id":4,"k":1,"d":3,"s":1},{"id":7,"k":1,"d":4,"s":1},{"id":13,"k":0,"d":9,"s":-7}]}}
{"t":"run","c":149,"n":464978,"h":"a007e8c9e29c6640"}
{"t":"round","n":403,"m":{"t":"round","phase":"playing","left":6967,"nato":11,"soviet":18,"board":[{"id":5,"k":5,"d":6,"s":5},{"id":2,"k":4,"d":2,"s":4},{"id":6,"k":4,"d":1,"s":4},{"id":14,"k":4,"d":3,"s":4},{"id":9,"k":3,"d":3,"s":3},{"id":10,"k":3,"d":4,"s":3},{"id":8,"k":2,"d":4,"s":2},{"id":1,"k":1,"d":1,"s":1},{"id":3,"k":1,"d":2,"s":1},{"id":4,"k":1,"d":3,"s":1},{"id":7,"k":1,"d":4,"s":1},{"id":13,"k":0,"d":9,"s":-7}]}}
{"t":"run","c":130,"n":413539,"h":"e38563e5f9731a40"}
{"t":"round","n":404,"m":{"t":"round","phase":"playing","left":6718,"nato":11,"soviet":19,"board":[{"id":5,"k":5,"d":6,"s":5},{"id":2,"k":4,"d":2,"s":4},{"id":6,"k":4,"d":1,"s":4},{"id":14,"k":4,"d":3,"s":4},{"id":9,"k":3,"d":3,"s":3},{"id":10,"k":3,"d":4,"s":3},{"id":4,"k":2,"d":3,"s":2},{"id":8,"k":2,"d":4,"s":2},{"id":1,"k":1,"d":1,"s":1},{"id":3,"k":1,"d":2,"s":1},{"id":7,"k":1,"d":4,"s":1},{"id":13,"k":0,"d":10,"s":-7}]}}
{"t":"run","c":168,"n":516375,"h":"51e84622d4af4b3f"}
{"t":"round","n":404,"m":{"t":"round","phase":"playing","left":6392,"nato":11,"soviet":20,"board":[{"id":5,"k":5,"d":6,"s":5},{"id":6,"k":5,"d":1,"s":5},{"id":2,"k":4,"d":2,"s":4},{"id":14,"k":4,"d":3,"s":4},{"id":9,"k":3,"d":3,"s":3},{"id":10,"k":3,"d":4,"s":3},{"id":4,"k":2,"d":3,"s":2},{"id":8,"k":2,"d":4,"s":2},{"id":1,"k":1,"d":1,"s":1},{"id":3,"k":1,"d":2,"s":1},{"id":7,"k":1,"d":5,"s":1},{"id":13,"k":0,"d":10,"s":-7}]}}
{"t":"run","c":236,"n":719470,"h":"afd18308121d9a3c"}
{"t":"round","n":404,"m":{"t":"round","phase":"playing","left":5936,"nato":12,"soviet":20,"board":[{"id":5,"k":5,"d":6,"s":5},{"id":6,"k":5,"d":1,"s":5},{"id":2,"k":4,"d":2,"s":4},{"id":9,"k":4,"d":3,"s":4},{"id":14,"k":4,"d":3,"s":4},{"id":10,"k":3,"d":5,"s":3},{"id":4,"k":2,"d":3,"s":2},{"id":8,"k":2,"d":4,"s":2},{"id":1,"k":1,"d":1,"s":1},{"id":3,"k":1,"d":2,"s":1},{"id":7,"k":1,"d":5,"s":1},{"id":13,"k":0,"d":10,"s":-7}]}}
{"t":"run","c":108,"n":317298,"h":"94f62508069ebec3"}
{"t":"round","n":404,"m":{"t":"round","phase":"playing","left":5725,"nato":12,"soviet":21,"board":[{"id":5,"k":5,"d":6,"s":5},{"id":6,"k":5,"d":1,"s":5},{"id":2,"k":4,"d":2,"s":4},{"id":9,"k":4,"d":4,"s":4},{"id":14,"k":4,"d":3,"s":4},{"id":4,"k":3,"d":3,"s":3},{"id":10,"k":3,"d":5,"s":3},{"id":8,"k":2,"d":4,"s":2},{"id":1,"k":1,"d":1,"s":1},{"id":3,"k":1,"d":2,"s":1},{"id":7,"k":1,"d":5,"s":1},{"id":13,"k":0,"d":10,"s":-7}]}}
{"t":"run","c":405,"n":1253886,"h":"cf25b833b6fcaaf2"}
{"t":"round","n":404,"m":{"t":"round","phase":"playing","left":4942,"nato":13,"soviet":21,"board":[{"id":5,"k":6,"d":6,"s":6},{"id":6,"k":5,"d":1,"s":5},{"id":2,"k":4,"d":2,"s":4},{"id":9,"k":4,"d":4,"s":4},{"id":14,"k":4,"d":3,"s":4},{"id":4,"k":3,"d":3,"s":3},{"id":10,"k":3,"d":5,"s":3},{"id":8,"k":2,"d":5,"s":2},{"id":1,"k":1,"d":1,"s":1},{"id":3,"k":1,"d":2,"s":1},{"id":7,"k":1,"d":5,"s":1},{"id":13,"k":0,"d":10,"s":-7}]}}
{"t":"run","c":45,"n":140816,"h":"d1d2e0cea23b7c29"}
{"t":"round","n":404,"m":{"t":"round","phase":"playing","left":4856,"nato":13,"soviet":22,"board":[{"id":5,"k":6,"d":6,"s":6},{"id":6,"k":5,"d":1,"s":5},{"id":2,"k":4,"d":2,"s":4},{"id":9,"k":4,"d":4,"s":4},{"id":10,"k":4,"d":5,"s":4},{"id":14,"k":4,"d":3,"s":4},{"id":4,"k":3,"d":3,"s":3},{"id":8,"k":2,"d":5,"s":2},{"id":1,"k":1,"d":1,"s":1},{"id":3,"k":1,"d":2,"s":1},{"id":7,"k":1,"d":5,"s":1},{"id":13,"k":0,"d":11,"s":-7}]}}
{"t":"run","c":217,"n":697424,"h":"6b92e14205522242"}
{"t":"round","n":404,"m":{"t":"round","phase":"playing","left":4436,"nato":14,"soviet":22,"board":[{"id":5,"k":6,"d":6,"s":6},{"id":6,"k":5,"d":1,"s":5},{"id":9,"k":5,"d":4,"s":5},{"id":2,"k":4,"d":2,"s":4},{"id":10,"k":4,"d":5,"s":4},{"id":14,"k":4,"d":4,"s":4},{"id":4,"k":3,"d":3,"s":3},{"id":8,"k":2,"d":5,"s":2},{"id":1,"k":1,"d":1,"s":1},{"id":3,"k":1,"d":2,"s":1},{"id":7,"k":1,"d":5,"s":1},{"id":13,"k":0,"d":11,"s":-7}]}}
{"t":"run","c":51,"n":181266,"h":"6b0dc1b2f8f5bc9a"}
{"t":"round","n":404,"m":{"t":"round","phase":"playing","left":4336,"nato":15,"soviet":22,"board":[{"id":5,"k":7,"d":6,"s":7},{"id":6,"k":5,"d":2,"s":5},{"id":9,"k":5,"d":4,"s":5},{"id":2,"k":4,"d":2,"s":4},{"id":10,"k":4,"d":5,"s":4},{"id":14,"k":4,"d":4,"s":4},{"id":4,"k":3,"d":3,"s":3},{"id":8,"k":2,"d":5,"s":2},{"id":1,"k":1,"d":1,"s":1},{"id":3,"k":1,"d":2,"s":1},{"id":7,"k":1,"d":5,"s":1},{"id":13,"k":0,"d":11,"s":-7}]}}
{"t":"run","c":142,"n":468831,"h":"caad1d989fe6c238"}
{"t":"round","n":404,"m":{"t":"round","phase":"playing","left":4061,"nato":16,"soviet":23,"board":[{"id":5,"k":7,"d":6,"s":7},{"id":2,"k":5,"d":3,"s":5},{"id":6,"k":5,"d":2,"s":5},{"id":9,"k":5,"d":4,"s":5},{"id":10,"k":4,"d":5,"s":4},{"id":14,"k":4,"d":4,"s":4},{"id":4,"k":3,"d":3,"s":3},{"id":7,"k":2,"d":6,"s":2},{"id":8,"k":2,"d":5,"s":2},{"id":1,"k":1,"d":1,"s":1},{"id":3,"k":1,"d":2,"s":1},{"id":13,"k":0,"d":11,"s":-7}]}}
{"t":"run","c":852,"n":2572443,"h":"7793b3befd7bb1c7"}
{"t":"round","n":404,"m":{"t":"round","phase":"playing","left":2412,"nato":16,"soviet":24,"board":[{"id":5,"k":7,"d":6,"s":7},{"id":6,"k":6,"d":2,"s":6},{"id":2,"k":5,"d":3,"s":5},{"id":9,"k":5,"d":5,"s":5},{"id":10,"k":4,"d":5,"s":4},{"id":14,"k":4,"d":4,"s":4},{"id":4,"k":3,"d":3,"s":3},{"id":7,"k":2,"d":6,"s":2},{"id":8,"k":2,"d":5,"s":2},{"id":1,"k":1,"d":1,"s":1},{"id":3,"k":1,"d":2,"s":1},{"id":13,"k":0,"d":11,"s":-7}]}}
{"t":"run","c":14,"n":40817,"h":"a3341d5b3e1fc387"}
{"t":"round","n":433,"m":{"t":"round","phase":"ended","left":600,"winner":"Sovyet","nato":17,"soviet":25,"board":[{"id":5,"k":7,"d":6,"s":7},{"id":6,"k":6,"d":2,"s":6},{"id":2,"k":5,"d":3,"s":5},{"id":9,"k":5,"d":5,"s":5},{"id":14,"k":5,"d":5,"s":5},{"id":10,"k":4,"d":5,"s":4},{"id":4,"k":3,"d":3,"s":3},{"id":3,"k":2,"d":3,"s":2},{"id":7,"k":2,"d":6,"s":2},{"id":8,"k":2,"d":5,"s":2},{"id":1,"k":1,"d":1,"s":1},{"id":13,"k":0,"d":11,"s":-7}],"wt":"soviet"}}
{"t":"run","c":86,"n":262838,"h":"024ebbe5a0a8e8be"}
{"t":"players","n":790,"m":{"t":"players","list":[{"id":1,"name":"Maverick","team":"nato","kind":"f16","bot":true},{"id":2,"name":"Iceman","team":"soviet","kind":"mig29","bot":true},{"id":3,"name":"Viper","team":"nato","kind":"f15","bot":true},{"id":4,"name":"Goose","team":"soviet","kind":"su27","bot":true},{"id":5,"name":"Ivan","team":"nato","kind":"f16","bot":true},{"id":6,"name":"Sokol","team":"soviet","kind":"mig29","bot":true},{"id":7,"name":"Berkut","team":"nato","kind":"f15","bot":true},{"id":8,"name":"Yastreb","team":"soviet","kind":"su27","bot":true},{"id":10,"name":"Raven","team":"soviet","kind":"mig29","bot":true},{"id":13,"name":"a","team":"nato","kind":"f16","bot":false},{"id":14,"name":"b","team":"soviet","kind":"su27","bot":false},{"id":15,"name":"c","team":"nato","kind":"f16","bot":false}]}}
{"t":"players","n":790,"m":{"t":"players","list":[{"id":1,"name":"Maverick","team":"nato","kind":"f16","bot":true},{"id":2,"name":"Iceman","team":"soviet","kind":"mig29","bot":true},{"id":3,"name":"Viper","team":"nato","kind":"f15","bot":true},{"id":4,"name":"Goose","team":"soviet","kind":"su27","bot":true},{"id":5,"name":"Ivan","team":"nato","kind":"f16","bot":true},{"id":6,"name":"Sokol","team":"soviet","kind":"mig29","bot":true},{"id":7,"name":"Berkut","team":"nato","kind":"f15","bot":true},{"id":8,"name":"Yastreb","team":"soviet","kind":"su27","bot":true},{"id":10,"name":"Raven","team":"soviet","kind":"mig29","bot":true},{"id":13,"name":"a","team":"nato","kind":"f16","bot":false},{"id":14,"name":"b","team":"soviet","kind":"su27","bot":false},{"id":15,"name":"c","team":"nato","kind":"f16","bot":false}]}}
{"t":"round","n":434,"m":{"t":"round","phase":"ended","left":434,"winner":"Sovyet","nato":17,"soviet":25,"board":[{"id":5,"k":7,"d":6,"s":7},{"id":6,"k":6,"d":2,"s":6},{"id":2,"k":5,"d":3,"s":5},{"id":14,"k":5,"d":5,"s":5},{"id":10,"k":4,"d":5,"s":4},{"id":4,"k":3,"d":3,"s":3},{"id":3,"k":2,"d":3,"s":2},{"id":7,"k":2,"d":6,"s":2},{"id":8,"k":2,"d":5,"s":2},{"id":1,"k":1,"d":1,"s":1},{"id":15,"k":0,"d":0,"s":0},{"id":13,"k":0,"d":11,"s":-7}],"wt":"soviet"}}
{"t":"run","c":224,"n":613240,"h":"e336ecf0ae139a20"}
{"t":"round","n":402,"m":{"t":"round","phase":"playing","left":28800,"nato":0,"soviet":0,"board":[{"id":1,"k":0,"d":0,"s":0},{"id":2,"k":0,"d":0,"s":0},{"id":3,"k":0,"d":0,"s":0},{"id":4,"k":0,"d":0,"s":0},{"id":5,"k":0,"d":0,"s":0},{"id":6,"k":0,"d":0,"s":0},{"id":7,"k":0,"d":0,"s":0},{"id":8,"k":0,"d":0,"s":0},{"id":10,"k":0,"d":0,"s":0},{"id":13,"k":0,"d":0,"s":0},{"id":14,"k":0,"d":0,"s":0},{"id":15,"k":0,"d":0,"s":0}]}}
{"t":"run","c":334,"n":1053111,"h":"2b155e579e93afbc"}
{"t":"close","n":13,"m":{"t":"close"}}
## a.ev
{"t":"spawn","n":29,"m":{"k":"spawn","tick":1,"a":13}}
{"t":"lock","n":37,"m":{"k":"lock","tick":1700,"a":6,"b":13}}
{"t":"mlaunch","n":53,"m":{"k":"mlaunch","tick":1705,"a":16777229,"b":13,"o":6}}
{"t":"hit","n":70,"m":{"k":"hit","tick":1738,"a":13,"b":6,"val":6,"w":"cannon","z":"engine"}}
{"t":"hit","n":57,"m":{"k":"hit","tick":1759,"a":13,"b":6,"val":6,"w":"cannon"}}
{"t":"hit","n":57,"m":{"k":"hit","tick":1763,"a":13,"b":6,"val":6,"w":"cannon"}}
{"t":"mlaunch","n":53,"m":{"k":"mlaunch","tick":1765,"a":16777230,"b":13,"o":6}}
{"t":"hit","n":57,"m":{"k":"hit","tick":1767,"a":13,"b":6,"val":6,"w":"cannon"}}
{"t":"hit","n":57,"m":{"k":"hit","tick":1772,"a":13,"b":6,"val":6,"w":"cannon"}}
{"t":"hit","n":57,"m":{"k":"hit","tick":1788,"a":13,"b":6,"val":6,"w":"cannon"}}
{"t":"hit","n":57,"m":{"k":"hit","tick":1796,"a":13,"b":6,"val":6,"w":"cannon"}}
{"t":"hit","n":57,"m":{"k":"hit","tick":1800,"a":13,"b":6,"val":6,"w":"cannon"}}
{"t":"hit","n":74,"m":{"k":"hit","tick":1953,"a":13,"b":6,"val":70,"w":"missile","z":"avionics"}}
{"t":"kill","n":51,"m":{"k":"kill","tick":1953,"a":13,"b":6,"w":"missile"}}
{"t":"spawn","n":32,"m":{"k":"spawn","tick":2133,"a":13}}
{"t":"lock","n":44,"m":{"k":"lock","tick":2662,"a":13,"b":4,"mk":1}}
{"t":"mlaunch","n":60,"m":{"k":"mlaunch","tick":2663,"a":16777237,"b":4,"o":13,"mk":1}}
{"t":"hit","n":57,"m":{"k":"hit","tick":2695,"a":13,"b":8,"val":6,"w":"cannon"}}
{"t":"hit","n":57,"m":{"k":"hit","tick":2699,"a":13,"b":8,"val":6,"w":"cannon"}}
{"t":"hit","n":57,"m":{"k":"hit","tick":2704,"a":13,"b":8,"val":6,"w":"cannon"}}
{"t":"hit","n":57,"m":{"k":"hit","tick":2709,"a":13,"b":8,"val":6,"w":"cannon"}}
{"t":"hit","n":57,"m":{"k":"hit","tick":2713,"a":13,"b":8,"val":6,"w":"cannon"}}
{"t":"hit","n":57,"m":{"k":"hit","tick":2718,"a":13,"b":8,"val":6,"w":"cannon"}}
{"t":"hit","n":57,"m":{"k":"hit","tick":2722,"a":13,"b":8,"val":6,"w":"cannon"}}
{"t":"hit","n":57,"m":{"k":"hit","tick":2727,"a":13,"b":8,"val":6,"w":"cannon"}}
{"t":"hit","n":57,"m":{"k":"hit","tick":2736,"a":13,"b":8,"val":6,"w":"cannon"}}
{"t":"hit","n":57,"m":{"k":"hit","tick":2740,"a":13,"b":8,"val":6,"w":"cannon"}}
{"t":"decoy","n":51,"m":{"k":"decoy","tick":2784,"a":16777237,"b":4,"o":13}}
{"t":"hit","n":72,"m":{"k":"hit","tick":2833,"a":13,"b":8,"val":6,"w":"cannon","z":"controls"}}
{"t":"hit","n":57,"m":{"k":"hit","tick":2846,"a":13,"b":8,"val":6,"w":"cannon"}}
{"t":"hit","n":57,"m":{"k":"hit","tick":2850,"a":13,"b":8,"val":6,"w":"cannon"}}
{"t":"hit","n":57,"m":{"k":"hit","tick":2855,"a":13,"b":8,"val":6,"w":"cannon"}}
{"t":"hit","n":57,"m":{"k":"hit","tick":2864,"a":13,"b":8,"val":6,"w":"cannon"}}
{"t":"kill","n":50,"m":{"k":"kill","tick":2864,"a":13,"b":8,"w":"cannon"}}
{"t":"spawn","n":32,"m":{"k":"spawn","tick":3044,"a":13}}
{"t":"lock","n":44,"m":{"k":"lock","tick":3480,"a":13,"b":2,"mk":1}}
{"t":"mlaunch","n":60,"m":{"k":"mlaunch","tick":3481,"a":16777239,"b":2,"o":13,"mk":1}}
{"t":"decoy","n":51,"m":{"k":"decoy","tick":3540,"a":16777239,"b":2,"o":13}}
{"t":"hit","n":52,"m":{"k":"hit","tick":5270,"a":13,"val":10,"w":"bounds"}}
{"t":"hit","n":52,"m":{"k":"hit","tick":5330,"a":13,"val":10,"w":"bounds"}}
{"t":"hit","n":52,"m":{"k":"hit","tick":5390,"a":13,"val":10,"w":"bounds"}}
{"t":"hit","n":52,"m":{"k":"hit","tick":5450,"a":13,"val":10,"w":"bounds"}}
{"t":"hit","n":52,"m":{"k":"hit","tick":5510,"a":13,"val":10,"w":"bounds"}}
{"t":"hit","n":52,"m":{"k":"hit","tick":5570,"a":13,"val":10,"w":"bounds"}}
{"t":"hit","n":52,"m":{"k":"hit","tick":5630,"a":13,"val":10,"w":"bounds"}}
{"t":"hit","n":52,"m":{"k":"hit","tick":5690,"a":13,"val":10,"w":"bounds"}}
{"t":"hit","n":52,"m":{"k":"hit","tick":5750,"a":13,"val":10,"w":"bounds"}}
{"t":"kill","n":44,"m":{"k":"kill","tick":5750,"a":13,"w":"bounds"}}
{"t":"spawn","n":32,"m":{"k":"spawn","tick":5930,"a":13}}
{"t":"hit","n":52,"m":{"k":"hit","tick":8062,"a":13,"val":10,"w":"bounds"}}
{"t":"hit","n":52,"m":{"k":"hit","tick":8122,"a":13,"val":10,"w":"bounds"}}
{"t":"hit","n":52,"m":{"k":"hit","tick":8182,"a":13,"val":10,"w":"bounds"}}
{"t":"hit","n":52,"m":{"k":"hit","tick":8242,"a":13,"val":10,"w":"bounds"}}
{"t":"hit","n":52,"m":{"k":"hit","tick":8302,"a":13,"val":10,"w":"bounds"}}
{"t":"hit","n":52,"m":{"k":"hit","tick":8362,"a":13,"val":10,"w":"bounds"}}
{"t":"hit","n":52,"m":{"k":"hit","tick":8422,"a":13,"val":10,"w":"bounds"}}
{"t":"hit","n":52,"m":{"k":"hit","tick":8482,"a":13,"val":10,"w":"bounds"}}
{"t":"hit","n":52,"m":{"k":"hit","tick":8542,"a":13,"val":10,"w":"bounds"}}
{"t":"kill","n":44,"m":{"k":"kill","tick":8542,"a":13,"w":"bounds"}}
{"t":"spawn","n":32,"m":{"k":"spawn","tick":8722,"a":13}}
{"t":"lock","n":44,"m":{"k":"lock","tick":9307,"a":13,"b":2,"mk":1}}
{"t":"mlaunch","n":60,"m":{"k":"mlaunch","tick":9309,"a":16777266,"b":2,"o":13,"mk":1}}
{"t":"decoy","n":51,"m":{"k":"decoy","tick":9368,"a":16777266,"b":2,"o":13}}
{"t":"lock","n":45,"m":{"k":"lock","tick":10273,"a":4,"b":13,"mk":1}}
{"t":"mlaunch","n":61,"m":{"k":"mlaunch","tick":10275,"a":16777280,"b":13,"o":4,"mk":1}}
{"t":"hit","n":73,"m":{"k":"hit","tick":10559,"a":13,"b":4,"val":50,"w":"missile","z":"engine"}}
{"t":"hit","n":53,"m":{"k":"hit","tick":10978,"a":13,"val":10,"w":"bounds"}}
{"t":"hit","n":53,"m":{"k":"hit","tick":11038,"a":13,"val":10,"w":"bounds"}}
{"t":"hit","n":53,"m":{"k":"hit","tick":11098,"a":13,"val":10,"w":"bounds"}}
{"t":"hit","n":53,"m":{"k":"hit","tick":11158,"a":13,"val":10,"w":"bounds"}}
{"t":"kill","n":45,"m":{"k":"kill","tick":11158,"a":13,"w":"bounds"}}
{"t":"spawn","n":33,"m":{"k":"spawn","tick":11338,"a":13}}
{"t":"hit","n":53,"m":{"k":"hit","tick":13027,"a":13,"val":10,"w":"bounds"}}
{"t":"hit","n":53,"m":{"k":"hit","tick":13087,"a":13,"val":10,"w":"bounds"}}
{"t":"hit","n":53,"m":{"k":"hit","tick":13147,"a":13,"val":10,"w":"bounds"}}
{"t":"hit","n":53,"m":{"k":"hit","tick":13207,"a":13,"val":10,"w":"bounds"}}
{"t":"hit","n":53,"m":{"k":"hit","tick":13267,"a":13,"val":10,"w":"bounds"}}
{"t":"hit","n":53,"m":{"k":"hit","tick":13327,"a":13,"val":10,"w":"bounds"}}
{"t":"hit","n":53,"m":{"k":"hit","tick":13387,"a":13,"val":10,"w":"bounds"}}
{"t":"hit","n":53,"m":{"k":"hit","tick":13447,"a":13,"val":10,"w":"bounds"}}
{"t":"hit","n":53,"m":{"k":"hit","tick":13507,"a":13,"val":10,"w":"bounds"}}
{"t":"kill","n":45,"m":{"k":"kill","tick":13507,"a":13,"w":"bounds"}}
{"t":"spawn","n":33,"m":{"k":"spawn","tick":13687,"a":13}}
{"t":"lock","n":39,"m":{"k":"lock","tick":13896,"a":10,"b":13}}
{"t":"hit","n":59,"m":{"k":"hit","tick":13896,"a":13,"b":10,"val":6,"w":"cannon"}}
{"t":"mlaunch","n":55,"m":{"k":"mlaunch","tick":13899,"a":16777313,"b":13,"o":10}}
{"t":"hit","n":59,"m":{"k":"hit","tick":13899,"a":13,"b":10,"val":6,"w":"cannon"}}
{"t":"hit","n":59,"m":{"k":"hit","tick":13904,"a":13,"b":10,"val":6,"w":"cannon"}}
{"t":"hit","n":74,"m":{"k":"hit","tick":13948,"a":13,"b":10,"val":70,"w":"missile","z":"engine"}}
{"t":"kill","n":44,"m":{"k":"kill","tick":14340,"a":13,"w":"crash"}}
{"t":"spawn","n":33,"m":{"k":"spawn","tick":14520,"a":13}}
{"t":"hit","n":53,"m":{"k":"hit","tick":16654,"a":13,"val":10,"w":"bounds"}}
{"t":"hit","n":53,"m":{"k":"hit","tick":16714,"a":13,"val":10,"w":"bounds"}}
{"t":"hit","n":53,"m":{"k":"hit","tick":16774,"a":13,"val":10,"w":"bounds"}}
{"t":"hit","n":53,"m":{"k":"hit","tick":16834,"a":13,"val":10,"w":"bounds"}}
{"t":"hit","n":53,"m":{"k":"hit","tick":16894,"a":13,"val":10,"w":"bounds"}}
{"t":"hit","n":53,"m":{"k":"hit","tick":16954,"a":13,"val":10,"w":"bounds"}}
{"t":"hit","n":53,"m":{"k":"hit","tick":17014,"a":13,"val":10,"w":"bounds"}}
{"t":"hit","n":53,"m":{"k":"hit","tick":17074,"a":13,"val":10,"w":"bounds"}}
{"t":"hit","n":53,"m":{"k":"hit","tick":17134,"a":13,"val":10,"w":"bounds"}}
{"t":"kill","n":45,"m":{"k":"kill","tick":17134,"a":13,"w":"bounds"}}
{"t":"spawn","n":33,"m":{"k":"spawn","tick":17314,"a":13}}
{"t":"lock","n":46,"m":{"k":"lock","tick":17464,"a":13,"b":10,"mk":1}}
{"t":"mlaunch","n":62,"m":{"k":"mlaunch","tick":17465,"a":16777333,"b":10,"o":13,"mk":1}}
{"t":"decoy","n":53,"m":{"k":"decoy","tick":17559,"a":16777333,"b":10,"o":13}}
{"t":"hit","n":53,"m":{"k":"hit","tick":19767,"a":13,"val":10,"w":"bounds"}}
{"t":"hit","n":53,"m":{"k":"hit","tick":19827,"a":13,"val":10,"w":"bounds"}}
{"t":"hit","n":53,"m":{"k":"hit","tick":19887,"a":13,"val":10,"w":"bounds"}}
{"t":"hit","n":53,"m":{"k":"hit","tick":19947,"a":13,"val":10,"w":"bounds"}}
{"t":"hit","n":53,"m":{"k":"hit","tick":20007,"a":13,"val":10,"w":"bounds"}}
{"t":"hit","n":53,"m":{"k":"hit","tick":20067,"a":13,"val":10,"w":"bounds"}}
{"t":"hit","n":53,"m":{"k":"hit","tick":20127,"a":13,"val":10,"w":"bounds"}}
{"t":"hit","n":53,"m":{"k":"hit","tick":20187,"a":13,"val":10,"w":"bounds"}}
{"t":"hit","n":53,"m":{"k":"hit","tick":20247,"a":13,"val":10,"w":"bounds"}}
{"t":"kill","n":45,"m":{"k":"kill","tick":20247,"a":13,"w":"bounds"}}
{"t":"spawn","n":33,"m":{"k":"spawn","tick":20427,"a":13}}
{"t":"lock","n":45,"m":{"k":"lock","tick":21297,"a":8,"b":13,"mk":1}}
{"t":"mlaunch","n":61,"m":{"k":"mlaunch","tick":21299,"a":16777357,"b":13,"o":8,"mk":1}}
{"t":"decoy","n":52,"m":{"k":"decoy","tick":21358,"a":16777357,"b":13,"o":8}}
{"t":"lock","n":38,"m":{"k":"lock","tick":21413,"a":8,"b":13}}
{"t":"mlaunch","n":54,"m":{"k":"mlaunch","tick":21419,"a":16777360,"b":13,"o":8}}
{"t":"hit","n":75,"m":{"k":"hit","tick":21657,"a":13,"b":8,"val":70,"w":"missile","z":"controls"}}
{"t":"lock","n":38,"m":{"k":"lock","tick":21924,"a":4,"b":13}}
{"t":"mlaunch","n":54,"m":{"k":"mlaunch","tick":21927,"a":16777364,"b":13,"o":4}}
{"t":"mlaunch","n":54,"m":{"k":"mlaunch","tick":21987,"a":16777366,"b":13,"o":4}}
{"t":"hit","n":73,"m":{"k":"hit","tick":22082,"a":13,"b":4,"val":70,"w":"missile","z":"engine"}}
{"t":"kill","n":52,"m":{"k":"kill","tick":22082,"a":13,"b":4,"w":"missile"}}
{"t":"spawn","n":33,"m":{"k":"spawn","tick":22262,"a":13}}
{"t":"lock","n":39,"m":{"k":"lock","tick":23610,"a":10,"b":13}}
{"t":"mlaunch","n":55,"m":{"k":"mlaunch","tick":23613,"a":16777373,"b":13,"o":10}}
{"t":"mlaunch","n":55,"m":{"k":"mlaunch","tick":23673,"a":16777374,"b":13,"o":10}}
{"t":"lock","n":45,"m":{"k":"lock","tick":23832,"a":4,"b":13,"mk":1}}
{"t":"mlaunch","n":61,"m":{"k":"mlaunch","tick":23835,"a":16777377,"b":13,"o":4,"mk":1}}
{"t":"hit","n":61,"m":{"k":"hit","tick":23872,"a":13,"b":10,"val":70,"w":"missile"}}
{"t":"hit","n":76,"m":{"k":"hit","tick":23944,"a":13,"b":10,"val":70,"w":"missile","z":"controls"}}
{"t":"kill","n":53,"m":{"k":"kill","tick":23944,"a":13,"b":10,"w":"missile"}}
{"t":"spawn","n":33,"m":{"k":"spawn","tick":24124,"a":13}}
{"t":"hit","n":53,"m":{"k":"hit","tick":26410,"a":13,"val":10,"w":"bounds"}}
{"t":"spawn","n":33,"m":{"k":"spawn","tick":27015,"a":13}}
## b
{"t":"welcome","n":46791,"h":"7f519da1b5690c5d","p":"{\"t\":\"welcome\",\"you\":14,\"code\":\"GOLD\",\"mode\":\"team\",\"aircraft\":[{\"kind\":\"f16\",\"name\":\"F-16\",\"team\":\"nato\",\"maxHP\":90,\"maxSpeed\":230,\"maxSpeedAB\":290,\"accel\":48,"}
{"t":"players","n":793,"m":{"t":"players","list":[{"id":1,"name":"Maverick","team":"nato","kind":"f16","bot":true},{"id":2,"name":"Iceman","team":"soviet","kind":"mig29","bot":true},{"id":3,"name":"Viper","team":"nato","kind":"f15","bot":true},{"id":4,"name":"Goose","team":"soviet","kind":"su27","bot":true},{"id":5,"name":"Ivan","team":"nato","kind":"f16","bot":true},{"id":6,"name":"Sokol","team":"soviet","kind":"mig29","bot":true},{"id":7,"name":"Berkut","team":"nato","kind":"f15","bot":true},{"id":8,"name":"Yastreb","team":"soviet","kind":"su27","bot":true},{"id":9,"name":"Ghost","team":"nato","kind":"f16","bot":true},{"id":10,"name":"Raven","team":"soviet","kind":"mig29","bot":true},{"id":13,"name":"a","team":"nato","kind":"f16","bot":false},{"id":14,"name":"b","team":"soviet","kind":"mig29","bot":false}]}}
{"t":"round","n":401,"m":{"t":"round","phase":"playing","left":28800,"nato":0,"soviet":0,"board":[{"id":1,"k":0,"d":0,"s":0},{"id":2,"k":0,"d":0,"s":0},{"id":3,"k":0,"d":0,"s":0},{"id":4,"k":0,"d":0,"s":0},{"id":5,"k":0,"d":0,"s":0},{"id":6,"k":0,"d":0,"s":0},{"id":7,"k":0,"d":0,"s":0},{"id":8,"k":0,"d":0,"s":0},{"id":9,"k":0,"d":0,"s":0},{"id":10,"k":0,"d":0,"s":0},{"id":13,"k":0,"d":0,"s":0},{"id":14,"k":0,"d":0,"s":0}]}}
{"t":"players","n":792,"m":{"t":"players","list":[{"id":1,"name":"Maverick","team":"nato","kind":"f16","bot":true},{"id":2,"name":"Iceman","team":"soviet","kind":"mig29","bot":true},{"id":3,"name":"Viper","team":"nato","kind":"f15","bot":true},{"id":4,"name":"Goose","team":"soviet","kind":"su27","bot":true},{"id":5,"name":"Ivan","team":"nato","kind":"f16","bot":true},{"id":6,"name":"Sokol","team":"soviet","kind":"mig29","bot":true},{"id":7,"name":"Berkut","team":"nato","kind":"f15","bot":true},{"id":8,"name":"Yastreb","team":"soviet","kind":"su27","bot":true},{"id":9,"name":"Ghost","team":"nato","kind":"f16","bot":true},{"id":10,"name":"Raven","team":"soviet","kind":"mig29","bot":true},{"id":13,"name":"a","team":"nato","kind":"f16","bot":false},{"id":14,"name":"b","team":"soviet","kind":"su27","bot":false}]}}
{"t":"run","c":569,"n":1808315,"h":"513f66d1d2d6a966"}
{"t":"round","n":401,"m":{"t":"round","phase":"playing","left":27700,"nato":0,"soviet":1,"board":[{"id":2,"k":1,"d":0,"s":1},{"id":1,"k":0,"d":0,"s":0},{"id":3,"k":0,"d":0,"s":0},{"id":4,"k":0,"d":0,"s":0},{"id":5,"k":0,"d":0,"s":0},{"id":6,"k":0,"d":0,"s":0},{"id":7,"k":0,"d":0,"s":0},{"id":8,"k":0,"d":0,"s":0},{"id":9,"k":0,"d":1,"s":0},{"id":10,"k":0,"d":0,"s":0},{"id":13,"k":0,"d":0,"s":0},{"id":14,"k":0,"d":0,"s":0}]}}
{"t":"run","c":121,"n":367721,"h":"c2286b5132884d2e"}
{"t":"round","n":401,"m":{"t":"round","phase":"playing","left":27465,"nato":1,"soviet":1,"board":[{"id":2,"k":1,"d":0,"s":1},{"id":5,"k":1,"d":0,"s":1},{"id":1,"k":0,"d":0,"s":0},{"id":3,"k":0,"d":0,"s":0},{"id":4,"k":0,"d":0,"s":0},{"id":6,"k":0,"d":1,"s":0},{"id":7,"k":0,"d":0,"s":0},{"id":8,"k":0,"d":0,"s":0},{"id":9,"k":0,"d":1,"s":0},{"id":10,"k":0,"d":0,"s":0},{"id":13,"k":0,"d":0,"s":0},{"id":14,"k":0,"d":0,"s":0}]}}
{"t":"run","c":319,"n":974627,"h":"0342cfca11c25f15"}
{"t":"round","n":401,"m":{"t":"round","phase":"playing","left":26847,"nato":1,"soviet":2,"board":[{"id":2,"k":1,"d":0,"s":1},{"id":5,"k":1,"d":0,"s":1},{"id":6,"k":1,"d":1,"s":1},{"id":1,"k":0,"d":0,"s":0},{"id":3,"k":0,"d":0,"s":0},{"id":4,"k":0,"d":0,"s":0},{"id":7,"k":0,"d":0,"s":0},{"id":8,"k":0,"d":0,"s":0},{"id":9,"k":0,"d":1,"s":0},{"id":10,"k":0,"d":0,"s":0},{"id":13,"k":0,"d":1,"s":0},{"id":14,"k":0,"d":0,"s":0}]}}
{"t":"run","c":471,"n":1435526,"h":"6465071b0edfbea5"}
{"t":"round","n":401,"m":{"t":"round","phase":"playing","left":25936,"nato":1,"soviet":3,"board":[{"id":2,"k":1,"d":0,"s":1},{"id":5,"k":1,"d":0,"s":1},{"id":6,"k":1,"d":1,"s":1},{"id":8,"k":1,"d":0,"s":1},{"id":1,"k":0,"d":0,"s":0},{"id":3,"k":0,"d":0,"s":0},{"id":4,"k":0,"d":0,"s":0},{"id":7,"k":0,"d":0,"s":0},{"id":9,"k":0,"d":1,"s":0},{"id":10,"k":0,"d":0,"s":0},{"id":13,"k":0,"d":2,"s":0},{"id":14,"k":0,"d":0,"s":0}]}}
{"t":"run","c":656,"n":1945325,"h":"8f97ce0da68cdcdc"}
{"t":"round","n":401,"m":{"t":"round","phase":"playing","left":24666,"nato":2,"soviet":4,"board":[{"id":5,"k":2,"d":1,"s":2},{"id":2,"k":1,"d":0,"s":1},{"id":6,"k":1,"d":1,"s":1},{"id":8,"k":1,"d":0,"s":1},{"id":14,"k":1,"d":1,"s":1},{"id":1,"k":0,"d":0,"s":0},{"id":3,"k":0,"d":0,"s":0},{"id":4,"k":0,"d":0,"s":0},{"id":7,"k":0,"d":0,"s":0},{"id":9,"k":0,"d":1,"s":0},{"id":10,"k":0,"d":0,"s":0},{"id":13,"k":0,"d":2,"s":0}]}}
{"t":"run","c":793,"n":2391234,"h":"d3202dafeb158354"}
{"t":"round","n":401,"m":{"t":"round","phase":"playing","left":23131,"nato":3,"soviet":4,"board":[{"id":5,"k":2,"d":1,"s":2},{"id":2,"k":1,"d":0,"s":1},{"id":6,"k":1,"d":1,"s":1},{"id":8,"k":1,"d":1,"s":1},{"id":9,"k":1,"d":1,"s":1},{"id":14,"k":1,"d":1,"s":1},{"id":1,"k":0,"d":0,"s":0},{"id":3,"k":0,"d":0,"s":0},{"id":4,"k":0,"d":0,"s":0},{"id":7,"k":0,"d":0,"s":0},{"id":10,"k":0,"d":0,"s":0},{"id":13,"k":0,"d":2,"s":0}]}}
{"t":"run","c":42,"n":128200,"h":"6382b1142b409b86"}
{"t":"round","n":402,"m":{"t":"round","phase":"playing","left":23050,"nato":3,"soviet":4,"board":[{"id":5,"k":2,"d":1,"s":2},{"id":2,"k":1,"d":0,"s":1},{"id":6,"k":1,"d":1,"s":1},{"id":8,"k":1,"d":1,"s":1},{"id":9,"k":1,"d":1,"s":1},{"id":14,"k":1,"d":1,"s":1},{"id":1,"k":0,"d":0,"s":0},{"id":3,"k":0,"d":0,"s":0},{"id":4,"k":0,"d":0,"s":0},{"id":7,"k":0,"d":0,"s":0},{"id":10,"k":0,"d":0,"s":0},{"id":13,"k":0,"d":3,"s":-1}]}}
{"t":"run","c":257,"n":781491,"h":"0697f3fca583c870"}
{"t":"round","n":402,"m":{"t":"round","phase":"playing","left":22554,"nato":4,"soviet":4,"board":[{"id":5,"k":2,"d":1,"s":2},{"id":1,"k":1,"d":0,"s":1},{"id":2,"k":1,"d":0,"s":1},{"id":6,"k":1,"d":1,"s":1},{"id":8,"k":1,"d":1,"s":1},{"id":9,"k":1,"d":1,"s":1},{"id":14,"k":1,"d":1,"s":1},{"id":3,"k":0,"d":0,"s":0},{"id":4,"k":0,"d":1,"s":0},{"id":7,"k":0,"d":0,"s":0},{"id":10,"k":0,"d":0,"s":0},{"id":13,"k":0,"d":3,"s":-1}]}}
{"t":"run","c":771,"n":2301335,"h":"8205dad35fe99d05"}
{"t":"round","n":402,"m":{"t":"round","phase":"playing","left":21060,"nato":4,"soviet":4,"board":[{"id":5,"k":2,"d":1,"s":2},{"id":1,"k":1,"d":0,"s":1},{"id":2,"k":1,"d":0,"s":1},{"id":6,"k":1,"d":1,"s":1},{"id":8,"k":1,"d":1,"s":1},{"id":9,"k":1,"d":1,"s":1},{"id":14,"k":1,"d":2,"s":1},{"id":3,"k":0,"d":0,"s":0},{"id":4,"k":0,"d":1,"s":0},{"id":7,"k":0,"d":0,"s":0},{"id":10,"k":0,"d":1,"s":0},{"id":13,"k":0,"d":3,"s":-1}]}}
{"t":"run","c":358,"n":1088602,"h":"dc9d883d933cc252"}
{"t":"round","n":402,"m":{"t":"round","phase":"playing","left":20366,"nato":4,"soviet":5,"board":[{"id":5,"k":2,"d":2,"s":2},{"id":1,"k":1,"d":0,"s":1},{"id":2,"k":1,"d":0,"s":1},{"id":6,"k":1,"d":1,"s":1},{"id":8,"k":1,"d":1,"s":1},{"id":9,"k":1,"d":1,"s":1},{"id":10,"k":1,"d":1,"s":1},{"id":14,"k":1,"d":2,"s":1},{"id":3,"k":0,"d":0,"s":0},{"id":4,"k":0,"d":1,"s":0},{"id":7,"k":0,"d":0,"s":0},{"id":13,"k":0,"d":3,"s":-1}]}}
{"t":"run","c":56,"n":164213,"h":"ff96ee38110c4b69"}
{"t":"round","n":402,"m":{"t":"round","phase":"playing","left":20258,"nato":4,"soviet":5,"board":[{"id":5,"k":2,"d":2,"s":2},{"id":1,"k":1,"d":0,"s":1},{"id":2,"k":1,"d":0,"s":1},{"id":6,"k":1,"d":1,"s":1},{"id":8,"k":1,"d":1,"s":1},{"id":9,"k":1,"d":1,"s":1},{"id":10,"k":1,"d":1,"s":1},{"id":14,"k":1,"d":2,"s":1},{"id":3,"k":0,"d":0,"s":0},{"id":4,"k":0,"d":1,"s":0},{"id":7,"k":0,"d":0,"s":0},{"id":13,"k":0,"d":4,"s":-2}]}}
{"t":"run","c":298,"n":872240,"h":"6d6b56227b7144bd"}
{"t":"round","n":402,"m":{"t":"round","phase":"playing","left":19680,"nato":4,"soviet":5,"board":[{"id":5,"k":2,"d":2,"s":2},{"id":1,"k":1,"d":0,"s":1},{"id":2,"k":1,"d":0,"s":1},{"id":6,"k":1,"d":1,"s":1},{"id":8,"k":1,"d":2,"s":1},{"id":9,"k":1,"d":1,"s":1},{"id":10,"k":1,"d":2,"s":1},{"id":14,"k":1,"d":2,"s":1},{"id":3,"k":0,"d":0,"s":0},{"id":4,"k":0,"d":1,"s":0},{"id":7,"k":0,"d":0,"s":0},{"id":13,"k":0,"d":4,"s":-2}]}}
{"t":"run","c":11,"n":33462,"h":"e7bd99c5d9c0447e"}
{"t":"round","n":402,"m":{"t":"round","phase":"playing","left":19657,"nato":4,"soviet":6,"board":[{"id":5,"k":2,"d":2,"s":2},{"id":14,"k":2,"d":2,"s":2},{"id":1,"k":1,"d":1,"s":1},{"id":2,"k":1,"d":0,"s":1},{"id":6,"k":1,"d":1,"s":1},{"id":8,"k":1,"d":2,"s":1},{"id":9,"k":1,"d":1,"s":1},{"id":10,"k":1,"d":2,"s":1},{"id":3,"k":0,"d":0,"s":0},{"id":4,"k":0,"d":1,"s":0},{"id":7,"k":0,"d":0,"s":0},{"id":13,"k":0,"d":4,"s":-2}]}}
{"t":"run","c":44,"n":131742,"h":"56f40c88ff2f350f"}
{"t":"round","n":402,"m":{"t":"round","phase":"playing","left":19572,"nato":4,"soviet":7,"board":[{"id":5,"k":2,"d":2,"s":2},{"id":6,"k":2,"d":1,"s":2},{"id":14,"k":2,"d":2,"s":2},{"id":1,"k":1,"d":1,"s":1},{"id":2,"k":1,"d":0,"s":1},{"id":8,"k":1,"d":2,"s":1},{"id":9,"k":1,"d":1,"s":1},{"id":10,"k":1,"d":2,"s":1},{"id":3,"k":0,"d":1,"s":0},{"id":4,"k":0,"d":1,"s":0},{"id":7,"k":0,"d":0,"s":0},{"id":13,"k":0,"d":4,"s":-2}]}}
{"t":"run","c":172,"n":584845,"h":"567c08ffe5f48fce"}
{"t":"round","n":402,"m":{"t":"round","phase":"playing","left":19239,"nato":5,"soviet":8,"board":[{"id":2,"k":2,"d":1,"s":2},{"id":5,"k":2,"d":2,"s":2},{"id":6,"k":2,"d":1,"s":2},{"id":9,"k":2,"d":2,"s":2},{"id":14,"k":2,"d":2,"s":2},{"id":1,"k":1,"d":1,"s":1},{"id":8,"k":1,"d":2,"s":1},{"id":10,"k":1,"d":2,"s":1},{"id":3,"k":0,"d":1,"s":0},{"id":4,"k":0,"d":1,"s":0},{"id":7,"k":0,"d":0,"s":0},{"id":13,"k":0,"d":4,"s":-2}]}}
{"t":"run","c":232,"n":760311,"h":"c85d48a814cb9235"}
{"t":"round","n":402,"m":{"t":"round","phase":"playing","left":18789,"nato":5,"soviet":9,"board":[{"id":14,"k":3,"d":2,"s":3},{"id":2,"k":2,"d":1,"s":2},{"id":5,"k":2,"d":2,"s":2},{"id":6,"k":2,"d":1,"s":2},{"id":9,"k":2,"d":2,"s":2},{"id":1,"k":1,"d":1,"s":1},{"id":8,"k":1,"d":2,"s":1},{"id":10,"k":1,"d":2,"s":1},{"id":3,"k":0,"d":1,"s":0},{"id":4,"k":0,"d":1,"s":0},{"id":7,"k":0,"d":1,"s":0},{"id":13,"k":0,"d":4,"s":-2}]}}
{"t":"run","c":251,"n":801339,"h":"6eee76986471e0ea"}
{"t":"round","n":403,"m":{"t":"round","phase":"playing","left":18304,"nato":5,"soviet":10,"board":[{"id":2,"k":3,"d":1,"s":3},{"id":14,"k":3,"d":2,"s":3},{"id":5,"k":2,"d":3,"s":2},{"id":6,"k":2,"d":1,"s":2},{"id":9,"k":2,"d":2,"s":2},{"id":1,"k":1,"d":1,"s":1},{"id":8,"k":1,"d":2,"s":1},{"id":10,"k":1,"d":2,"s":1},{"id":3,"k":0,"d":1,"s":0},{"id":4,"k":0,"d":1,"s":0},{"id":7,"k":0,"d":1,"s":0},{"id":13,"k":0,"d":4,"s":-2}]}}
{"t":"run","c":263,"n":861854,"h":"9a927a13294f8933"}
{"t":"round","n":403,"m":{"t":"round","phase":"playing","left":17796,"nato":6,"soviet":10,"board":[{"id":2,"k":3,"d":1,"s":3},{"id":9,"k":3,"d":2,"s":3},{"id":14,"k":3,"d":2,"s":3},{"id":5,"k":2,"d":3,"s":2},{"id":6,"k":2,"d":1,"s":2},{"id":1,"k":1,"d":1,"s":1},{"id":8,"k":1,"d":2,"s":1},{"id":10,"k":1,"d":3,"s":1},{"id":3,"k":0,"d":1,"s":0},{"id":4,"k":0,"d":1,"s":0},{"id":7,"k":0,"d":1,"s":0},{"id":13,"k":0,"d":4,"s":-2}]}}
{"t":"run","c":79,"n":250075,"h":"c53b2192f73d29a9"}
{"t":"round","n":403,"m":{"t":"round","phase":"playing","left":17642,"nato":6,"soviet":10,"board":[{"id":2,"k":3,"d":1,"s":3},{"id":9,"k":3,"d":2,"s":3},{"id":14,"k":3,"d":2,"s":3},{"id":5,"k":2,"d":3,"s":2},{"id":6,"k":2,"d":1,"s":2},{"id":1,"k":1,"d":1,"s":1},{"id":8,"k":1,"d":2,"s":1},{"id":10,"k":1,"d":3,"s":1},{"id":3,"k":0,"d":1,"s":0},{"id":4,"k":0,"d":1,"s":0},{"id":7,"k":0,"d":1,"s":0},{"id":13,"k":0,"d":5,"s":-3}]}}
{"t":"run","c":181,"n":572527,"h":"90445e42e9cfae1d"}
{"t":"round","n":403,"m":{"t":"round","phase":"playing","left":17292,"nato":7,"soviet":10,"board":[{"id":2,"k":3,"d":1,"s":3},{"id":5,"k":3,"d":3,"s":3},{"id":9,"k":3,"d":2,"s":3},{"id":14,"k":3,"d":2,"s":3},{"id":6,"k":2,"d":1,"s":2},{"id":1,"k":1,"d":1,"s":1},{"id":8,"k":1,"d":3,"s":1},{"id":10,"k":1,"d":3,"s":1},{"id":3,"k":0,"d":1,"s":0},{"id":4,"k":0,"d":1,"s":0},{"id":7,"k":0,"d":1,"s":0},{"id":13,"k":0,"d":5,"s":-3}]}}
{"t":"run","c":657,"n":2039011,"h":"04afa8536b93d847"}
{"t":"round","n":403,"m":{"t":"round","phase":"playing","left":16020,"nato":7,"soviet":10,"board":[{"id":2,"k":3,"d":1,"s":3},{"id":5,"k":3,"d":3,"s":3},{"id":9,"k":3,"d":2,"s":3},{"id":14,"k":3,"d":3,"s":3},{"id":6,"k":2,"d":1,"s":2},{"id":1,"k":1,"d":1,"s":1},{"id":8,"k":1,"d":4,"s":1},{"id":10,"k":1,"d":3,"s":1},{"id":3,"k":0,"d":1,"s":0},{"id":4,"k":0,"d":1,"s":0},{"id":7,"k":0,"d":1,"s":0},{"id":13,"k":0,"d":5,"s":-3}]}}
{"t":"run","c":134,"n":397227,"h":"b3f5ecb9d75b0b41"}
{"t":"round","n":403,"m":{"t":"round","phase":"playing","left":15759,"nato":7,"soviet":11,"board":[{"id":2,"k":4,"d":1,"s":4},{"id":5,"k":3,"d":3,"s":3},{"id":9,"k":3,"d":2,"s":3},{"id":14,"k":3,"d":3,"s":3},{"id":6,"k":2,"d":1,"s":2},{"id":1,"k":1,"d":1,"s":1},{"id":8,"k":1,"d":4,"s":1},{"id":10,"k":1,"d":3,"s":1},{"id":3,"k":0,"d":1,"s":0},{"id":4,"k":0,"d":1,"s":0},{"id":7,"k":0,"d":2,"s":0},{"id":13,"k":0,"d":5,"s":-3}]}}
{"t":"run","c":180,"n":540934,"h":"b33f96545f48641b"}
{"t":"round","n":403,"m":{"t":"round","phase":"playing","left":15411,"nato":7,"soviet":12,"board":[{"id":2,"k":4,"d":1,"s":4},{"id":14,"k":4,"d":3,"s":4},{"id":5,"k":3,"d":4,"s":3},{"id":9,"k":3,"d":2,"s":3},{"id":6,"k":2,"d":1,"s":2},{"id":1,"k":1,"d":1,"s":1},{"id":8,"k":1,"d":4,"s":1},{"id":10,"k":1,"d":3,"s":1},{"id":3,"k":0,"d":1,"s":0},{"id":4,"k":0,"d":1,"s":0},{"id":7,"k":0,"d":2,"s":0},{"id":13,"k":0,"d":5,"s":-3}]}}
{"t":"run","c":61,"n":188401,"h":"ace909a7f3907524"}
{"t":"round","n":403,"m":{"t":"round","phase":"playing","left":15293,"nato":7,"soviet":12,"board":[{"id":2,"k":4,"d":1,"s":4},{"id":14,"k":4,"d":3,"s":4},{"id":5,"k":3,"d":4,"s":3},{"id":9,"k":3,"d":2,"s":3},{"id":6,"k":2,"d":1,"s":2},{"id":1,"k":1,"d":1,"s":1},{"id":8,"k":1,"d":4,"s":1},{"id":10,"k":1,"d":3,"s":1},{"id":3,"k":0,"d":1,"s":0},{"id":4,"k":0,"d":1,"s":0},{"id":7,"k":0,"d":2,"s":0},{"id":13,"k":0,"d":6,"s":-4}]}}
{"t":"run","c":133,"n":419261,"h":"296529a30f684dbd"}
{"t":"round","n":403,"m":{"t":"round","phase":"playing","left":15035,"nato":8,"soviet":12,"board":[{"id":2,"k":4,"d":1,"s":4},{"id":14,"k":4,"d":3,"s":4},{"id":5,"k":3,"d":4,"s":3},{"id":9,"k":3,"d":2,"s":3},{"id":6,"k":2,"d":1,"s":2},{"id":1,"k":1,"d":1,"s":1},{"id":3,"k":1,"d":1,"s":1},{"id":8,"k":1,"d":4,"s":1},{"id":10,"k":1,"d":3,"s":1},{"id":4,"k":0,"d":2,"s":0},{"id":7,"k":0,"d":2,"s":0},{"id":13,"k":0,"d":6,"s":-4}]}}
{"t":"run","c":184,"n":577631,"h":"3661c637ad75b62a"}
{"t":"round","n":403,"m":{"t":"round","phase":"playing","left":14680,"nato":9,"soviet":12,"board":[{"id":2,"k":4,"d":2,"s":4},{"id":5,"k":4,"d":4,"s":4},{"id":14,"k":4,"d":3,"s":4},{"id":9,"k":3,"d":2,"s":3},{"id":6,"k":2,"d":1,"s":2},{"id":1,"k":1,"d":1,"s":1},{"id":3,"k":1,"d":1,"s":1},{"id":8,"k":1,"d":4,"s":1},{"id":10,"k":1,"d":3,"s":1},{"id":4,"k":0,"d":2,"s":0},{"id":7,"k":0,"d":2,"s":0},{"id":13,"k":0,"d":6,"s":-4}]}}
{"t":"run","c":113,"n":355240,"h":"7882ca02b5b8a69b"}
{"t":"round","n":403,"m":{"t":"round","phase":"playing","left":14460,"nato":9,"soviet":12,"board":[{"id":2,"k":4,"d":2,"s":4},{"id":5,"k":4,"d":4,"s":4},{"id":14,"k":4,"d":3,"s":4},{"id":9,"k":3,"d":2,"s":3},{"id":6,"k":2,"d":1,"s":2},{"id":1,"k":1,"d":1,"s":1},{"id":3,"k":1,"d":1,"s":1},{"id":8,"k":1,"d":4,"s":1},{"id":10,"k":1,"d":3,"s":1},{"id":4,"k":0,"d":2,"s":0},{"id":7,"k":0,"d":2,"s":0},{"id":13,"k":0,"d":7,"s":-5}]}}
{"t":"run","c":550,"n":1665162,"h":"ae9d834bce0898fa"}
{"t":"round","n":403,"m":{"t":"round","phase":"playing","left":13393,"nato":9,"soviet":13,"board":[{"id":2,"k":4,"d":2,"s":4},{"id":5,"k":4,"d":4,"s":4},{"id":14,"k":4,"d":3,"s":4},{"id":9,"k":3,"d":2,"s":3},{"id":6,"k":2,"d":1,"s":2},{"id":1,"k":1,"d":1,"s":1},{"id":3,"k":1,"d":1,"s":1},{"id":4,"k":1,"d":2,"s":1},{"id":8,"k":1,"d":4,"s":1},{"id":10,"k":1,"d":3,"s":1},{"id":7,"k":0,"d":3,"s":0},{"id":13,"k":0,"d":7,"s":-5}]}}
{"t":"run","c":893,"n":2674135,"h":"2d6b5a164f3f5b1f"}
{"t":"round","n":403,"m":{"t":"round","phase":"playing","left":11666,"nato":9,"soviet":13,"board":[{"id":2,"k":4,"d":2,"s":4},{"id":5,"k":4,"d":4,"s":4},{"id":14,"k":4,"d":3,"s":4},{"id":9,"k":3,"d":2,"s":3},{"id":6,"k":2,"d":1,"s":2},{"id":1,"k":1,"d":1,"s":1},{"id":3,"k":1,"d":1,"s":1},{"id":4,"k":1,"d":2,"s":1},{"id":8,"k":1,"d":4,"s":1},{"id":10,"k":1,"d":3,"s":1},{"id":7,"k":0,"d":3,"s":0},{"id":13,"k":0,"d":8,"s":-6}]}}
{"t":"run","c":899,"n":2670447,"h":"082fbd033319cead"}
{"t":"round","n":402,"m":{"t":"round","phase":"playing","left":9926,"nato":9,"soviet":14,"board":[{"id":2,"k":4,"d":2,"s":4},{"id":5,"k":4,"d":4,"s":4},{"id":14,"k":4,"d":3,"s":4},{"id":6,"k":3,"d":1,"s":3},{"id":9,"k":3,"d":2,"s":3},{"id":1,"k":1,"d":1,"s":1},{"id":3,"k":1,"d":2,"s":1},{"id":4,"k":1,"d":2,"s":1},{"id":8,"k":1,"d":4,"s":1},{"id":10,"k":1,"d":3,"s":1},{"id":7,"k":0,"d":3,"s":0},{"id":13,"k":0,"d":8,"s":-6}]}}
{"t":"run","c":134,"n":401236,"h":"cb06a2d808955226"}
{"t":"round","n":402,"m":{"t":"round","phase":"playing","left":9666,"nato":9,"soviet":15,"board":[{"id":2,"k":4,"d":2,"s":4},{"id":5,"k":4,"d":5,"s":4},{"id":14,"k":4,"d":3,"s":4},{"id":6,"k":3,"d":1,"s":3},{"id":9,"k":3,"d":2,"s":3},{"id":10,"k":2,"d":3,"s":2},{"id":1,"k":1,"d":1,"s":1},{"id":3,"k":1,"d":2,"s":1},{"id":4,"k":1,"d":2,"s":1},{"id":8,"k":1,"d":4,"s":1},{"id":7,"k":0,"d":3,"s":0},{"id":13,"k":0,"d":8,"s":-6}]}}
{"t":"run","c":335,"n":1068838,"h":"84cd35e3a6904dd6"}
{"t":"round","n":402,"m":{"t":"round","phase":"playing","left":9018,"nato":9,"soviet":16,"board":[{"id":2,"k":4,"d":2,"s":4},{"id":5,"k":4,"d":5,"s":4},{"id":14,"k":4,"d":3,"s":4},{"id":6,"k":3,"d":1,"s":3},{"id":9,"k":3,"d":3,"s":3},{"id":8,"k":2,"d":4,"s":2},{"id":10,"k":2,"d":3,"s":2},{"id":1,"k":1,"d":1,"s":1},{"id":3,"k":1,"d":2,"s":1},{"id":4,"k":1,"d":2,"s":1},{"id":7,"k":0,"d":3,"s":0},{"id":13,"k":0,"d":8,"s":-6}]}}
{"t":"run","c":71,"n":225550,"h":"012eec82516189f3"}
{"t":"round","n":403,"m":{"t":"round","phase":"playing","left":8880,"nato":10,"soviet":16,"board":[{"id":5,"k":5,"d":5,"s":5},{"id":2,"k":4,"d":2,"s":4},{"id":14,"k":4,"d":3,"s":4},{"id":6,"k":3,"d":1,"s":3},{"id":9,"k":3,"d":3,"s":3},{"id":8,"k":2,"d":4,"s":2},{"id":10,"k":2,"d":4,"s":2},{"id":1,"k":1,"d":1,"s":1},{"id":3,"k":1,"d":2,"s":1},{"id":4,"k":1,"d":2,"s":1},{"id":7,"k":0,"d":3,"s":0},{"id":13,"k":0,"d":8,"s":-6}]}}
{"t":"run","c":168,"n":528199,"h":"94dc19f70f2c9056"}
{"t":"round","n":403,"m":{"t":"round","phase":"playing","left":8553,"nato":10,"soviet":16,"board":[{"id":5,"k":5,"d":5,"s":5},{"id":2,"k":4,"d":2,"s":4},{"id":14,"k":4,"d":3,"s":4},{"id":6,"k":3,"d":1,"s":3},{"id":9,"k":3,"d":3,"s":3},{"id":8,"k":2,"d":4,"s":2},{"id":10,"k":2,"d":4,"s":2},{"id":1,"k":1,"d":1,"s":1},{"id":3,"k":1,"d":2,"s":1},{"id":4,"k":1,"d":2,"s":1},{"id":7,"k":0,"d":3,"s":0},{"id":13,"k":0,"d":9,"s":-7}]}}
{"t":"run","c":213,"n":662092,"h":"8fac25044423c341"}
{"t":"round","n":403,"m":{"t":"round","phase":"playing","left":8142,"nato":10,"soviet":17,"board":[{"id":5,"k":5,"d":5,"s":5},{"id":2,"k":4,"d":2,"s":4},{"id":14,"k":4,"d":3,"s":4},{"id":6,"k":3,"d":1,"s":3},{"id":9,"k":3,"d":3,"s":3},{"id":10,"k":3,"d":4,"s":3},{"id":8,"k":2,"d":4,"s":2},{"id":1,"k":1,"d":1,"s":1},{"id":3,"k":1,"d":2,"s":1},{"id":4,"k":1,"d":2,"s":1},{"id":7,"k":0,"d":4,"s":0},{"id":13,"k":0,"d":9,"s":-7}]}}
{"t":"run","c":457,"n":1412143,"h":"722462e8b950cc4f"}
{"t":"round","n":403,"m":{"t":"round","phase":"playing","left":7257,"nato":11,"soviet":17,"board":[{"id":5,"k":5,"d":5,"s":5},{"id":2,"k":4,"d":2,"s":4},{"id":14,"k":4,"d":3,"s":4},{"id":6,"k":3,"d":1,"s":3},{"id":9,"k":3,"d":3,"s":3},{"id":10,"k":3,"d":4,"s":3},{"id":8,"k":2,"d":4,"s":2},{"id":1,"k":1,"d":1,"s":1},{"id":3,"k":1,"d":2,"s":1},{"id":4,"k":1,"d":3,"s":1},{"id":7,"k":1,"d":4,"s":1},{"id":13,"k":0,"d":9,"s":-7}]}}
{"t":"run","c":149,"n":464978,"h":"a007e8c9e29c6640"}
{"t":"round","n":403,"m":{"t":"round","phase":"playing","left":6967,"nato":11,"soviet":18,"board":[{"id":5,"k":5,"d":6,"s":5},{"id":2,"k":4,"d":2,"s":4},{"id":6,"k":4,"d":1,"s":4},{"id":14,"k":4,"d":3,"s":4},{"id":9,"k":3,"d":3,"s":3},{"id":10,"k":3,"d":4,"s":3},{"id":8,"k":2,"d":4,"s":2},{"id":1,"k":1,"d":1,"s":1},{"id":3,"k":1,"d":2,"s":1},{"id":4,"k":1,"d":3,"s":1},{"id":7,"k":1,"d":4,"s":1},{"id":13,"k":0,"d":9,"s":-7}]}}
{"t":"run","c":130,"n":413539,"h":"e38563e5f9731a40"}
{"t":"round","n":404,"m":{"t":"round","phase":"playing","left":6718,"nato":11,"soviet":19,"board":[{"id":5,"k":5,"d":6,"s":5},{"id":2,"k":4,"d":2,"s":4},{"id":6,"k":4,"d":1,"s":4},{"id":14,"k":4,"d":3,"s":4},{"id":9,"k":3,"d":3,"s":3},{"id":10,"k":3,"d":4,"s":3},{"id":4,"k":2,"d":3,"s":2},{"id":8,"k":2,"d":4,"s":2},{"id":1,"k":1,"d":1,"s":1},{"id":3,"k":1,"d":2,"s":1},{"id":7,"k":1,"d":4,"s":1},{"id":13,"k":0,"d":10,"s":-7}]}}
{"t":"run","c":168,"n":516375,"h":"51e84622d4af4b3f"}
{"t":"round","n":404,"m":{"t":"round","phase":"playing","left":6392,"nato":11,"soviet":20,"board":[{"id":5,"k":5,"d":6,"s":5},{"id":6,"k":5,"d":1,"s":5},{"id":2,"k":4,"d":2,"s":4},{"id":14,"k":4,"d":3,"s":4},{"id":9,"k":3,"d":3,"s":3},{"id":10,"k":3,"d":4,"s":3},{"id":4,"k":2,"d":3,"s":2},{"id":8,"k":2,"d":4,"s":2},{"id":1,"k":1,"d":1,"s":1},{"id":3,"k":1,"d":2,"s":1},{"id":7,"k":1,"d":5,"s":1},{"id":13,"k":0,"d":10,"s":-7}]}}
{"t":"run","c":236,"n":719470,"h":"afd18308121d9a3c"}
{"t":"round","n":404,"m":{"t":"round","phase":"playing","left":5936,"nato":12,"soviet":20,"board":[{"id":5,"k":5,"d":6,"s":5},{"id":6,"k":5,"d":1,"s":5},{"id":2,"k":4,"d":2,"s":4},{"id":9,"k":4,"d":3,"s":4},{"id":14,"k":4,"d":3,"s":4},{"id":10,"k":3,"d":5,"s":3},{"id":4,"k":2,"d":3,"s":2},{"id":8,"k":2,"d":4,"s":2},{"id":1,"k":1,"d":1,"s":1},{"id":3,"k":1,"d":2,"s":1},{"id":7,"k":1,"d":5,"s":1},{"id":13,"k":0,"d":10,"s":-7}]}}
{"t":"run","c":108,"n":317298,"h":"94f62508069ebec3"}
{"t":"round","n":404,"m":{"t":"round","phase":"playing","left":5725,"nato":12,"soviet":21,"board":[{"id":5,"k":5,"d":6,"s":5},{"id":6,"k":5,"d":1,"s":5},{"id":2,"k":4,"d":2,"s":4},{"id":9,"k":4,"d":4,"s":4},{"id":14,"k":4,"d":3,"s":4},{"id":4,"k":3,"d":3,"s":3},{"id":10,"k":3,"d":5,"s":3},{"id":8,"k":2,"d":4,"s":2},{"id":1,"k":1,"d":1,"s":1},{"id":3,"k":1,"d":2,"s":1},{"id":7,"k":1,"d":5,"s":1},{"id":13,"k":0,"d":10,"s":-7}]}}
{"t":"run","c":405,"n":1253886,"h":"cf25b833b6fcaaf2"}
{"t":"round","n":404,"m":{"t":"round","phase":"playing","left":4942,"nato":13,"soviet":21,"board":[{"id":5,"k":6,"d":6,"s":6},{"id":6,"k":5,"d":1,"s":5},{"id":2,"k":4,"d":2,"s":4},{"id":9,"k":4,"d":4,"s":4},{"id":14,"k":4,"d":3,"s":4},{"id":4,"k":3,"d":3,"s":3},{"id":10,"k":3,"d":5,"s":3},{"id":8,"k":2,"d":5,"s":2},{"id":1,"k":1,"d":1,"s":1},{"id":3,"k":1,"d":2,"s":1},{"id":7,"k":1,"d":5,"s":1},{"id":13,"k":0,"d":10,"s":-7}]}}
{"t":"run","c":45,"n":140816,"h":"d1d2e0cea23b7c29"}
{"t":"round","n":404,"m":{"t":"round","phase":"playing","left":4856,"nato":13,"soviet":22,"board":[{"id":5,"k":6,"d":6,"s":6},{"id":6,"k":5,"d":1,"s":5},{"id":2,"k":4,"d":2,"s":4},{"id":9,"k":4,"d":4,"s":4},{"id":10,"k":4,"d":5,"s":4},{"id":14,"k":4,"d":3,"s":4},{"id":4,"k":3,"d":3,"s":3},{"id":8,"k":2,"d":5,"s":2},{"id":1,"k":1,"d":1,"s":1},{"id":3,"k":1,"d":2,"s":1},{"id":7,"k":1,"d":5,"s":1},{"id":13,"k":0,"d":11,"s":-7}]}}
{"t":"run","c":217,"n":697424,"h":"6b92e14205522242"}
{"t":"round","n":404,"m":{"t":"round","phase":"playing","left":4436,"nato":14,"soviet":22,"board":[{"id":5,"k":6,"d":6,"s":6},{"id":6,"k":5,"d":1,"s":5},{"id":9,"k":5,"d":4,"s":5},{"id":2,"k":4,"d":2,"s":4},{"id":10,"k":4,"d":5,"s":4},{"id":14,"k":4,"d":4,"s":4},{"id":4,"k":3,"d":3,"s":3},{"id":8,"k":2,"d":5,"s":2},{"id":1,"k":1,"d":1,"s":1},{"id":3,"k":1,"d":2,"s":1},{"id":7,"k":1,"d":5,"s":1},{"id":13,"k":0,"d":11,"s":-7}]}}
{"t":"run","c":51,"n":181266,"h":"6b0dc1b2f8f5bc9a"}
{"t":"round","n":404,"m":{"t":"round","phase":"playing","left":4336,"nato":15,"soviet":22,"board":[{"id":5,"k":7,"d":6,"s":7},{"id":6,"k":5,"d":2,"s":5},{"id":9,"k":5,"d":4,"s":5},{"id":2,"k":4,"d":2,"s":4},{"id":10,"k":4,"d":5,"s":4},{"id":14,"k":4,"d":4,"s":4},{"id":4,"k":3,"d":3,"s":3},{"id":8,"k":2,"d":5,"s":2},{"id":1,"k":1,"d":1,"s":1},{"id":3,"k":1,"d":2,"s":1},{"id":7,"k":1,"d":5,"s":1},{"id":13,"k":0,"d":11,"s":-7}]}}
{"t":"run","c":142,"n":468831,"h":"caad1d989fe6c238"}
{"t":"round","n":404,"m":{"t":"round","phase":"playing","left":4061,"nato":16,"soviet":23,"board":[{"id":5,"k":7,"d":6,"s":7},{"id":2,"k":5,"d":3,"s":5},{"id":6,"k":5,"d":2,"s":5},{"id":9,"k":5,"d":4,"s":5},{"id":10,"k":4,"d":5,"s":4},{"id":14,"k":4,"d":4,"s":4},{"id":4,"k":3,"d":3,"s":3},{"id":7,"k":2,"d":6,"s":2},{"id":8,"k":2,"d":5,"s":2},{"id":1,"k":1,"d":1,"s":1},{"id":3,"k":1,"d":2,"s":1},{"id":13,"k":0,"d":11,"s":-7}]}}
{"t":"run","c":852,"n":2572443,"h":"7793b3befd7bb1c7"}
{"t":"round","n":404,"m":{"t":"round","phase":"playing","left":2412,"nato":16,"soviet":24,"board":[{"id":5,"k":7,"d":6,"s":7},{"id":6,"k":6,"d":2,"s":6},{"id":2,"k":5,"d":3,"s":5},{"id":9,"k":5,"d":5,"s":5},{"id":10,"k":4,"d":5,"s":4},{"id":14,"k":4,"d":4,"s":4},{"id":4,"k":3,"d":3,"s":3},{"id":7,"k":2,"d":6,"s":2},{"id":8,"k":2,"d":5,"s":2},{"id":1,"k":1,"d":1,"s":1},{"id":3,"k":1,"d":2,"s":1},{"id":13,"k":0,"d":11,"s":-7}]}}
{"t":"run","c":14,"n":40817,"h":"a3341d5b3e1fc387"}
{"t":"round","n":433,"m":{"t":"round","phase":"ended","left":600,"winner":"Sovyet","nato":17,"soviet":25,"board":[{"id":5,"k":7,"d":6,"s":7},{"id":6,"k":6,"d":2,"s":6},{"id":2,"k":5,"d":3,"s":5},{"id":9,"k":5,"d":5,"s":5},{"id":14,"k":5,"d":5,"s":5},{"id":10,"k":4,"d":5,"s":4},{"id":4,"k":3,"d":3,"s":3},{"id":3,"k":2,"d":3,"s":2},{"id":7,"k":2,"d":6,"s":2},{"id":8,"k":2,"d":5,"s":2},{"id":1,"k":1,"d":1,"s":1},{"id":13,"k":0,"d":11,"s":-7}],"wt":"soviet"}}
{"t":"run","c":86,"n":262838,"h":"024ebbe5a0a8e8be"}
{"t":"players","n":790,"m":{"t":"players","list":[{"id":1,"name":"Maverick","team":"nato","kind":"f16","bot":true},{"id":2,"name":"Iceman","team":"soviet","kind":"mig29","bot":true},{"id":3,"name":"Viper","team":"nato","kind":"f15","bot":true},{"id":4,"name":"Goose","team":"soviet","kind":"su27","bot":true},{"id":5,"name":"Ivan","team":"nato","kind":"f16","bot":true},{"id":6,"name":"Sokol","team":"soviet","kind":"mig29","bot":true},{"id":7,"name":"Berkut","team":"nato","kind":"f15","bot":true},{"id":8,"name":"Yastreb","team":"soviet","kind":"su27","bot":true},{"id":10,"name":"Raven","team":"soviet","kind":"mig29","bot":true},{"id":13,"name":"a","team":"nato","kind":"f16","bot":false},{"id":14,"name":"b","team":"soviet","kind":"su27","bot":false},{"id":15,"name":"c","team":"nato","kind":"f16","bot":false}]}}
{"t":"players","n":790,"m":{"t":"players","list":[{"id":1,"name":"Maverick","team":"nato","kind":"f16","bot":true},{"id":2,"name":"Iceman","team":"soviet","kind":"mig29","bot":true},{"id":3,"name":"Viper","team":"nato","kind":"f15","bot":true},{"id":4,"name":"Goose","team":"soviet","kind":"su27","bot":true},{"id":5,"name":"Ivan","team":"nato","kind":"f16","bot":true},{"id":6,"name":"Sokol","team":"soviet","kind":"mig29","bot":true},{"id":7,"name":"Berkut","team":"nato","kind":"f15","bot":true},{"id":8,"name":"Yastreb","team":"soviet","kind":"su27","bot":true},{"id":10,"name":"Raven","team":"soviet","kind":"mig29","bot":true},{"id":13,"name":"a","team":"nato","kind":"f16","bot":false},{"id":14,"name":"b","team":"soviet","kind":"su27","bot":false},{"id":15,"name":"c","team":"nato","kind":"f16","bot":false}]}}
{"t":"round","n":434,"m":{"t":"round","phase":"ended","left":434,"winner":"Sovyet","nato":17,"soviet":25,"board":[{"id":5,"k":7,"d":6,"s":7},{"id":6,"k":6,"d":2,"s":6},{"id":2,"k":5,"d":3,"s":5},{"id":14,"k":5,"d":5,"s":5},{"id":10,"k":4,"d":5,"s":4},{"id":4,"k":3,"d":3,"s":3},{"id":3,"k":2,"d":3,"s":2},{"id":7,"k":2,"d":6,"s":2},{"id":8,"k":2,"d":5,"s":2},{"id":1,"k":1,"d":1,"s":1},{"id":15,"k":0,"d":0,"s":0},{"id":13,"k":0,"d":11,"s":-7}],"wt":"soviet"}}
{"t":"run","c":224,"n":613240,"h":"e336ecf0ae139a20"}
{"t":"round","n":402,"m":{"t":"round","phase":"playing","left":28800,"nato":0,"soviet":0,"board":[{"id":1,"k":0,"d":0,"s":0},{"id":2,"k":0,"d":0,"s":0},{"id":3,"k":0,"d":0,"s":0},{"id":4,"k":0,"d":0,"s":0},{"id":5,"k":0,"d":0,"s":0},{"id":6,"k":0,"d":0,"s":0},{"id":7,"k":0,"d":0,"s":0},{"id":8,"k":0,"d":0,"s":0},{"id":10,"k":0,"d":0,"s":0},{"id":13,"k":0,"d":0,"s":0},{"id":14,"k":0,"d":0,"s":0},{"id":15,"k":0,"d":0,"s":0}]}}
{"t":"run","c":334,"n":1053111,"h":"2b155e579e93afbc"}
{"t":"close","n":13,"m":{"t":"close"}}
## b.ev
{"t":"spawn","n":29,"m":{"k":"spawn","tick":1,"a":14}}
{"t":"lock","n":43,"m":{"k":"lock","tick":573,"a":14,"b":5,"mk":1}}
{"t":"mlaunch","n":59,"m":{"k":"mlaunch","tick":575,"a":16777220,"b":5,"o":14,"mk":1}}
{"t":"hit","n":73,"m":{"k":"hit","tick":677,"a":5,"b":14,"val":50,"w":"missile","z":"controls"}}
{"t":"hit","n":57,"m":{"k":"hit","tick":1685,"a":14,"b":5,"val":6,"w":"cannon"}}
{"t":"hit","n":57,"m":{"k":"hit","tick":1688,"a":14,"b":5,"val":6,"w":"cannon"}}
{"t":"lock","n":37,"m":{"k":"lock","tick":2911,"a":7,"b":14}}
{"t":"mlaunch","n":53,"m":{"k":"mlaunch","tick":2916,"a":16777238,"b":14,"o":7}}
{"t":"flare","n":32,"m":{"k":"flare","tick":2933,"a":14}}
{"t":"decoy","n":51,"m":{"k":"decoy","tick":2933,"a":16777238,"b":14,"o":7}}
{"t":"lock","n":37,"m":{"k":"lock","tick":3023,"a":7,"b":14}}
{"t":"hit","n":59,"m":{"k":"hit","tick":4134,"a":5,"b":14,"val":158.51,"w":"ram"}}
{"t":"kill","n":47,"m":{"k":"kill","tick":4134,"a":5,"b":14,"w":"ram"}}
{"t":"hit","n":59,"m":{"k":"hit","tick":4134,"a":14,"b":5,"val":158.51,"w":"ram"}}
{"t":"kill","n":47,"m":{"k":"kill","tick":4134,"a":14,"b":5,"w":"ram"}}
{"t":"spawn","n":32,"m":{"k":"spawn","tick":4314,"a":14}}
{"t":"lock","n":44,"m":{"k":"lock","tick":4604,"a":14,"b":7,"mk":1}}
{"t":"mlaunch","n":60,"m":{"k":"mlaunch","tick":4605,"a":16777243,"b":7,"o":14,"mk":1}}
{"t":"decoy","n":51,"m":{"k":"decoy","tick":4664,"a":16777243,"b":7,"o":14}}
{"t":"lock","n":37,"m":{"k":"lock","tick":5939,"a":7,"b":14}}
{"t":"mlaunch","n":53,"m":{"k":"mlaunch","tick":5940,"a":16777251,"b":14,"o":7}}
{"t":"flare","n":32,"m":{"k":"flare","tick":5957,"a":14}}
{"t":"decoy","n":51,"m":{"k":"decoy","tick":5957,"a":16777251,"b":14,"o":7}}
{"t":"hit","n":60,"m":{"k":"hit","tick":7721,"a":10,"b":14,"val":134.29,"w":"ram"}}
{"t":"kill","n":48,"m":{"k":"kill","tick":7721,"a":10,"b":14,"w":"ram"}}
{"t":"hit","n":60,"m":{"k":"hit","tick":7721,"a":14,"b":10,"val":134.29,"w":"ram"}}
{"t":"kill","n":48,"m":{"k":"kill","tick":7721,"a":14,"b":10,"w":"ram"}}
{"t":"spawn","n":32,"m":{"k":"spawn","tick":7901,"a":14}}
{"t":"hit","n":57,"m":{"k":"hit","tick":9135,"a":1,"b":14,"val":6,"w":"cannon"}}
{"t":"hit","n":57,"m":{"k":"hit","tick":9139,"a":1,"b":14,"val":6,"w":"cannon"}}
{"t":"hit","n":57,"m":{"k":"hit","tick":9143,"a":1,"b":14,"val":6,"w":"cannon"}}
{"t":"kill","n":50,"m":{"k":"kill","tick":9143,"a":1,"b":14,"w":"cannon"}}
{"t":"hit","n":57,"m":{"k":"hit","tick":9942,"a":7,"b":14,"val":6,"w":"cannon"}}
{"t":"hit","n":57,"m":{"k":"hit","tick":9946,"a":7,"b":14,"val":6,"w":"cannon"}}
{"t":"hit","n":57,"m":{"k":"hit","tick":9950,"a":7,"b":14,"val":6,"w":"cannon"}}
{"t":"hit","n":57,"m":{"k":"hit","tick":9954,"a":7,"b":14,"val":6,"w":"cannon"}}
{"t":"hit","n":58,"m":{"k":"hit","tick":10011,"a":7,"b":14,"val":6,"w":"cannon"}}
{"t":"kill","n":51,"m":{"k":"kill","tick":10011,"a":7,"b":14,"w":"cannon"}}
{"t":"hit","n":59,"m":{"k":"hit","tick":12730,"a":8,"b":14,"val":36.41,"w":"ram"}}
{"t":"hit","n":59,"m":{"k":"hit","tick":12730,"a":14,"b":8,"val":36.41,"w":"ram"}}
{"t":"hit","n":59,"m":{"k":"hit","tick":12731,"a":8,"b":14,"val":37.51,"w":"ram"}}
{"t":"hit","n":59,"m":{"k":"hit","tick":12731,"a":14,"b":8,"val":37.51,"w":"ram"}}
{"t":"hit","n":59,"m":{"k":"hit","tick":12732,"a":8,"b":14,"val":38.64,"w":"ram"}}
{"t":"kill","n":48,"m":{"k":"kill","tick":12732,"a":8,"b":14,"w":"ram"}}
{"t":"hit","n":59,"m":{"k":"hit","tick":12732,"a":14,"b":8,"val":38.64,"w":"ram"}}
{"t":"kill","n":48,"m":{"k":"kill","tick":12732,"a":14,"b":8,"w":"ram"}}
{"t":"spawn","n":33,"m":{"k":"spawn","tick":12912,"a":14}}
{"t":"lock","n":45,"m":{"k":"lock","tick":13263,"a":14,"b":5,"mk":1}}
{"t":"mlaunch","n":61,"m":{"k":"mlaunch","tick":13265,"a":16777308,"b":5,"o":14,"mk":1}}
{"t":"hit","n":73,"m":{"k":"hit","tick":13389,"a":5,"b":14,"val":50,"w":"missile","z":"engine"}}
{"t":"kill","n":52,"m":{"k":"kill","tick":13389,"a":5,"b":14,"w":"missile"}}
{"t":"hit","n":58,"m":{"k":"hit","tick":15623,"a":1,"b":14,"val":6,"w":"cannon"}}
{"t":"lock","n":38,"m":{"k":"lock","tick":16500,"a":1,"b":14}}
{"t":"hit","n":58,"m":{"k":"hit","tick":16504,"a":14,"b":1,"val":6,"w":"cannon"}}
{"t":"mlaunch","n":54,"m":{"k":"mlaunch","tick":16506,"a":16777331,"b":14,"o":1}}
{"t":"hit","n":58,"m":{"k":"hit","tick":16507,"a":14,"b":1,"val":6,"w":"cannon"}}
{"t":"hit","n":58,"m":{"k":"hit","tick":16513,"a":14,"b":1,"val":6,"w":"cannon"}}
{"t":"flare","n":33,"m":{"k":"flare","tick":16523,"a":14}}
{"t":"decoy","n":52,"m":{"k":"decoy","tick":16523,"a":16777331,"b":14,"o":1}}
{"t":"hit","n":58,"m":{"k":"hit","tick":16693,"a":14,"b":1,"val":6,"w":"cannon"}}
{"t":"hit","n":58,"m":{"k":"hit","tick":16696,"a":14,"b":1,"val":6,"w":"cannon"}}
{"t":"hit","n":58,"m":{"k":"hit","tick":17128,"a":14,"b":1,"val":6,"w":"cannon"}}
{"t":"hit","n":71,"m":{"k":"hit","tick":17131,"a":14,"b":1,"val":6,"w":"cannon","z":"engine"}}
{"t":"hit","n":58,"m":{"k":"hit","tick":17134,"a":14,"b":1,"val":6,"w":"cannon"}}
{"t":"hit","n":58,"m":{"k":"hit","tick":17136,"a":1,"b":14,"val":6,"w":"cannon"}}
{"t":"hit","n":58,"m":{"k":"hit","tick":17137,"a":14,"b":1,"val":6,"w":"cannon"}}
{"t":"lock","n":45,"m":{"k":"lock","tick":20444,"a":9,"b":14,"mk":1}}
{"t":"mlaunch","n":61,"m":{"k":"mlaunch","tick":20446,"a":16777351,"b":14,"o":9,"mk":1}}
{"t":"decoy","n":52,"m":{"k":"decoy","tick":20505,"a":16777351,"b":14,"o":9}}
{"t":"lock","n":45,"m":{"k":"lock","tick":24057,"a":9,"b":14,"mk":1}}
{"t":"mlaunch","n":61,"m":{"k":"mlaunch","tick":24058,"a":16777378,"b":14,"o":9,"mk":1}}
{"t":"decoy","n":52,"m":{"k":"decoy","tick":24117,"a":16777378,"b":14,"o":9}}
{"t":"lock","n":38,"m":{"k":"lock","tick":24261,"a":9,"b":14}}
{"t":"mlaunch","n":54,"m":{"k":"mlaunch","tick":24262,"a":16777381,"b":14,"o":9}}
{"t":"flare","n":33,"m":{"k":"flare","tick":24275,"a":14}}
{"t":"mlaunch","n":54,"m":{"k":"mlaunch","tick":24322,"a":16777382,"b":14,"o":9}}
{"t":"flare","n":33,"m":{"k":"flare","tick":24341,"a":14}}
{"t":"hit","n":71,"m":{"k":"hit","tick":24364,"a":14,"b":9,"val":56,"w":"missile","z":"crit"}}
{"t":"kill","n":52,"m":{"k":"kill","tick":24364,"a":14,"b":9,"w":"missile"}}
{"t":"spawn","n":33,"m":{"k":"spawn","tick":24544,"a":14}}
{"t":"lock","n":45,"m":{"k":"lock","tick":24686,"a":14,"b":7,"mk":1}}
{"t":"mlaunch","n":61,"m":{"k":"mlaunch","tick":24687,"a":16777386,"b":7,"o":14,"mk":1}}
{"t":"lock","n":38,"m":{"k":"lock","tick":25901,"a":7,"b":14}}
{"t":"mlaunch","n":54,"m":{"k":"mlaunch","tick":25902,"a":16777390,"b":14,"o":7}}
{"t":"flare","n":33,"m":{"k":"flare","tick":25919,"a":14}}
{"t":"decoy","n":52,"m":{"k":"decoy","tick":25919,"a":16777390,"b":14,"o":7}}
{"t":"lock","n":38,"m":{"k":"lock","tick":26381,"a":3,"b":14}}
{"t":"hit","n":59,"m":{"k":"hit","tick":26415,"a":3,"b":14,"val":163.1,"w":"ram"}}
{"t":"kill","n":48,"m":{"k":"kill","tick":26415,"a":3,"b":14,"w":"ram"}}
{"t":"hit","n":59,"m":{"k":"hit","tick":26415,"a":14,"b":3,"val":163.1,"w":"ram"}}
{"t":"kill","n":48,"m":{"k":"kill","tick":26415,"a":14,"b":3,"w":"ram"}}
{"t":"spawn","n":33,"m":{"k":"spawn","tick":27015,"a":14}}
{"t":"lock","n":45,"m":{"k":"lock","tick":27571,"a":7,"b":14,"mk":1}}
{"t":"mlaunch","n":61,"m":{"k":"mlaunch","tick":27575,"a":16777395,"b":14,"o":7,"mk":1}}
{"t":"lock","n":45,"m":{"k":"lock","tick":27580,"a":14,"b":7,"mk":1}}
{"t":"mlaunch","n":61,"m":{"k":"mlaunch","tick":27581,"a":16777396,"b":7,"o":14,"mk":1}}
{"t":"lock","n":45,"m":{"k":"lock","tick":27600,"a":3,"b":14,"mk":1}}
{"t":"mlaunch","n":61,"m":{"k":"mlaunch","tick":27603,"a":16777397,"b":14,"o":3,"mk":1}}
{"t":"decoy","n":52,"m":{"k":"decoy","tick":27657,"a":16777396,"b":7,"o":14}}
## c
{"t":"welcome","n":46795,"h":"fd68670dd7bf433f","p":"{\"t\":\"welcome\",\"you\":15,\"code\":\"GOLD\",\"mode\":\"team\",\"aircraft\":[{\"kind\":\"f16\",\"name\":\"F-16\",\"team\":\"nato\",\"maxHP\":90,\"maxSpeed\":230,\"maxSpeedAB\":290,\"accel\":48,"}
{"t":"players","n":790,"m":{"t":"players","list":[{"id":1,"name":"Maverick","team":"nato","kind":"f16","bot":true},{"id":2,"name":"Iceman","team":"soviet","kind":"mig29","bot":true},{"id":3,"name":"Viper","team":"nato","kind":"f15","bot":true},{"id":4,"name":"Goose","team":"soviet","kind":"su27","bot":true},{"id":5,"name":"Ivan","team":"nato","kind":"f16","bot":true},{"id":6,"name":"Sokol","team":"soviet","kind":"mig29","bot":true},{"id":7,"name":"Berkut","team":"nato","kind":"f15","bot":true},{"id":8,"name":"Yastreb","team":"soviet","kind":"su27","bot":true},{"id":10,"name":"Raven","team":"soviet","kind":"mig29","bot":true},{"id":13,"name":"a","team":"nato","kind":"f16","bot":false},{"id":14,"name":"b","team":"soviet","kind":"su27","bot":false},{"id":15,"name":"c","team":"nato","kind":"f16","bot":false}]}}
{"t":"round","n":434,"m":{"t":"round","phase":"ended","left":435,"winner":"Sovyet","nato":17,"soviet":25,"board":[{"id":5,"k":7,"d":6,"s":7},{"id":6,"k":6,"d":2,"s":6},{"id":2,"k":5,"d":3,"s":5},{"id":14,"k":5,"d":5,"s":5},{"id":10,"k":4,"d":5,"s":4},{"id":4,"k":3,"d":3,"s":3},{"id":3,"k":2,"d":3,"s":2},{"id":7,"k":2,"d":6,"s":2},{"id":8,"k":2,"d":5,"s":2},{"id":1,"k":1,"d":1,"s":1},{"id":15,"k":0,"d":0,"s":0},{"id":13,"k":0,"d":11,"s":-7}],"wt":"soviet"}}
{"t":"players","n":790,"m":{"t":"players","list":[{"id":1,"name":"Maverick","team":"nato","kind":"f16","bot":true},{"id":2,"name":"Iceman","team":"soviet","kind":"mig29","bot":true},{"id":3,"name":"Viper","team":"nato","kind":"f15","bot":true},{"id":4,"name":"Goose","team":"soviet","kind":"su27","bot":true},{"id":5,"name":"Ivan","team":"nato","kind":"f16","bot":true},{"id":6,"name":"Sokol","team":"soviet","kind":"mig29","bot":true},{"id":7,"name":"Berkut","team":"nato","kind":"f15","bot":true},{"id":8,"name":"Yastreb","team":"soviet","kind":"su27","bot":true},{"id":10,"name":"Raven","team":"soviet","kind":"mig29","bot":true},{"id":13,"name":"a","team":"nato","kind":"f16","bot":false},{"id":14,"name":"b","team":"soviet","kind":"su27","bot":false},{"id":15,"name":"c","team":"nato","kind":"f16","bot":false}]}}
{"t":"run","c":225,"n":613187,"h":"b69fd618530838aa"}
{"t":"round","n":402,"m":{"t":"round","phase":"playing","left":28800,"nato":0,"soviet":0,"board":[{"id":1,"k":0,"d":0,"s":0},{"id":2,"k":0,"d":0,"s":0},{"id":3,"k":0,"d":0,"s":0},{"id":4,"k":0,"d":0,"s":0},{"id":5,"k":0,"d":0,"s":0},{"id":6,"k":0,"d":0,"s":0},{"id":7,"k":0,"d":0,"s":0},{"id":8,"k":0,"d":0,"s":0},{"id":10,"k":0,"d":0,"s":0},{"id":13,"k":0,"d":0,"s":0},{"id":14,"k":0,"d":0,"s":0},{"id":15,"k":0,"d":0,"s":0}]}}
{"t":"run","c":334,"n":1052506,"h":"066e91b3a6291650"}
{"t":"close","n":13,"m":{"t":"close"}}
## c.ev
{"t":"spawn","n":33,"m":{"k":"spawn","tick":27015,"a":15}}
## sink
{"t":"delta","n":48,"m":{"p":"pilot-a","n":"a","t":646,"kd":{"f16":646}}}
{"t":"delta","n":48,"m":{"p":"pilot-c","n":"c","t":646,"kd":{"f16":646}}}
{"t":"delta","n":55,"m":{"p":"pilot-b","n":"b","f":1,"t":646,"kd":{"su27":646}}}
{"t":"delta","n":77,"m":{"p":"pilot-a","n":"a","d":11,"c":7,"m":1,"f":4,"t":24434,"kd":{"f16":24434}}}
{"t":"delta","n":90,"m":{"p":"pilot-b","n":"b","bk":5,"d":5,"w":1,"m":1,"f":4,"h":2,"t":25694,"kd":{"su27":25694}}}
