## a
{"t":"welcome","n":46844,"h":"f4c1afb43f3b057d","p":"{\"t\":\"welcome\",\"you\":5,\"code\":\"GOLD\",\"mode\":\"ffa\",\"aircraft\":[{\"kind\":\"f16\",\"name\":\"F-16\",\"team\":\"nato\",\"maxHP\":90,\"maxSpeed\":230,\"maxSpeedAB\":290,\"accel\":48,\"r"}
{"t":"players","n":275,"m":{"t":"players","list":[{"id":1,"name":"Maverick","team":"none","kind":"f16","bot":true},{"id":2,"name":"Iceman","team":"none","kind":"f15","bot":true},{"id":3,"name":"Viper","team":"none","kind":"mig29","bot":true},{"id":5,"name":"a","team":"none","kind":"f16","bot":false}]}}
{"t":"round","n":182,"m":{"t":"round","phase":"playing","left":28800,"nato":0,"soviet":0,"board":[{"id":1,"k":0,"d":0,"s":0},{"id":2,"k":0,"d":0,"s":0},{"id":3,"k":0,"d":0,"s":0},{"id":5,"k":0,"d":0,"s":0}]}}
{"t":"run","c":16,"n":15688,"h":"ff143f754c37cbe7"}
{"t":"players","n":275,"m":{"t":"players","list":[{"id":1,"name":"Maverick","team":"none","kind":"f16","bot":true},{"id":2,"name":"Iceman","team":"none","kind":"f15","bot":true},{"id":3,"name":"Viper","team":"none","kind":"mig29","bot":true},{"id":5,"name":"a","team":"none","kind":"f16","bot":false}]}}
{"t":"run","c":212,"n":258020,"h":"fc6e34835a5245e0"}
{"t":"round","n":182,"m":{"t":"round","phase":"playing","left":28359,"nato":0,"soviet":0,"board":[{"id":1,"k":1,"d":0,"s":1},{"id":2,"k":0,"d":0,"s":0},{"id":3,"k":0,"d":0,"s":0},{"id":5,"k":0,"d":1,"s":0}]}}
{"t":"run","c":31,"n":37204,"h":"f467579fe89dd61a"}
{"t":"pong","n":19,"m":{"t":"pong","ts":5}}
{"t":"chat","n":28,"m":{"t":"chat","from":5,"id":3}}
{"t":"notice","n":61,"m":{"t":"notice","msg":"Bu modda takım yok","code":"team_none"}}
{"t":"run","c":128,"n":155111,"h":"3439a3474cd128e0"}
{"t":"players","n":270,"m":{"t":"players","list":[{"id":1,"name":"Maverick","team":"none","kind":"f16","bot":true},{"id":2,"name":"Iceman","team":"none","kind":"f15","bot":true},{"id":5,"name":"a","team":"none","kind":"f16","bot":false},{"id":6,"name":"b","team":"none","kind":"f16","bot":false}]}}
{"t":"run","c":1,"n":1397,"h":"a186f95980b8a8d0"}
{"t":"players","n":271,"m":{"t":"players","list":[{"id":1,"name":"Maverick","team":"none","kind":"f16","bot":true},{"id":2,"name":"Iceman","team":"none","kind":"f15","bot":true},{"id":5,"name":"a","team":"none","kind":"f16","bot":false},{"id":6,"name":"b","team":"none","kind":"su27","bot":false}]}}
{"t":"run","c":15,"n":18236,"h":"94a9a8dac46cff43"}
{"t":"round","n":182,"m":{"t":"round","phase":"playing","left":28020,"nato":0,"soviet":0,"board":[{"id":1,"k":1,"d":0,"s":1},{"id":2,"k":0,"d":0,"s":0},{"id":5,"k":0,"d":1,"s":0},{"id":6,"k":0,"d":0,"s":0}]}}
{"t":"run","c":1179,"n":1449553,"h":"17c4cb8acf955f54"}
{"t":"round","n":182,"m":{"t":"round","phase":"playing","left":25738,"nato":0,"soviet":0,"board":[{"id":1,"k":1,"d":1,"s":1},{"id":2,"k":1,"d":0,"s":1},{"id":5,"k":0,"d":1,"s":0},{"id":6,"k":0,"d":0,"s":0}]}}
{"t":"run","c":98,"n":126971,"h":"d313b4ce741ac63f"}
{"t":"round","n":183,"m":{"t":"round","phase":"playing","left":25548,"nato":0,"soviet":0,"board":[{"id":1,"k":1,"d":1,"s":1},{"id":2,"k":1,"d":0,"s":1},{"id":6,"k":0,"d":0,"s":0},{"id":5,"k":0,"d":2,"s":-1}]}}
{"t":"run","c":256,"n":314422,"h":"cfb6c71ffb051cd3"}
## a.ev
{"t":"spawn","n":29,"m":{"k":"spawn","tick":31,"a":5}}
{"t":"lock","n":35,"m":{"k":"lock","tick":394,"a":1,"b":5}}
{"t":"mlaunch","n":51,"m":{"k":"mlaunch","tick":396,"a":16777217,"b":5,"o":1}}
{"t":"hit","n":68,"m":{"k":"hit","tick":441,"a":5,"b":1,"val":90,"w":"missile","z":"crit"}}
{"t":"kill","n":49,"m":{"k":"kill","tick":441,"a":5,"b":1,"w":"missile"}}
{"t":"spawn","n":30,"m":{"k":"spawn","tick":621,"a":5}}
{"t":"hit","n":51,"m":{"k":"hit","tick":2772,"a":5,"val":10,"w":"bounds"}}
{"t":"hit","n":51,"m":{"k":"hit","tick":2832,"a":5,"val":10,"w":"bounds"}}
{"t":"hit","n":51,"m":{"k":"hit","tick":2892,"a":5,"val":10,"w":"bounds"}}
{"t":"hit","n":51,"m":{"k":"hit","tick":2952,"a":5,"val":10,"w":"bounds"}}
{"t":"hit","n":51,"m":{"k":"hit","tick":3012,"a":5,"val":10,"w":"bounds"}}
{"t":"hit","n":51,"m":{"k":"hit","tick":3072,"a":5,"val":10,"w":"bounds"}}
{"t":"hit","n":51,"m":{"k":"hit","tick":3132,"a":5,"val":10,"w":"bounds"}}
{"t":"hit","n":51,"m":{"k":"hit","tick":3192,"a":5,"val":10,"w":"bounds"}}
{"t":"hit","n":51,"m":{"k":"hit","tick":3252,"a":5,"val":10,"w":"bounds"}}
{"t":"kill","n":43,"m":{"k":"kill","tick":3252,"a":5,"w":"bounds"}}
{"t":"spawn","n":31,"m":{"k":"spawn","tick":3432,"a":5}}
{"t":"lock","n":36,"m":{"k":"lock","tick":3646,"a":1,"b":5}}
{"t":"lock","n":36,"m":{"k":"lock","tick":3646,"a":5,"b":1}}
{"t":"mlaunch","n":52,"m":{"k":"mlaunch","tick":3647,"a":16777229,"b":1,"o":5}}
{"t":"mlaunch","n":52,"m":{"k":"mlaunch","tick":3648,"a":16777230,"b":5,"o":1}}
{"t":"hit","n":73,"m":{"k":"hit","tick":3703,"a":1,"b":5,"val":70,"w":"missile","z":"controls"}}
{"t":"hit","n":73,"m":{"k":"hit","tick":3704,"a":5,"b":1,"val":70,"w":"missile","z":"controls"}}
## b
{"t":"welcome","n":46815,"h":"f8d9f5d1b92e9315","p":"{\"t\":\"welcome\",\"you\":6,\"code\":\"GOLD\",\"mode\":\"ffa\",\"aircraft\":[{\"kind\":\"f16\",\"name\":\"F-16\",\"team\":\"nato\",\"maxHP\":90,\"maxSpeed\":230,\"maxSpeedAB\":290,\"accel\":48,\"r"}
{"t":"players","n":270,"m":{"t":"players","list":[{"id":1,"name":"Maverick","team":"none","kind":"f16","bot":true},{"id":2,"name":"Iceman","team":"none","kind":"f15","bot":true},{"id":5,"name":"a","team":"none","kind":"f16","bot":false},{"id":6,"name":"b","team":"none","kind":"f16","bot":false}]}}
{"t":"round","n":182,"m":{"t":"round","phase":"playing","left":28051,"nato":0,"soviet":0,"board":[{"id":1,"k":1,"d":0,"s":1},{"id":2,"k":0,"d":0,"s":0},{"id":5,"k":0,"d":1,"s":0},{"id":6,"k":0,"d":0,"s":0}]}}
{"t":"run","c":1,"n":1395,"h":"8a127f61dfb61232"}
{"t":"players","n":271,"m":{"t":"players","list":[{"id":1,"name":"Maverick","team":"none","kind":"f16","bot":true},{"id":2,"name":"Iceman","team":"none","kind":"f15","bot":true},{"id":5,"name":"a","team":"none","kind":"f16","bot":false},{"id":6,"name":"b","team":"none","kind":"su27","bot":false}]}}
{"t":"run","c":1195,"n":1467575,"h":"7d2e3b5cb760d7bf"}
{"t":"round","n":182,"m":{"t":"round","phase":"playing","left":25738,"nato":0,"soviet":0,"board":[{"id":1,"k":1,"d":1,"s":1},{"id":2,"k":1,"d":0,"s":1},{"id":5,"k":0,"d":1,"s":0},{"id":6,"k":0,"d":0,"s":0}]}}
{"t":"run","c":98,"n":126971,"h":"fdec1d7ef28eec0f"}
{"t":"round","n":183,"m":{"t":"round","phase":"playing","left":25548,"nato":0,"soviet":0,"board":[{"id":1,"k":1,"d":1,"s":1},{"id":2,"k":1,"d":0,"s":1},{"id":6,"k":0,"d":0,"s":0},{"id":5,"k":0,"d":2,"s":-1}]}}
{"t":"run","c":257,"n":315661,"h":"4d9ff53c24bf8b9b"}
{"t":"players","n":274,"m":{"t":"players","list":[{"id":1,"name":"Maverick","team":"none","kind":"f16","bot":true},{"id":2,"name":"Iceman","team":"none","kind":"f15","bot":true},{"id":6,"name":"b","team":"none","kind":"su27","bot":false},{"id":7,"name":"Viper","team":"none","kind":"f16","bot":true}]}}
{"t":"round","n":182,"m":{"t":"round","phase":"playing","left":25050,"nato":0,"soviet":0,"board":[{"id":1,"k":1,"d":1,"s":1},{"id":2,"k":1,"d":0,"s":1},{"id":6,"k":0,"d":0,"s":0},{"id":7,"k":0,"d":0,"s":0}]}}
{"t":"run","c":154,"n":186635,"h":"c5fdf863104c6a9e"}
{"t":"close","n":13,"m":{"t":"close"}}
## b.ev
{"t":"spawn","n":30,"m":{"k":"spawn","tick":750,"a":6}}
{"t":"hit","n":56,"m":{"k":"hit","tick":1086,"a":2,"b":6,"val":6,"w":"cannon"}}
{"t":"hit","n":56,"m":{"k":"hit","tick":1089,"a":2,"b":6,"val":6,"w":"cannon"}}
{"t":"lock","n":36,"m":{"k":"lock","tick":1359,"a":1,"b":6}}
{"t":"mlaunch","n":52,"m":{"k":"mlaunch","tick":1362,"a":16777219,"b":6,"o":1}}
{"t":"flare","n":31,"m":{"k":"flare","tick":1375,"a":6}}
{"t":"mlaunch","n":52,"m":{"k":"mlaunch","tick":1422,"a":16777220,"b":6,"o":1}}
{"t":"decoy","n":50,"m":{"k":"decoy","tick":1422,"a":16777220,"b":6,"o":1}}
{"t":"flare","n":31,"m":{"k":"flare","tick":1441,"a":6}}
{"t":"decoy","n":50,"m":{"k":"decoy","tick":1441,"a":16777219,"b":6,"o":1}}
{"t":"mlaunch","n":52,"m":{"k":"mlaunch","tick":1482,"a":16777221,"b":6,"o":1}}
{"t":"flare","n":31,"m":{"k":"flare","tick":1507,"a":6}}
{"t":"hit","n":73,"m":{"k":"hit","tick":1545,"a":6,"b":1,"val":70,"w":"missile","z":"controls"}}
{"t":"lock","n":36,"m":{"k":"lock","tick":2264,"a":2,"b":6}}
{"t":"mlaunch","n":52,"m":{"k":"mlaunch","tick":2267,"a":16777222,"b":6,"o":2}}
{"t":"mlaunch","n":52,"m":{"k":"mlaunch","tick":2327,"a":16777223,"b":6,"o":2}}
{"t":"flare","n":31,"m":{"k":"flare","tick":2365,"a":6}}
{"t":"decoy","n":50,"m":{"k":"decoy","tick":2365,"a":16777222,"b":6,"o":2}}
{"t":"decoy","n":50,"m":{"k":"decoy","tick":2385,"a":16777223,"b":6,"o":2}}
{"t":"lock","n":36,"m":{"k":"lock","tick":2412,"a":1,"b":6}}
{"t":"mlaunch","n":52,"m":{"k":"mlaunch","tick":2418,"a":16777224,"b":6,"o":1}}
{"t":"decoy","n":50,"m":{"k":"decoy","tick":2418,"a":16777224,"b":6,"o":1}}
{"t":"mlaunch","n":52,"m":{"k":"mlaunch","tick":2478,"a":16777225,"b":6,"o":1}}
{"t":"decoy","n":50,"m":{"k":"decoy","tick":2478,"a":16777225,"b":6,"o":1}}
{"t":"lock","n":36,"m":{"k":"lock","tick":2555,"a":2,"b":6}}
{"t":"hit","n":56,"m":{"k":"hit","tick":3286,"a":2,"b":6,"val":6,"w":"cannon"}}
{"t":"hit","n":56,"m":{"k":"hit","tick":3289,"a":2,"b":6,"val":6,"w":"cannon"}}
{"t":"hit","n":56,"m":{"k":"hit","tick":3292,"a":2,"b":6,"val":6,"w":"cannon"}}
{"t":"hit","n":56,"m":{"k":"hit","tick":3294,"a":2,"b":6,"val":6,"w":"cannon"}}
{"t":"lock","n":36,"m":{"k":"lock","tick":3297,"a":2,"b":6}}
{"t":"hit","n":56,"m":{"k":"hit","tick":3297,"a":2,"b":6,"val":6,"w":"cannon"}}
{"t":"hit","n":56,"m":{"k":"hit","tick":3300,"a":2,"b":6,"val":6,"w":"cannon"}}
{"t":"hit","n":56,"m":{"k":"hit","tick":3303,"a":2,"b":6,"val":6,"w":"cannon"}}
## sink
{"t":"delta","n":51,"m":{"p":"pilot-b","n":"b","t":1500,"kd":{"su27":1500}}}
{"t":"delta","n":51,"m":{"p":"pilot-b","n":"b","t":1800,"kd":{"su27":1800}}}
{"t":"delta","n":56,"m":{"p":"pilot-a","n":"a","d":1,"t":2038,"kd":{"f16":2038}}}
{"t":"delta","n":80,"m":{"p":"pilot-a","n":"a","d":1,"c":1,"m":1,"f":1,"h":1,"t":1320,"kd":{"f16":1320}}}
