## a
{"t":"welcome","n":101421,"h":"0181b8485d8886e5","p":"{\"t\":\"welcome\",\"you\":9,\"code\":\"GOLD\",\"mode\":\"team\",\"aircraft\":[{\"kind\":\"f16\",\"name\":\"F-16\",\"team\":\"nato\",\"maxHP\":90,\"maxSpeed\":230,\"maxSpeedAB\":290,\"accel\":48,\""}
{"t":"players","n":536,"m":{"t":"players","list":[{"id":1,"name":"Maverick","team":"nato","kind":"f16","bot":true},{"id":2,"name":"Iceman","team":"soviet","kind":"mig29","bot":true},{"id":3,"name":"Viper","team":"nato","kind":"f15","bot":true},{"id":4,"name":"Goose","team":"soviet","kind":"su27","bot":true},{"id":5,"name":"Ivan","team":"nato","kind":"f16","bot":true},{"id":6,"name":"Sokol","team":"soviet","kind":"mig29","bot":true},{"id":8,"name":"Yastreb","team":"soviet","kind":"su27","bot":true},{"id":9,"name":"a","team":"nato","kind":"f16","bot":false}]}}
{"t":"round","n":290,"m":{"t":"round","phase":"playing","left":28800,"nato":0,"soviet":0,"board":[{"id":1,"k":0,"d":0,"s":0},{"id":2,"k":0,"d":0,"s":0},{"id":3,"k":0,"d":0,"s":0},{"id":4,"k":0,"d":0,"s":0},{"id":5,"k":0,"d":0,"s":0},{"id":6,"k":0,"d":0,"s":0},{"id":8,"k":0,"d":0,"s":0},{"id":9,"k":0,"d":0,"s":0}]}}
{"t":"players","n":533,"m":{"t":"players","list":[{"id":1,"name":"Maverick","team":"nato","kind":"f16","bot":true},{"id":2,"name":"Iceman","team":"soviet","kind":"mig29","bot":true},{"id":3,"name":"Viper","team":"nato","kind":"f15","bot":true},{"id":4,"name":"Goose","team":"soviet","kind":"su27","bot":true},{"id":5,"name":"Ivan","team":"nato","kind":"f16","bot":true},{"id":6,"name":"Sokol","team":"soviet","kind":"mig29","bot":true},{"id":9,"name":"a","team":"nato","kind":"f16","bot":false},{"id":10,"name":"b","team":"soviet","kind":"mig29","bot":false}]}}
{"t":"notice","n":67,"m":{"t":"notice","msg":"Takımlar dengesiz olur","code":"team_uneven"}}
{"t":"round","n":291,"m":{"t":"round","phase":"playing","left":28799,"nato":0,"soviet":0,"board":[{"id":1,"k":0,"d":0,"s":0},{"id":2,"k":0,"d":0,"s":0},{"id":3,"k":0,"d":0,"s":0},{"id":4,"k":0,"d":0,"s":0},{"id":5,"k":0,"d":0,"s":0},{"id":6,"k":0,"d":0,"s":0},{"id":9,"k":0,"d":0,"s":0},{"id":10,"k":0,"d":0,"s":0}]}}
{"t":"run","c":5,"n":7863,"h":"e8e993a5218ee69f"}
{"t":"chat","n":28,"m":{"t":"chat","from":9,"id":1}}
{"t":"players","n":532,"m":{"t":"players","list":[{"id":1,"name":"Maverick","team":"nato","kind":"f16","bot":true},{"id":2,"name":"Iceman","team":"soviet","kind":"mig29","bot":true},{"id":3,"name":"Viper","team":"nato","kind":"f15","bot":true},{"id":4,"name":"Goose","team":"soviet","kind":"su27","bot":true},{"id":5,"name":"Ivan","team":"nato","kind":"f16","bot":true},{"id":6,"name":"Sokol","team":"soviet","kind":"mig29","bot":true},{"id":9,"name":"a","team":"nato","kind":"f16","bot":false},{"id":10,"name":"b","team":"soviet","kind":"su27","bot":false}]}}
{"t":"run","c":2007,"n":3807353,"h":"9aee27f8b4c38c95"}
{"t":"round","n":291,"m":{"t":"round","phase":"playing","left":24903,"nato":0,"soviet":1,"board":[{"id":2,"k":1,"d":0,"s":1},{"id":1,"k":0,"d":1,"s":0},{"id":3,"k":0,"d":0,"s":0},{"id":4,"k":0,"d":0,"s":0},{"id":5,"k":0,"d":0,"s":0},{"id":6,"k":0,"d":0,"s":0},{"id":9,"k":0,"d":0,"s":0},{"id":10,"k":0,"d":0,"s":0}]}}
{"t":"run","c":612,"n":1216653,"h":"bd55fb5b7f04d76f"}
{"t":"notice","n":67,"m":{"t":"notice","msg":"Takımlar dengesiz olur","code":"team_uneven"}}
{"t":"run","c":310,"n":642792,"h":"1c03375b28f85580"}
{"t":"notice","n":75,"m":{"t":"notice","msg":"Hasar aldıktan sonra 10 sn bekle","code":"team_hurt"}}
{"t":"players","n":537,"m":{"t":"players","list":[{"id":1,"name":"Maverick","team":"nato","kind":"f16","bot":true},{"id":2,"name":"Iceman","team":"soviet","kind":"mig29","bot":true},{"id":3,"name":"Viper","team":"nato","kind":"f15","bot":true},{"id":4,"name":"Goose","team":"soviet","kind":"su27","bot":true},{"id":5,"name":"Ivan","team":"nato","kind":"f16","bot":true},{"id":6,"name":"Sokol","team":"soviet","kind":"mig29","bot":true},{"id":9,"name":"a","team":"nato","kind":"f16","bot":false},{"id":11,"name":"Berkut","team":"soviet","kind":"mig29","bot":true}]}}
{"t":"run","c":3,"n":6251,"h":"5a4597d224610e95"}
{"t":"players","n":537,"m":{"t":"players","list":[{"id":1,"name":"Maverick","team":"nato","kind":"f16","bot":true},{"id":2,"name":"Iceman","team":"soviet","kind":"mig29","bot":true},{"id":3,"name":"Viper","team":"nato","kind":"f15","bot":true},{"id":4,"name":"Goose","team":"soviet","kind":"su27","bot":true},{"id":5,"name":"Ivan","team":"nato","kind":"f16","bot":true},{"id":6,"name":"Sokol","team":"soviet","kind":"mig29","bot":true},{"id":9,"name":"a","team":"nato","kind":"f16","bot":false},{"id":11,"name":"Berkut","team":"soviet","kind":"mig29","bot":true}]}}
{"t":"run","c":7,"n":14415,"h":"0a82267a19a7571f"}
{"t":"round","n":291,"m":{"t":"round","phase":"playing","left":23100,"nato":0,"soviet":1,"board":[{"id":2,"k":1,"d":0,"s":1},{"id":1,"k":0,"d":1,"s":0},{"id":3,"k":0,"d":0,"s":0},{"id":4,"k":0,"d":0,"s":0},{"id":5,"k":0,"d":0,"s":0},{"id":6,"k":0,"d":0,"s":0},{"id":9,"k":0,"d":0,"s":0},{"id":11,"k":0,"d":0,"s":0}]}}
{"t":"run","c":259,"n":536472,"h":"0ebe234d5ade6017"}
{"t":"round","n":292,"m":{"t":"round","phase":"playing","left":22598,"nato":0,"soviet":1,"board":[{"id":2,"k":1,"d":0,"s":1},{"id":1,"k":0,"d":1,"s":0},{"id":3,"k":0,"d":0,"s":0},{"id":4,"k":0,"d":0,"s":0},{"id":5,"k":0,"d":0,"s":0},{"id":6,"k":0,"d":0,"s":0},{"id":11,"k":0,"d":0,"s":0},{"id":9,"k":0,"d":1,"s":-1}]}}
{"t":"run","c":298,"n":622726,"h":"a0caaf5dabd1eac6"}
{"t":"round","n":292,"m":{"t":"round","phase":"playing","left":22020,"nato":0,"soviet":1,"board":[{"id":2,"k":1,"d":1,"s":1},{"id":1,"k":0,"d":1,"s":0},{"id":3,"k":0,"d":0,"s":0},{"id":4,"k":0,"d":0,"s":0},{"id":5,"k":0,"d":0,"s":0},{"id":6,"k":0,"d":1,"s":0},{"id":11,"k":0,"d":0,"s":0},{"id":9,"k":0,"d":1,"s":-1}]}}
{"t":"run","c":363,"n":752445,"h":"afa7cf2a24d7059e"}
{"t":"close","n":13,"m":{"t":"close"}}
## a.ev
{"t":"spawn","n":29,"m":{"k":"spawn","tick":11,"a":9}}
{"t":"flare","n":29,"m":{"k":"flare","tick":11,"a":9}}
{"t":"flare","n":29,"m":{"k":"flare","tick":31,"a":9}}
{"t":"rearm","n":30,"m":{"k":"rearm","tick":219,"a":9}}
{"t":"lock","n":36,"m":{"k":"lock","tick":5380,"a":2,"b":9}}
{"t":"mlaunch","n":52,"m":{"k":"mlaunch","tick":5381,"a":16777218,"b":9,"o":2}}
{"t":"hit","n":58,"m":{"k":"hit","tick":5444,"a":9,"b":2,"val":70,"w":"missile"}}
{"t":"hit","n":51,"m":{"k":"hit","tick":6142,"a":9,"val":10,"w":"bounds"}}
{"t":"hit","n":51,"m":{"k":"hit","tick":6202,"a":9,"val":10,"w":"bounds"}}
{"t":"kill","n":43,"m":{"k":"kill","tick":6202,"a":9,"w":"bounds"}}
{"t":"spawn","n":31,"m":{"k":"spawn","tick":6382,"a":9}}
## b
{"t":"welcome","n":101422,"h":"77c6cfd3b884df8c","p":"{\"t\":\"welcome\",\"you\":10,\"code\":\"GOLD\",\"mode\":\"team\",\"aircraft\":[{\"kind\":\"f16\",\"name\":\"F-16\",\"team\":\"nato\",\"maxHP\":90,\"maxSpeed\":230,\"maxSpeedAB\":290,\"accel\":48,"}
{"t":"players","n":533,"m":{"t":"players","list":[{"id":1,"name":"Maverick","team":"nato","kind":"f16","bot":true},{"id":2,"name":"Iceman","team":"soviet","kind":"mig29","bot":true},{"id":3,"name":"Viper","team":"nato","kind":"f15","bot":true},{"id":4,"name":"Goose","team":"soviet","kind":"su27","bot":true},{"id":5,"name":"Ivan","team":"nato","kind":"f16","bot":true},{"id":6,"name":"Sokol","team":"soviet","kind":"mig29","bot":true},{"id":9,"name":"a","team":"nato","kind":"f16","bot":false},{"id":10,"name":"b","team":"soviet","kind":"mig29","bot":false}]}}
{"t":"round","n":291,"m":{"t":"round","phase":"playing","left":28800,"nato":0,"soviet":0,"board":[{"id":1,"k":0,"d":0,"s":0},{"id":2,"k":0,"d":0,"s":0},{"id":3,"k":0,"d":0,"s":0},{"id":4,"k":0,"d":0,"s":0},{"id":5,"k":0,"d":0,"s":0},{"id":6,"k":0,"d":0,"s":0},{"id":9,"k":0,"d":0,"s":0},{"id":10,"k":0,"d":0,"s":0}]}}
{"t":"run","c":6,"n":8154,"h":"154c799b9bb3d352"}
{"t":"players","n":532,"m":{"t":"players","list":[{"id":1,"name":"Maverick","team":"nato","kind":"f16","bot":true},{"id":2,"name":"Iceman","team":"soviet","kind":"mig29","bot":true},{"id":3,"name":"Viper","team":"nato","kind":"f15","bot":true},{"id":4,"name":"Goose","team":"soviet","kind":"su27","bot":true},{"id":5,"name":"Ivan","team":"nato","kind":"f16","bot":true},{"id":6,"name":"Sokol","team":"soviet","kind":"mig29","bot":true},{"id":9,"name":"a","team":"nato","kind":"f16","bot":false},{"id":10,"name":"b","team":"soviet","kind":"su27","bot":false}]}}
{"t":"run","c":2007,"n":3807353,"h":"9aee27f8b4c38c95"}
{"t":"round","n":291,"m":{"t":"round","phase":"playing","left":24903,"nato":0,"soviet":1,"board":[{"id":2,"k":1,"d":0,"s":1},{"id":1,"k":0,"d":1,"s":0},{"id":3,"k":0,"d":0,"s":0},{"id":4,"k":0,"d":0,"s":0},{"id":5,"k":0,"d":0,"s":0},{"id":6,"k":0,"d":0,"s":0},{"id":9,"k":0,"d":0,"s":0},{"id":10,"k":0,"d":0,"s":0}]}}
{"t":"run","c":922,"n":1859445,"h":"f74487149e05b949"}
## b.ev
{"t":"spawn","n":30,"m":{"k":"spawn","tick":11,"a":10}}
## sink
{"t":"delta","n":55,"m":{"p":"pilot-b","n":"b","m":1,"t":806,"kd":{"su27":806}}}
{"t":"delta","n":62,"m":{"p":"pilot-a","n":"a","d":1,"c":1,"t":1118,"kd":{"f16":1118}}}
