## a
{"t":"welcome","n":46791,"h":"4e1a03774892e6c5","p":"{\"t\":\"welcome\",\"you\":13,\"code\":\"GOLD\",\"mode\":\"team\",\"aircraft\":[{\"kind\":\"f16\",\"name\":\"F-16\",\"team\":\"nato\",\"maxHP\":90,\"maxSpeed\":230,\"maxSpeedAB\":290,\"accel\":48,"}
{"t":"players","n":794,"m":{"t":"players","list":[{"id":1,"name":"Maverick","team":"nato","kind":"f16","bot":true},{"id":2,"name":"Iceman","team":"soviet","kind":"mig29","bot":true},{"id":3,"name":"Viper","team":"nato","kind":"f15","bot":true},{"id":4,"name":"Goose","team":"soviet","kind":"su27","bot":true},{"id":5,"name":"Ivan","team":"nato","kind":"f16","bot":true},{"id":6,"name":"Sokol","team":"soviet","kind":"mig29","bot":true},{"id":7,"name":"Berkut","team":"nato","kind":"f15","bot":true},{"id":8,"name":"Yastreb","team":"soviet","kind":"su27","bot":true},{"id":9,"name":"Ghost","team":"nato","kind":"f16","bot":true},{"id":10,"name":"Raven","team":"soviet","kind":"mig29","bot":true},{"id":12,"name":"Hawk","team":"soviet","kind":"su27","bot":true},{"id":13,"name":"a","team":"nato","kind":"f16","bot":false}]}}
{"t":"round","n":401,"m":{"t":"round","phase":"playing","left":28800,"nato":0,"soviet":0,"board":[{"id":1,"k":0,"d":0,"s":0},{"id":2,"k":0,"d":0,"s":0},{"id":3,"k":0,"d":0,"s":0},{"id":4,"k":0,"d":0,"s":0},{"id":5,"k":0,"d":0,"s":0},{"id":6,"k":0,"d":0,"s":0},{"id":7,"k":0,"d":0,"s":0},{"id":8,"k":0,"d":0,"s":0},{"id":9,"k":0,"d":0,"s":0},{"id":10,"k":0,"d":0,"s":0},{"id":12,"k":0,"d":0,"s":0},{"id":13,"k":0,"d":0,"s":0}]}}
{"t":"players","n":793,"m":{"t":"players","list":[{"id":1,"name":"Maverick","team":"nato","kind":"f16","bot":true},{"id":2,"name":"Iceman","team":"soviet","kind":"mig29","bot":true},{"id":3,"name":"Viper","team":"nato","kind":"f15","bot":true},{"id":4,"name":"Goose","team":"soviet","kind":"su27","bot":true},{"id":5,"name":"Ivan","team":"nato","kind":"f16","bot":true},{"id":6,"name":"Sokol","team":"soviet","kind":"mig29","bot":true},{"id":7,"name":"Berkut","team":"nato","kind":"f15","bot":true},{"id":8,"name":"Yastreb","team":"soviet","kind":"su27","bot":true},{"id":9,"name":"Ghost","team":"nato","kind":"f16","bot":true},{"id":10,"name":"Raven","team":"soviet","kind":"mig29","bot":true},{"id":13,"name":"a","team":"nato","kind":"f16","bot":false},{"id":14,"name":"b","team":"soviet","kind":"mig29","bot":false}]}}
{"t":"players","n":792,"m":{"t":"players","list":[{"id":1,"name":"Maverick","team":"nato","kind":"f16","bot":true},{"id":2,"name":"Iceman","team":"soviet","kind":"mig29","bot":true},{"id":3,"name":"Viper","team":"nato","kind":"f15","bot":true},{"id":4,"name":"Goose","team":"soviet","kind":"su27","bot":true},{"id":5,"name":"Ivan","team":"nato","kind":"f16","bot":true},{"id":6,"name":"Sokol","team":"soviet","kind":"mig29","bot":true},{"id":7,"name":"Berkut","team":"nato","kind":"f15","bot":true},{"id":8,"name":"Yastreb","team":"soviet","kind":"su27","bot":true},{"id":9,"name":"Ghost","team":"nato","kind":"f16","bot":true},{"id":10,"name":"Raven","team":"soviet","kind":"mig29","bot":true},{"id":13,"name":"a","team":"nato","kind":"f16","bot":false},{"id":14,"name":"b","team":"soviet","kind":"su27","bot":false}]}}
{"t":"round","n":401,"m":{"t":"round","phase":"playing","left":28799,"nato":0,"soviet":0,"board":[{"id":1,"k":0,"d":0,"s":0},{"id":2,"k":0,"d":0,"s":0},{"id":3,"k":0,"d":0,"s":0},{"id":4,"k":0,"d":0,"s":0},{"id":5,"k":0,"d":0,"s":0},{"id":6,"k":0,"d":0,"s":0},{"id":7,"k":0,"d":0,"s":0},{"id":8,"k":0,"d":0,"s":0},{"id":9,"k":0,"d":0,"s":0},{"id":10,"k":0,"d":0,"s":0},{"id":13,"k":0,"d":0,"s":0},{"id":14,"k":0,"d":0,"s":0}]}}
{"t":"run","c":568,"n":1807918,"h":"ce99e00aaa1765bd"}
{"t":"round","n":401,"m":{"t":"round","phase":"playing","left":27700,"nato":0,"soviet":1,"board":[{"id":2,"k":1,"d":0,"s":1},{"id":1,"k":0,"d":0,"s":0},{"id":3,"k":0,"d":0,"s":0},{"id":4,"k":0,"d":0,"s":0},{"id":5,"k":0,"d":0,"s":0},{"id":6,"k":0,"d":0,"s":0},{"id":7,"k":0,"d":0,"s":0},{"id":8,"k":0,"d":0,"s":0},{"id":9,"k":0,"d":1,"s":0},{"id":10,"k":0,"d":0,"s":0},{"id":13,"k":0,"d":0,"s":0},{"id":14,"k":0,"d":0,"s":0}]}}
{"t":"run","c":118,"n":357974,"h":"9116dc44689a6b37"}
{"t":"round","n":401,"m":{"t":"round","phase":"playing","left":27472,"nato":1,"soviet":1,"board":[{"id":2,"k":1,"d":0,"s":1},{"id":5,"k":1,"d":0,"s":1},{"id":1,"k":0,"d":0,"s":0},{"id":3,"k":0,"d":0,"s":0},{"id":4,"k":0,"d":0,"s":0},{"id":6,"k":0,"d":1,"s":0},{"id":7,"k":0,"d":0,"s":0},{"id":8,"k":0,"d":0,"s":0},{"id":9,"k":0,"d":1,"s":0},{"id":10,"k":0,"d":0,"s":0},{"id":13,"k":0,"d":0,"s":0},{"id":14,"k":0,"d":0,"s":0}]}}
{"t":"run","c":352,"n":1077991,"h":"a6355eb5cc71e1df"}
{"t":"round","n":401,"m":{"t":"round","phase":"playing","left":26789,"nato":1,"soviet":2,"board":[{"id":2,"k":1,"d":0,"s":1},{"id":5,"k":1,"d":0,"s":1},{"id":6,"k":1,"d":1,"s":1},{"id":1,"k":0,"d":0,"s":0},{"id":3,"k":0,"d":0,"s":0},{"id":4,"k":0,"d":0,"s":0},{"id":7,"k":0,"d":0,"s":0},{"id":8,"k":0,"d":0,"s":0},{"id":9,"k":0,"d":1,"s":0},{"id":10,"k":0,"d":0,"s":0},{"id":13,"k":0,"d":1,"s":0},{"id":14,"k":0,"d":0,"s":0}]}}
{"t":"run","c":555,"n":1639817,"h":"3a681675c81f4b43"}
{"t":"round","n":401,"m":{"t":"round","phase":"playing","left":25716,"nato":2,"soviet":2,"board":[{"id":1,"k":1,"d":0,"s":1},{"id":2,"k":1,"d":0,"s":1},{"id":5,"k":1,"d":0,"s":1},{"id":6,"k":1,"d":1,"s":1},{"id":3,"k":0,"d":0,"s":0},{"id":4,"k":0,"d":0,"s":0},{"id":7,"k":0,"d":0,"s":0},{"id":8,"k":0,"d":0,"s":0},{"id":9,"k":0,"d":1,"s":0},{"id":10,"k":0,"d":1,"s":0},{"id":13,"k":0,"d":1,"s":0},{"id":14,"k":0,"d":0,"s":0}]}}
{"t":"run","c":371,"n":1086317,"h":"adec49d1c64dc1d9"}
{"t":"round","n":401,"m":{"t":"round","phase":"playing","left":24998,"nato":2,"soviet":3,"board":[{"id":1,"k":1,"d":0,"s":1},{"id":2,"k":1,"d":0,"s":1},{"id":5,"k":1,"d":0,"s":1},{"id":6,"k":1,"d":1,"s":1},{"id":10,"k":1,"d":1,"s":1},{"id":3,"k":0,"d":0,"s":0},{"id":4,"k":0,"d":0,"s":0},{"id":7,"k":0,"d":0,"s":0},{"id":8,"k":0,"d":0,"s":0},{"id":9,"k":0,"d":1,"s":0},{"id":13,"k":0,"d":2,"s":0},{"id":14,"k":0,"d":0,"s":0}]}}
{"t":"run","c":1040,"n":3085740,"h":"9b127b4c5902ab71"}
{"t":"round","n":401,"m":{"t":"round","phase":"playing","left":22983,"nato":2,"soviet":4,"board":[{"id":6,"k":2,"d":1,"s":2},{"id":1,"k":1,"d":0,"s":1},{"id":2,"k":1,"d":0,"s":1},{"id":5,"k":1,"d":0,"s":1},{"id":10,"k":1,"d":1,"s":1},{"id":3,"k":0,"d":0,"s":0},{"id":4,"k":0,"d":0,"s":0},{"id":7,"k":0,"d":0,"s":0},{"id":8,"k":0,"d":0,"s":0},{"id":9,"k":0,"d":1,"s":0},{"id":13,"k":0,"d":3,"s":0},{"id":14,"k":0,"d":0,"s":0}]}}
{"t":"run","c":757,"n":2260666,"h":"a7c76b387c68d7bd"}
{"t":"round","n":401,"m":{"t":"round","phase":"playing","left":21520,"nato":3,"soviet":5,"board":[{"id":1,"k":2,"d":1,"s":2},{"id":6,"k":2,"d":1,"s":2},{"id":2,"k":1,"d":0,"s":1},{"id":5,"k":1,"d":0,"s":1},{"id":8,"k":1,"d":1,"s":1},{"id":10,"k":1,"d":1,"s":1},{"id":3,"k":0,"d":0,"s":0},{"id":4,"k":0,"d":0,"s":0},{"id":7,"k":0,"d":0,"s":0},{"id":9,"k":0,"d":1,"s":0},{"id":13,"k":0,"d":3,"s":0},{"id":14,"k":0,"d":0,"s":0}]}}
{"t":"run","c":844,"n":2514983,"h":"5633ed68f33334f4"}
{"t":"round","n":402,"m":{"t":"round","phase":"playing","left":19885,"nato":3,"soviet":5,"board":[{"id":1,"k":2,"d":1,"s":2},{"id":6,"k":2,"d":1,"s":2},{"id":2,"k":1,"d":0,"s":1},{"id":5,"k":1,"d":0,"s":1},{"id":8,"k":1,"d":1,"s":1},{"id":10,"k":1,"d":1,"s":1},{"id":3,"k":0,"d":0,"s":0},{"id":4,"k":0,"d":0,"s":0},{"id":7,"k":0,"d":0,"s":0},{"id":9,"k":0,"d":1,"s":0},{"id":14,"k":0,"d":0,"s":0},{"id":13,"k":0,"d":4,"s":-1}]}}
{"t":"run","c":458,"n":1368521,"h":"28b1d0a849bf3296"}
{"t":"round","n":402,"m":{"t":"round","phase":"playing","left":19000,"nato":3,"soviet":5,"board":[{"id":1,"k":2,"d":1,"s":2},{"id":6,"k":2,"d":1,"s":2},{"id":2,"k":1,"d":0,"s":1},{"id":5,"k":1,"d":0,"s":1},{"id":8,"k":1,"d":1,"s":1},{"id":10,"k":1,"d":1,"s":1},{"id":3,"k":0,"d":0,"s":0},{"id":4,"k":0,"d":0,"s":0},{"id":7,"k":0,"d":0,"s":0},{"id":9,"k":0,"d":1,"s":0},{"id":14,"k":0,"d":0,"s":0},{"id":13,"k":0,"d":5,"s":-2}]}}
{"t":"run","c":296,"n":891416,"h":"1184a2bdbf56dbf6"}
{"t":"round","n":402,"m":{"t":"round","phase":"playing","left":18425,"nato":3,"soviet":6,"board":[{"id":1,"k":2,"d":1,"s":2},{"id":6,"k":2,"d":1,"s":2},{"id":10,"k":2,"d":1,"s":2},{"id":2,"k":1,"d":0,"s":1},{"id":5,"k":1,"d":0,"s":1},{"id":8,"k":1,"d":1,"s":1},{"id":3,"k":0,"d":0,"s":0},{"id":4,"k":0,"d":0,"s":0},{"id":7,"k":0,"d":1,"s":0},{"id":9,"k":0,"d":1,"s":0},{"id":14,"k":0,"d":0,"s":0},{"id":13,"k":0,"d":5,"s":-2}]}}
{"t":"run","c":126,"n":374288,"h":"42b1623d9a4f3c14"}
{"t":"round","n":402,"m":{"t":"round","phase":"playing","left":18181,"nato":3,"soviet":6,"board":[{"id":1,"k":2,"d":1,"s":2},{"id":6,"k":2,"d":1,"s":2},{"id":10,"k":2,"d":1,"s":2},{"id":2,"k":1,"d":0,"s":1},{"id":5,"k":1,"d":0,"s":1},{"id":8,"k":1,"d":1,"s":1},{"id":3,"k":0,"d":0,"s":0},{"id":4,"k":0,"d":0,"s":0},{"id":7,"k":0,"d":1,"s":0},{"id":9,"k":0,"d":1,"s":0},{"id":14,"k":0,"d":0,"s":0},{"id":13,"k":0,"d":6,"s":-3}]}}
{"t":"run","c":170,"n":542562,"h":"27c16b2bb2a447a2"}
{"t":"round","n":402,"m":{"t":"round","phase":"playing","left":17854,"nato":4,"soviet":6,"board":[{"id":1,"k":2,"d":1,"s":2},{"id":6,"k":2,"d":1,"s":2},{"id":10,"k":2,"d":1,"s":2},{"id":2,"k":1,"d":1,"s":1},{"id":5,"k":1,"d":0,"s":1},{"id":7,"k":1,"d":1,"s":1},{"id":8,"k":1,"d":1,"s":1},{"id":3,"k":0,"d":0,"s":0},{"id":4,"k":0,"d":0,"s":0},{"id":9,"k":0,"d":1,"s":0},{"id":14,"k":0,"d":0,"s":0},{"id":13,"k":0,"d":6,"s":-3}]}}
{"t":"run","c":68,"n":224082,"h":"ffa1fd7c589de7fc"}
{"t":"round","n":402,"m":{"t":"round","phase":"playing","left":17722,"nato":4,"soviet":7,"board":[{"id":6,"k":3,"d":1,"s":3},{"id":1,"k":2,"d":1,"s":2},{"id":10,"k":2,"d":1,"s":2},{"id":2,"k":1,"d":1,"s":1},{"id":5,"k":1,"d":0,"s":1},{"id":7,"k":1,"d":1,"s":1},{"id":8,"k":1,"d":1,"s":1},{"id":3,"k":0,"d":0,"s":0},{"id":4,"k":0,"d":0,"s":0},{"id":9,"k":0,"d":2,"s":0},{"id":14,"k":0,"d":0,"s":0},{"id":13,"k":0,"d":6,"s":-3}]}}
{"t":"run","c":333,"n":1034396,"h":"196e5c7252889430"}
{"t":"round","n":402,"m":{"t":"round","phase":"playing","left":17078,"nato":4,"soviet":7,"board":[{"id":6,"k":3,"d":1,"s":3},{"id":1,"k":2,"d":1,"s":2},{"id":10,"k":2,"d":1,"s":2},{"id":2,"k":1,"d":1,"s":1},{"id":5,"k":1,"d":0,"s":1},{"id":7,"k":1,"d":1,"s":1},{"id":8,"k":1,"d":1,"s":1},{"id":3,"k":0,"d":0,"s":0},{"id":4,"k":0,"d":0,"s":0},{"id":9,"k":0,"d":2,"s":0},{"id":14,"k":0,"d":0,"s":0},{"id":13,"k":0,"d":7,"s":-4}]}}
{"t":"run","c":116,"n":360910,"h":"542340ff0e8a362d"}
{"t":"round","n":402,"m":{"t":"round","phase":"playing","left":16854,"nato":5,"soviet":7,"board":[{"id":6,"k":3,"d":1,"s":3},{"id":1,"k":2,"d":1,"s":2},{"id":10,"k":2,"d":1,"s":2},{"id":2,"k":1,"d":1,"s":1},{"id":5,"k":1,"d":0,"s":1},{"id":7,"k":1,"d":1,"s":1},{"id":8,"k":1,"d":2,"s":1},{"id":9,"k":1,"d":2,"s":1},{"id":3,"k":0,"d":0,"s":0},{"id":4,"k":0,"d":0,"s":0},{"id":14,"k":0,"d":0,"s":0},{"id":13,"k":0,"d":7,"s":-4}]}}
{"t":"run","c":709,"n":2208015,"h":"48908afe778948a8"}
{"t":"round","n":402,"m":{"t":"round","phase":"playing","left":15480,"nato":5,"soviet":7,"board":[{"id":6,"k":3,"d":1,"s":3},{"id":1,"k":2,"d":2,"s":2},{"id":10,"k":2,"d":1,"s":2},{"id":2,"k":1,"d":1,"s":1},{"id":5,"k":1,"d":1,"s":1},{"id":7,"k":1,"d":1,"s":1},{"id":8,"k":1,"d":2,"s":1},{"id":9,"k":1,"d":2,"s":1},{"id":3,"k":0,"d":0,"s":0},{"id":4,"k":0,"d":0,"s":0},{"id":14,"k":0,"d":0,"s":0},{"id":13,"k":0,"d":7,"s":-4}]}}
{"t":"run","c":218,"n":643872,"h":"1d905d2b3619a420"}
{"t":"round","n":402,"m":{"t":"round","phase":"playing","left":15058,"nato":5,"soviet":8,"board":[{"id":6,"k":3,"d":1,"s":3},{"id":1,"k":2,"d":2,"s":2},{"id":10,"k":2,"d":1,"s":2},{"id":2,"k":1,"d":1,"s":1},{"id":4,"k":1,"d":0,"s":1},{"id":5,"k":1,"d":1,"s":1},{"id":7,"k":1,"d":1,"s":1},{"id":8,"k":1,"d":2,"s":1},{"id":9,"k":1,"d":3,"s":1},{"id":3,"k":0,"d":0,"s":0},{"id":14,"k":0,"d":0,"s":0},{"id":13,"k":0,"d":7,"s":-4}]}}
{"t":"run","c":167,"n":547896,"h":"e216caf162996fca"}
{"t":"round","n":402,"m":{"t":"round","phase":"playing","left":14734,"nato":6,"soviet":8,"board":[{"id":1,"k":3,"d":2,"s":3},{"id":6,"k":3,"d":1,"s":3},{"id":10,"k":2,"d":1,"s":2},{"id":2,"k":1,"d":1,"s":1},{"id":4,"k":1,"d":0,"s":1},{"id":5,"k":1,"d":1,"s":1},{"id":7,"k":1,"d":1,"s":1},{"id":8,"k":1,"d":2,"s":1},{"id":9,"k":1,"d":3,"s":1},{"id":3,"k":0,"d":0,"s":0},{"id":14,"k":0,"d":1,"s":0},{"id":13,"k":0,"d":7,"s":-4}]}}
{"t":"run","c":229,"n":749298,"h":"61caf5f871a93a92"}
{"t":"round","n":402,"m":{"t":"round","phase":"playing","left":14290,"nato":6,"soviet":8,"board":[{"id":1,"k":3,"d":2,"s":3},{"id":6,"k":3,"d":1,"s":3},{"id":10,"k":2,"d":1,"s":2},{"id":2,"k":1,"d":1,"s":1},{"id":4,"k":1,"d":0,"s":1},{"id":5,"k":1,"d":1,"s":1},{"id":7,"k":1,"d":1,"s":1},{"id":8,"k":1,"d":2,"s":1},{"id":9,"k":1,"d":3,"s":1},{"id":3,"k":0,"d":0,"s":0},{"id":14,"k":0,"d":1,"s":0},{"id":13,"k":0,"d":8,"s":-5}]}}
{"t":"run","c":374,"n":1165072,"h":"3376a45e0be300de"}
{"t":"round","n":402,"m":{"t":"round","phase":"playing","left":13566,"nato":7,"soviet":9,"board":[{"id":1,"k":3,"d":2,"s":3},{"id":6,"k":3,"d":1,"s":3},{"id":2,"k":2,"d":2,"s":2},{"id":10,"k":2,"d":1,"s":2},{"id":3,"k":1,"d":1,"s":1},{"id":4,"k":1,"d":0,"s":1},{"id":5,"k":1,"d":1,"s":1},{"id":7,"k":1,"d":1,"s":1},{"id":8,"k":1,"d":2,"s":1},{"id":9,"k":1,"d":3,"s":1},{"id":14,"k":0,"d":1,"s":0},{"id":13,"k":0,"d":8,"s":-5}]}}
{"t":"run","c":89,"n":269627,"h":"993faf29d55b4424"}
{"t":"round","n":403,"m":{"t":"round","phase":"playing","left":13394,"nato":7,"soviet":10,"board":[{"id":1,"k":3,"d":2,"s":3},{"id":6,"k":3,"d":1,"s":3},{"id":2,"k":2,"d":2,"s":2},{"id":4,"k":2,"d":0,"s":2},{"id":10,"k":2,"d":1,"s":2},{"id":3,"k":1,"d":1,"s":1},{"id":5,"k":1,"d":2,"s":1},{"id":7,"k":1,"d":1,"s":1},{"id":8,"k":1,"d":2,"s":1},{"id":9,"k":1,"d":3,"s":1},{"id":14,"k":0,"d":1,"s":0},{"id":13,"k":0,"d":8,"s":-5}]}}
{"t":"run","c":12,"n":35993,"h":"dd146e469acb4fff"}
{"t":"round","n":403,"m":{"t":"round","phase":"playing","left":13372,"nato":7,"soviet":10,"board":[{"id":1,"k":3,"d":2,"s":3},{"id":6,"k":3,"d":1,"s":3},{"id":2,"k":2,"d":2,"s":2},{"id":4,"k":2,"d":0,"s":2},{"id":10,"k":2,"d":1,"s":2},{"id":3,"k":1,"d":1,"s":1},{"id":5,"k":1,"d":2,"s":1},{"id":7,"k":1,"d":1,"s":1},{"id":8,"k":1,"d":2,"s":1},{"id":9,"k":1,"d":3,"s":1},{"id":14,"k":0,"d":1,"s":0},{"id":13,"k":0,"d":9,"s":-6}]}}
{"t":"run","c":156,"n":506686,"h":"fd3ba23b757b3780"}
{"t":"round","n":403,"m":{"t":"round","phase":"playing","left":13069,"nato":7,"soviet":11,"board":[{"id":1,"k":3,"d":3,"s":3},{"id":6,"k":3,"d":1,"s":3},{"id":10,"k":3,"d":1,"s":3},{"id":2,"k":2,"d":2,"s":2},{"id":4,"k":2,"d":0,"s":2},{"id":3,"k":1,"d":1,"s":1},{"id":5,"k":1,"d":2,"s":1},{"id":7,"k":1,"d":1,"s":1},{"id":8,"k":1,"d":2,"s":1},{"id":9,"k":1,"d":3,"s":1},{"id":14,"k":0,"d":1,"s":0},{"id":13,"k":0,"d":9,"s":-6}]}}
{"t":"run","c":105,"n":346523,"h":"55acad5c9506ba91"}
{"t":"round","n":403,"m":{"t":"round","phase":"playing","left":12866,"nato":7,"soviet":12,"board":[{"id":1,"k":3,"d":3,"s":3},{"id":2,"k":3,"d":2,"s":3},{"id":6,"k":3,"d":1,"s":3},{"id":10,"k":3,"d":1,"s":3},{"id":4,"k":2,"d":0,"s":2},{"id":3,"k":1,"d":1,"s":1},{"id":5,"k":1,"d":2,"s":1},{"id":7,"k":1,"d":1,"s":1},{"id":8,"k":1,"d":2,"s":1},{"id":9,"k":1,"d":4,"s":1},{"id":14,"k":0,"d":1,"s":0},{"id":13,"k":0,"d":9,"s":-6}]}}
{"t":"run","c":194,"n":635074,"h":"dcd637140b5a74dd"}
{"t":"round","n":404,"m":{"t":"round","phase":"playing","left":12489,"nato":7,"soviet":12,"board":[{"id":1,"k":3,"d":3,"s":3},{"id":2,"k":3,"d":2,"s":3},{"id":6,"k":3,"d":1,"s":3},{"id":10,"k":3,"d":1,"s":3},{"id":4,"k":2,"d":0,"s":2},{"id":3,"k":1,"d":1,"s":1},{"id":5,"k":1,"d":2,"s":1},{"id":7,"k":1,"d":1,"s":1},{"id":8,"k":1,"d":2,"s":1},{"id":9,"k":1,"d":4,"s":1},{"id":14,"k":0,"d":1,"s":0},{"id":13,"k":0,"d":10,"s":-7}]}}
{"t":"run","c":139,"n":431802,"h":"8891483b2289e0f2"}
{"t":"round","n":404,"m":{"t":"round","phase":"playing","left":12222,"nato":8,"soviet":13,"board":[{"id":1,"k":4,"d":4,"s":4},{"id":2,"k":3,"d":2,"s":3},{"id":6,"k":3,"d":1,"s":3},{"id":10,"k":3,"d":1,"s":3},{"id":4,"k":2,"d":0,"s":2},{"id":8,"k":2,"d":3,"s":2},{"id":3,"k":1,"d":1,"s":1},{"id":5,"k":1,"d":2,"s":1},{"id":7,"k":1,"d":1,"s":1},{"id":9,"k":1,"d":4,"s":1},{"id":14,"k":0,"d":1,"s":0},{"id":13,"k":0,"d":10,"s":-7}]}}
{"t":"run","c":286,"n":941277,"h":"16d0bcd2822dca2a"}
{"t":"round","n":404,"m":{"t":"round","phase":"playing","left":11668,"nato":9,"soviet":13,"board":[{"id":1,"k":4,"d":4,"s":4},{"id":2,"k":3,"d":2,"s":3},{"id":6,"k":3,"d":1,"s":3},{"id":10,"k":3,"d":1,"s":3},{"id":3,"k":2,"d":1,"s":2},{"id":4,"k":2,"d":1,"s":2},{"id":8,"k":2,"d":3,"s":2},{"id":5,"k":1,"d":2,"s":1},{"id":7,"k":1,"d":1,"s":1},{"id":9,"k":1,"d":4,"s":1},{"id":14,"k":0,"d":1,"s":0},{"id":13,"k":0,"d":10,"s":-7}]}}
{"t":"run","c":249,"n":818342,"h":"b44ca6ec080260ba"}
{"t":"round","n":404,"m":{"t":"round","phase":"playing","left":11186,"nato":9,"soviet":14,"board":[{"id":1,"k":4,"d":4,"s":4},{"id":2,"k":3,"d":2,"s":3},{"id":4,"k":3,"d":1,"s":3},{"id":6,"k":3,"d":1,"s":3},{"id":10,"k":3,"d":1,"s":3},{"id":3,"k":2,"d":1,"s":2},{"id":8,"k":2,"d":3,"s":2},{"id":5,"k":1,"d":2,"s":1},{"id":7,"k":1,"d":1,"s":1},{"id":9,"k":1,"d":4,"s":1},{"id":14,"k":0,"d":1,"s":0},{"id":13,"k":0,"d":11,"s":-7}]}}
{"t":"run","c":21,"n":66279,"h":"72f7535e880e95b5"}
{"t":"round","n":405,"m":{"t":"round","phase":"playing","left":11146,"nato":10,"soviet":14,"board":[{"id":1,"k":5,"d":4,"s":5},{"id":2,"k":3,"d":3,"s":3},{"id":4,"k":3,"d":1,"s":3},{"id":6,"k":3,"d":1,"s":3},{"id":10,"k":3,"d":1,"s":3},{"id":3,"k":2,"d":1,"s":2},{"id":8,"k":2,"d":3,"s":2},{"id":5,"k":1,"d":2,"s":1},{"id":7,"k":1,"d":1,"s":1},{"id":9,"k":1,"d":4,"s":1},{"id":14,"k":0,"d":1,"s":0},{"id":13,"k":0,"d":11,"s":-7}]}}
{"t":"run","c":1011,"n":2918965,"h":"55bddda84e194003"}
{"t":"round","n":404,"m":{"t":"round","phase":"playing","left":9188,"nato":10,"soviet":15,"board":[{"id":1,"k":5,"d":4,"s":5},{"id":10,"k":4,"d":1,"s":4},{"id":2,"k":3,"d":3,"s":3},{"id":4,"k":3,"d":1,"s":3},{"id":6,"k":3,"d":1,"s":3},{"id":3,"k":2,"d":1,"s":2},{"id":8,"k":2,"d":3,"s":2},{"id":5,"k":1,"d":3,"s":1},{"id":7,"k":1,"d":1,"s":1},{"id":9,"k":1,"d":4,"s":1},{"id":14,"k":0,"d":1,"s":0},{"id":13,"k":0,"d":11,"s":-7}]}}
{"t":"run","c":106,"n":322241,"h":"ef148f802a62d577"}
{"t":"round","n":404,"m":{"t":"round","phase":"playing","left":8983,"nato":11,"soviet":15,"board":[{"id":1,"k":5,"d":4,"s":5},{"id":10,"k":4,"d":1,"s":4},{"id":2,"k":3,"d":3,"s":3},{"id":3,"k":3,"d":1,"s":3},{"id":4,"k":3,"d":1,"s":3},{"id":6,"k":3,"d":1,"s":3},{"id":8,"k":2,"d":4,"s":2},{"id":5,"k":1,"d":3,"s":1},{"id":7,"k":1,"d":1,"s":1},{"id":9,"k":1,"d":4,"s":1},{"id":14,"k":0,"d":1,"s":0},{"id":13,"k":0,"d":11,"s":-7}]}}
{"t":"run","c":269,"n":857886,"h":"2ecd4a5e6d0e0d28"}
{"t":"round","n":404,"m":{"t":"round","phase":"playing","left":8461,"nato":11,"soviet":15,"board":[{"id":1,"k":5,"d":4,"s":5},{"id":10,"k":4,"d":1,"s":4},{"id":2,"k":3,"d":3,"s":3},{"id":3,"k":3,"d":1,"s":3},{"id":4,"k":3,"d":1,"s":3},{"id":6,"k":3,"d":1,"s":3},{"id":8,"k":2,"d":4,"s":2},{"id":5,"k":1,"d":3,"s":1},{"id":7,"k":1,"d":1,"s":1},{"id":9,"k":1,"d":4,"s":1},{"id":14,"k":0,"d":1,"s":0},{"id":13,"k":0,"d":12,"s":-8}]}}
{"t":"run","c":194,"n":651622,"h":"933afb6fc5d9ebc9"}
{"t":"round","n":404,"m":{"t":"round","phase":"playing","left":8087,"nato":12,"soviet":15,"board":[{"id":1,"k":6,"d":4,"s":6},{"id":10,"k":4,"d":1,"s":4},{"id":2,"k":3,"d":4,"s":3},{"id":3,"k":3,"d":1,"s":3},{"id":4,"k":3,"d":1,"s":3},{"id":6,"k":3,"d":1,"s":3},{"id":8,"k":2,"d":4,"s":2},{"id":5,"k":1,"d":3,"s":1},{"id":7,"k":1,"d":1,"s":1},{"id":9,"k":1,"d":4,"s":1},{"id":14,"k":0,"d":1,"s":0},{"id":13,"k":0,"d":12,"s":-8}]}}
{"t":"run","c":1142,"n":3402680,"h":"87b5f8e4d6f62421"}
{"t":"round","n":404,"m":{"t":"round","phase":"playing","left":5877,"nato":12,"soviet":15,"board":[{"id":1,"k":6,"d":4,"s":6},{"id":10,"k":4,"d":1,"s":4},{"id":2,"k":3,"d":4,"s":3},{"id":3,"k":3,"d":1,"s":3},{"id":4,"k":3,"d":1,"s":3},{"id":6,"k":3,"d":1,"s":3},{"id":8,"k":2,"d":4,"s":2},{"id":5,"k":1,"d":3,"s":1},{"id":7,"k":1,"d":1,"s":1},{"id":9,"k":1,"d":4,"s":1},{"id":14,"k":0,"d":1,"s":0},{"id":13,"k":0,"d":13,"s":-9}]}}
{"t":"run","c":525,"n":1533954,"h":"a942cf2ccd646f81"}
{"t":"round","n":404,"m":{"t":"round","phase":"playing","left":4860,"nato":12,"soviet":15,"board":[{"id":1,"k":6,"d":4,"s":6},{"id":10,"k":4,"d":1,"s":4},{"id":2,"k":3,"d":4,"s":3},{"id":3,"k":3,"d":1,"s":3},{"id":4,"k":3,"d":1,"s":3},{"id":6,"k":3,"d":2,"s":3},{"id":8,"k":2,"d":5,"s":2},{"id":5,"k":1,"d":3,"s":1},{"id":7,"k":1,"d":1,"s":1},{"id":9,"k":1,"d":4,"s":1},{"id":14,"k":0,"d":1,"s":0},{"id":13,"k":0,"d":13,"s":-9}]}}
{"t":"run","c":164,"n":494863,"h":"e728886abee9e865"}
{"t":"round","n":404,"m":{"t":"round","phase":"playing","left":4542,"nato":13,"soviet":15,"board":[{"id":1,"k":6,"d":4,"s":6},{"id":10,"k":4,"d":1,"s":4},{"id":2,"k":3,"d":4,"s":3},{"id":3,"k":3,"d":1,"s":3},{"id":4,"k":3,"d":2,"s":3},{"id":6,"k":3,"d":2,"s":3},{"id":5,"k":2,"d":3,"s":2},{"id":8,"k":2,"d":5,"s":2},{"id":7,"k":1,"d":1,"s":1},{"id":9,"k":1,"d":4,"s":1},{"id":14,"k":0,"d":1,"s":0},{"id":13,"k":0,"d":13,"s":-9}]}}
{"t":"run","c":29,"n":89850,"h":"e6361948cab1ff7e"}
{"t":"round","n":404,"m":{"t":"round","phase":"playing","left":4486,"nato":13,"soviet":16,"board":[{"id":1,"k":6,"d":4,"s":6},{"id":10,"k":5,"d":1,"s":5},{"id":2,"k":3,"d":4,"s":3},{"id":3,"k":3,"d":2,"s":3},{"id":4,"k":3,"d":2,"s":3},{"id":6,"k":3,"d":2,"s":3},{"id":5,"k":2,"d":3,"s":2},{"id":8,"k":2,"d":5,"s":2},{"id":7,"k":1,"d":1,"s":1},{"id":9,"k":1,"d":4,"s":1},{"id":14,"k":0,"d":1,"s":0},{"id":13,"k":0,"d":13,"s":-9}]}}
{"t":"run","c":142,"n":456217,"h":"119bed0b050f1b47"}
{"t":"round","n":404,"m":{"t":"round","phase":"playing","left":4209,"nato":13,"soviet":17,"board":[{"id":1,"k":6,"d":5,"s":6},{"id":10,"k":5,"d":1,"s":5},{"id":2,"k":4,"d":4,"s":4},{"id":3,"k":3,"d":2,"s":3},{"id":4,"k":3,"d":2,"s":3},{"id":6,"k":3,"d":2,"s":3},{"id":5,"k":2,"d":3,"s":2},{"id":8,"k":2,"d":5,"s":2},{"id":7,"k":1,"d":1,"s":1},{"id":9,"k":1,"d":4,"s":1},{"id":14,"k":0,"d":1,"s":0},{"id":13,"k":0,"d":13,"s":-9}]}}
{"t":"run","c":250,"n":880900,"h":"f7485fbad25380c9"}
{"t":"round","n":405,"m":{"t":"round","phase":"playing","left":3725,"nato":13,"soviet":17,"board":[{"id":1,"k":6,"d":5,"s":6},{"id":10,"k":5,"d":1,"s":5},{"id":2,"k":4,"d":4,"s":4},{"id":3,"k":3,"d":2,"s":3},{"id":4,"k":3,"d":2,"s":3},{"id":6,"k":3,"d":2,"s":3},{"id":5,"k":2,"d":3,"s":2},{"id":8,"k":2,"d":5,"s":2},{"id":7,"k":1,"d":1,"s":1},{"id":9,"k":1,"d":4,"s":1},{"id":14,"k":0,"d":1,"s":0},{"id":13,"k":0,"d":14,"s":-10}]}}
{"t":"run","c":176,"n":610791,"h":"53e6c26e9b63aa7f"}
{"t":"round","n":405,"m":{"t":"round","phase":"playing","left":3386,"nato":14,"soviet":17,"board":[{"id":1,"k":6,"d":5,"s":6},{"id":10,"k":5,"d":1,"s":5},{"id":2,"k":4,"d":4,"s":4},{"id":3,"k":4,"d":2,"s":4},{"id":4,"k":3,"d":2,"s":3},{"id":6,"k":3,"d":2,"s":3},{"id":5,"k":2,"d":3,"s":2},{"id":8,"k":2,"d":5,"s":2},{"id":7,"k":1,"d":1,"s":1},{"id":9,"k":1,"d":4,"s":1},{"id":14,"k":0,"d":2,"s":0},{"id":13,"k":0,"d":14,"s":-10}]}}
{"t":"run","c":153,"n":504223,"h":"341ad84119b0fb4c"}
{"t":"round","n":405,"m":{"t":"round","phase":"playing","left":3089,"nato":15,"soviet":17,"board":[{"id":1,"k":7,"d":5,"s":7},{"id":10,"k":5,"d":1,"s":5},{"id":2,"k":4,"d":4,"s":4},{"id":3,"k":4,"d":2,"s":4},{"id":4,"k":3,"d":2,"s":3},{"id":6,"k":3,"d":3,"s":3},{"id":5,"k":2,"d":3,"s":2},{"id":8,"k":2,"d":5,"s":2},{"id":7,"k":1,"d":1,"s":1},{"id":9,"k":1,"d":4,"s":1},{"id":14,"k":0,"d":2,"s":0},{"id":13,"k":0,"d":14,"s":-10}]}}
{"t":"run","c":491,"n":1512587,"h":"b239365b8be964bb"}
{"t":"round","n":405,"m":{"t":"round","phase":"playing","left":2140,"nato":16,"soviet":17,"board":[{"id":1,"k":7,"d":5,"s":7},{"id":10,"k":5,"d":2,"s":5},{"id":2,"k":4,"d":4,"s":4},{"id":3,"k":4,"d":2,"s":4},{"id":4,"k":3,"d":2,"s":3},{"id":5,"k":3,"d":3,"s":3},{"id":6,"k":3,"d":3,"s":3},{"id":8,"k":2,"d":5,"s":2},{"id":7,"k":1,"d":1,"s":1},{"id":9,"k":1,"d":4,"s":1},{"id":14,"k":0,"d":2,"s":0},{"id":13,"k":0,"d":14,"s":-10}]}}
{"t":"run","c":9,"n":29290,"h":"be253baa013ccaa0"}
{"t":"round","n":405,"m":{"t":"round","phase":"playing","left":2121,"nato":16,"soviet":18,"board":[{"id":1,"k":7,"d":5,"s":7},{"id":10,"k":5,"d":2,"s":5},{"id":2,"k":4,"d":4,"s":4},{"id":3,"k":4,"d":2,"s":4},{"id":4,"k":4,"d":2,"s":4},{"id":5,"k":3,"d":3,"s":3},{"id":6,"k":3,"d":3,"s":3},{"id":8,"k":2,"d":5,"s":2},{"id":7,"k":1,"d":1,"s":1},{"id":9,"k":1,"d":5,"s":1},{"id":14,"k":0,"d":2,"s":0},{"id":13,"k":0,"d":14,"s":-10}]}}
{"t":"run","c":473,"n":1423232,"h":"0d485443375ef630"}
{"t":"round","n":405,"m":{"t":"round","phase":"playing","left":1206,"nato":17,"soviet":18,"board":[{"id":1,"k":7,"d":5,"s":7},{"id":3,"k":5,"d":2,"s":5},{"id":10,"k":5,"d":3,"s":5},{"id":2,"k":4,"d":4,"s":4},{"id":4,"k":4,"d":2,"s":4},{"id":5,"k":3,"d":3,"s":3},{"id":6,"k":3,"d":3,"s":3},{"id":8,"k":2,"d":5,"s":2},{"id":7,"k":1,"d":1,"s":1},{"id":9,"k":1,"d":5,"s":1},{"id":14,"k":0,"d":2,"s":0},{"id":13,"k":0,"d":14,"s":-10}]}}
{"t":"run","c":142,"n":411271,"h":"74363fd068bbd115"}
{"t":"round","n":404,"m":{"t":"round","phase":"playing","left":931,"nato":17,"soviet":18,"board":[{"id":1,"k":7,"d":5,"s":7},{"id":3,"k":5,"d":2,"s":5},{"id":10,"k":5,"d":3,"s":5},{"id":2,"k":4,"d":4,"s":4},{"id":4,"k":4,"d":2,"s":4},{"id":5,"k":3,"d":3,"s":3},{"id":6,"k":3,"d":3,"s":3},{"id":8,"k":2,"d":5,"s":2},{"id":7,"k":1,"d":1,"s":1},{"id":9,"k":1,"d":5,"s":1},{"id":14,"k":0,"d":2,"s":0},{"id":13,"k":0,"d":15,"s":-11}]}}
{"t":"run","c":380,"n":1139648,"h":"9ff4ce2175213d1f"}
{"t":"round","n":404,"m":{"t":"round","phase":"playing","left":196,"nato":17,"soviet":18,"board":[{"id":1,"k":7,"d":5,"s":7},{"id":3,"k":5,"d":2,"s":5},{"id":10,"k":5,"d":3,"s":5},{"id":2,"k":4,"d":4,"s":4},{"id":4,"k":4,"d":2,"s":4},{"id":5,"k":3,"d":3,"s":3},{"id":6,"k":3,"d":3,"s":3},{"id":8,"k":2,"d":5,"s":2},{"id":7,"k":1,"d":1,"s":1},{"id":9,"k":1,"d":5,"s":1},{"id":14,"k":0,"d":2,"s":0},{"id":13,"k":0,"d":16,"s":-12}]}}
{"t":"run","c":101,"n":313013,"h":"14df5aaf1bbc5644"}
{"t":"round","n":434,"m":{"t":"round","phase":"ended","left":600,"winner":"Sovyet","nato":17,"soviet":18,"board":[{"id":1,"k":7,"d":5,"s":7},{"id":3,"k":5,"d":2,"s":5},{"id":10,"k":5,"d":3,"s":5},{"id":2,"k":4,"d":4,"s":4},{"id":4,"k":4,"d":2,"s":4},{"id":5,"k":3,"d":3,"s":3},{"id":6,"k":3,"d":3,"s":3},{"id":8,"k":2,"d":5,"s":2},{"id":7,"k":1,"d":1,"s":1},{"id":9,"k":1,"d":5,"s":1},{"id":14,"k":0,"d":2,"s":0},{"id":13,"k":0,"d":16,"s":-12}],"wt":"soviet"}}
{"t":"run","c":62,"n":189808,"h":"2fb4fc52de69ae0d"}
{"t":"players","n":790,"m":{"t":"players","list":[{"id":1,"name":"Maverick","team":"nato","kind":"f16","bot":true},{"id":2,"name":"Iceman","team":"soviet","kind":"mig29","bot":true},{"id":3,"name":"Viper","team":"nato","kind":"f15","bot":true},{"id":4,"name":"Goose","team":"soviet","kind":"su27","bot":true},{"id":5,"name":"Ivan","team":"nato","kind":"f16","bot":true},{"id":6,"name":"Sokol","team":"soviet","kind":"mig29","bot":true},{"id":7,"name":"Berkut","team":"nato","kind":"f15","bot":true},{"id":8,"name":"Yastreb","team":"soviet","kind":"su27","bot":true},{"id":10,"name":"Raven","team":"soviet","kind":"mig29","bot":true},{"id":13,"name":"a","team":"nato","kind":"f16","bot":false},{"id":14,"name":"b","team":"soviet","kind":"su27","bot":false},{"id":15,"name":"c","team":"nato","kind":"f16","bot":false}]}}
{"t":"players","n":790,"m":{"t":"players","list":[{"id":1,"name":"Maverick","team":"nato","kind":"f16","bot":true},{"id":2,"name":"Iceman","team":"soviet","kind":"mig29","bot":true},{"id":3,"name":"Viper","team":"nato","kind":"f15","bot":true},{"id":4,"name":"Goose","team":"soviet","kind":"su27","bot":true},{"id":5,"name":"Ivan","team":"nato","kind":"f16","bot":true},{"id":6,"name":"Sokol","team":"soviet","kind":"mig29","bot":true},{"id":7,"name":"Berkut","team":"nato","kind":"f15","bot":true},{"id":8,"name":"Yastreb","team":"soviet","kind":"su27","bot":true},{"id":10,"name":"Raven","team":"soviet","kind":"mig29","bot":true},{"id":13,"name":"a","team":"nato","kind":"f16","bot":false},{"id":14,"name":"b","team":"soviet","kind":"su27","bot":false},{"id":15,"name":"c","team":"nato","kind":"f16","bot":false}]}}
{"t":"round","n":435,"m":{"t":"round","phase":"ended","left":479,"winner":"Sovyet","nato":17,"soviet":18,"board":[{"id":1,"k":7,"d":5,"s":7},{"id":3,"k":5,"d":2,"s":5},{"id":10,"k":5,"d":3,"s":5},{"id":2,"k":4,"d":4,"s":4},{"id":4,"k":4,"d":2,"s":4},{"id":5,"k":3,"d":3,"s":3},{"id":6,"k":3,"d":3,"s":3},{"id":8,"k":2,"d":5,"s":2},{"id":7,"k":1,"d":1,"s":1},{"id":14,"k":0,"d":2,"s":0},{"id":15,"k":0,"d":0,"s":0},{"id":13,"k":0,"d":16,"s":-12}],"wt":"soviet"}}
{"t":"run","c":247,"n":710874,"h":"7a3d57ef4428b39b"}
{"t":"round","n":402,"m":{"t":"round","phase":"playing","left":28800,"nato":0,"soviet":0,"board":[{"id":1,"k":0,"d":0,"s":0},{"id":2,"k":0,"d":0,"s":0},{"id":3,"k":0,"d":0,"s":0},{"id":4,"k":0,"d":0,"s":0},{"id":5,"k":0,"d":0,"s":0},{"id":6,"k":0,"d":0,"s":0},{"id":7,"k":0,"d":0,"s":0},{"id":8,"k":0,"d":0,"s":0},{"id":10,"k":0,"d":0,"s":0},{"id":13,"k":0,"d":0,"s":0},{"id":14,"k":0,"d":0,"s":0},{"id":15,"k":0,"d":0,"s":0}]}}
{"t":"run","c":310,"n":962775,"h":"5e815e411e470efe"}
{"t":"close","n":13,"m":{"t":"close"}}
## a.ev
{"t":"spawn","n":29,"m":{"k":"spawn","tick":1,"a":13}}
{"t":"lock","n":37,"m":{"k":"lock","tick":1675,"a":6,"b":13}}
{"t":"mlaunch","n":53,"m":{"k":"mlaunch","tick":1681,"a":16777229,"b":13,"o":6}}
{"t":"mlaunch","n":53,"m":{"k":"mlaunch","tick":1741,"a":16777230,"b":13,"o":6}}
{"t":"hit","n":72,"m":{"k":"hit","tick":1939,"a":13,"b":6,"val":70,"w":"missile","z":"engine"}}
{"t":"hit","n":72,"m":{"k":"hit","tick":2011,"a":13,"b":6,"val":70,"w":"missile","z":"engine"}}
{"t":"kill","n":51,"m":{"k":"kill","tick":2011,"a":13,"b":6,"w":"missile"}}
{"t":"spawn","n":32,"m":{"k":"spawn","tick":2191,"a":13}}
{"t":"lock","n":38,"m":{"k":"lock","tick":3616,"a":10,"b":13}}
{"t":"mlaunch","n":54,"m":{"k":"mlaunch","tick":3621,"a":16777239,"b":13,"o":10}}
{"t":"mlaunch","n":54,"m":{"k":"mlaunch","tick":3681,"a":16777240,"b":13,"o":10}}
{"t":"hit","n":75,"m":{"k":"hit","tick":3739,"a":13,"b":10,"val":70,"w":"missile","z":"controls"}}
{"t":"hit","n":75,"m":{"k":"hit","tick":3802,"a":13,"b":10,"val":70,"w":"missile","z":"avionics"}}
{"t":"kill","n":52,"m":{"k":"kill","tick":3802,"a":13,"b":10,"w":"missile"}}
{"t":"spawn","n":32,"m":{"k":"spawn","tick":3982,"a":13}}
{"t":"lock","n":37,"m":{"k":"lock","tick":4912,"a":6,"b":13}}
{"t":"mlaunch","n":53,"m":{"k":"mlaunch","tick":4915,"a":16777247,"b":13,"o":6}}
{"t":"hit","n":72,"m":{"k":"hit","tick":5057,"a":13,"b":6,"val":70,"w":"missile","z":"engine"}}
{"t":"lock","n":44,"m":{"k":"lock","tick":5515,"a":6,"b":13,"mk":1}}
{"t":"mlaunch","n":60,"m":{"k":"mlaunch","tick":5521,"a":16777248,"b":13,"o":6,"mk":1}}
{"t":"hit","n":74,"m":{"k":"hit","tick":5817,"a":13,"b":6,"val":50,"w":"missile","z":"controls"}}
{"t":"kill","n":51,"m":{"k":"kill","tick":5817,"a":13,"b":6,"w":"missile"}}
{"t":"spawn","n":32,"m":{"k":"spawn","tick":5997,"a":13}}
{"t":"hit","n":52,"m":{"k":"hit","tick":8435,"a":13,"val":10,"w":"bounds"}}
{"t":"hit","n":52,"m":{"k":"hit","tick":8495,"a":13,"val":10,"w":"bounds"}}
{"t":"hit","n":52,"m":{"k":"hit","tick":8555,"a":13,"val":10,"w":"bounds"}}
{"t":"hit","n":52,"m":{"k":"hit","tick":8615,"a":13,"val":10,"w":"bounds"}}
{"t":"hit","n":52,"m":{"k":"hit","tick":8675,"a":13,"val":10,"w":"bounds"}}
{"t":"hit","n":52,"m":{"k":"hit","tick":8735,"a":13,"val":10,"w":"bounds"}}
{"t":"hit","n":52,"m":{"k":"hit","tick":8795,"a":13,"val":10,"w":"bounds"}}
{"t":"hit","n":52,"m":{"k":"hit","tick":8855,"a":13,"val":10,"w":"bounds"}}
{"t":"hit","n":52,"m":{"k":"hit","tick":8915,"a":13,"val":10,"w":"bounds"}}
{"t":"kill","n":44,"m":{"k":"kill","tick":8915,"a":13,"w":"bounds"}}
{"t":"spawn","n":32,"m":{"k":"spawn","tick":9095,"a":13}}
{"t":"kill","n":43,"m":{"k":"kill","tick":9800,"a":13,"w":"crash"}}
{"t":"spawn","n":32,"m":{"k":"spawn","tick":9980,"a":13}}
{"t":"kill","n":44,"m":{"k":"kill","tick":10619,"a":13,"w":"crash"}}
{"t":"spawn","n":33,"m":{"k":"spawn","tick":10799,"a":13}}
{"t":"lock","n":46,"m":{"k":"lock","tick":11105,"a":13,"b":10,"mk":1}}
{"t":"kill","n":44,"m":{"k":"kill","tick":11722,"a":13,"w":"crash"}}
{"t":"spawn","n":33,"m":{"k":"spawn","tick":11902,"a":13}}
{"t":"hit","n":53,"m":{"k":"hit","tick":14030,"a":13,"val":10,"w":"bounds"}}
{"t":"hit","n":53,"m":{"k":"hit","tick":14090,"a":13,"val":10,"w":"bounds"}}
{"t":"hit","n":53,"m":{"k":"hit","tick":14150,"a":13,"val":10,"w":"bounds"}}
{"t":"hit","n":53,"m":{"k":"hit","tick":14210,"a":13,"val":10,"w":"bounds"}}
{"t":"hit","n":53,"m":{"k":"hit","tick":14270,"a":13,"val":10,"w":"bounds"}}
{"t":"hit","n":53,"m":{"k":"hit","tick":14330,"a":13,"val":10,"w":"bounds"}}
{"t":"hit","n":53,"m":{"k":"hit","tick":14390,"a":13,"val":10,"w":"bounds"}}
{"t":"hit","n":53,"m":{"k":"hit","tick":14450,"a":13,"val":10,"w":"bounds"}}
{"t":"hit","n":53,"m":{"k":"hit","tick":14510,"a":13,"val":10,"w":"bounds"}}
{"t":"kill","n":45,"m":{"k":"kill","tick":14510,"a":13,"w":"bounds"}}
{"t":"spawn","n":33,"m":{"k":"spawn","tick":14690,"a":13}}
{"t":"kill","n":44,"m":{"k":"kill","tick":15428,"a":13,"w":"crash"}}
{"t":"spawn","n":33,"m":{"k":"spawn","tick":15608,"a":13}}
{"t":"kill","n":44,"m":{"k":"kill","tick":16311,"a":13,"w":"crash"}}
{"t":"spawn","n":33,"m":{"k":"spawn","tick":16491,"a":13}}
{"t":"lock","n":45,"m":{"k":"lock","tick":17477,"a":4,"b":13,"mk":1}}
{"t":"mlaunch","n":61,"m":{"k":"mlaunch","tick":17481,"a":16777339,"b":13,"o":4,"mk":1}}
{"t":"lock","n":38,"m":{"k":"lock","tick":17560,"a":4,"b":13}}
{"t":"mlaunch","n":54,"m":{"k":"mlaunch","tick":17565,"a":16777342,"b":13,"o":4}}
{"t":"hit","n":58,"m":{"k":"hit","tick":17566,"a":13,"b":4,"val":6,"w":"cannon"}}
{"t":"hit","n":73,"m":{"k":"hit","tick":17593,"a":13,"b":4,"val":50,"w":"missile","z":"engine"}}
{"t":"hit","n":71,"m":{"k":"hit","tick":17614,"a":13,"b":4,"val":34,"w":"missile","z":"crit"}}
{"t":"kill","n":52,"m":{"k":"kill","tick":17614,"a":13,"b":4,"w":"missile"}}
{"t":"spawn","n":33,"m":{"k":"spawn","tick":17794,"a":13}}
{"t":"hit","n":53,"m":{"k":"hit","tick":19859,"a":13,"val":10,"w":"bounds"}}
{"t":"hit","n":53,"m":{"k":"hit","tick":19919,"a":13,"val":10,"w":"bounds"}}
{"t":"hit","n":53,"m":{"k":"hit","tick":19979,"a":13,"val":10,"w":"bounds"}}
{"t":"hit","n":53,"m":{"k":"hit","tick":20039,"a":13,"val":10,"w":"bounds"}}
{"t":"hit","n":53,"m":{"k":"hit","tick":20099,"a":13,"val":10,"w":"bounds"}}
{"t":"hit","n":53,"m":{"k":"hit","tick":20159,"a":13,"val":10,"w":"bounds"}}
{"t":"hit","n":53,"m":{"k":"hit","tick":20219,"a":13,"val":10,"w":"bounds"}}
{"t":"hit","n":53,"m":{"k":"hit","tick":20279,"a":13,"val":10,"w":"bounds"}}
{"t":"hit","n":53,"m":{"k":"hit","tick":20339,"a":13,"val":10,"w":"bounds"}}
{"t":"kill","n":45,"m":{"k":"kill","tick":20339,"a":13,"w":"bounds"}}
{"t":"spawn","n":33,"m":{"k":"spawn","tick":20519,"a":13}}
{"t":"hit","n":53,"m":{"k":"hit","tick":22443,"a":13,"val":10,"w":"bounds"}}
{"t":"hit","n":53,"m":{"k":"hit","tick":22503,"a":13,"val":10,"w":"bounds"}}
{"t":"hit","n":53,"m":{"k":"hit","tick":22563,"a":13,"val":10,"w":"bounds"}}
{"t":"hit","n":53,"m":{"k":"hit","tick":22623,"a":13,"val":10,"w":"bounds"}}
{"t":"hit","n":53,"m":{"k":"hit","tick":22683,"a":13,"val":10,"w":"bounds"}}
{"t":"hit","n":53,"m":{"k":"hit","tick":22743,"a":13,"val":10,"w":"bounds"}}
{"t":"hit","n":53,"m":{"k":"hit","tick":22803,"a":13,"val":10,"w":"bounds"}}
{"t":"hit","n":53,"m":{"k":"hit","tick":22863,"a":13,"val":10,"w":"bounds"}}
{"t":"hit","n":53,"m":{"k":"hit","tick":22923,"a":13,"val":10,"w":"bounds"}}
{"t":"kill","n":45,"m":{"k":"kill","tick":22923,"a":13,"w":"bounds"}}
{"t":"spawn","n":33,"m":{"k":"spawn","tick":23103,"a":13}}
{"t":"hit","n":53,"m":{"k":"hit","tick":24595,"a":13,"val":10,"w":"bounds"}}
{"t":"hit","n":53,"m":{"k":"hit","tick":24655,"a":13,"val":10,"w":"bounds"}}
{"t":"hit","n":53,"m":{"k":"hit","tick":24715,"a":13,"val":10,"w":"bounds"}}
{"t":"hit","n":53,"m":{"k":"hit","tick":24775,"a":13,"val":10,"w":"bounds"}}
{"t":"hit","n":53,"m":{"k":"hit","tick":24835,"a":13,"val":10,"w":"bounds"}}
{"t":"hit","n":53,"m":{"k":"hit","tick":24895,"a":13,"val":10,"w":"bounds"}}
{"t":"hit","n":53,"m":{"k":"hit","tick":24955,"a":13,"val":10,"w":"bounds"}}
{"t":"hit","n":53,"m":{"k":"hit","tick":25015,"a":13,"val":10,"w":"bounds"}}
{"t":"hit","n":53,"m":{"k":"hit","tick":25075,"a":13,"val":10,"w":"bounds"}}
{"t":"kill","n":45,"m":{"k":"kill","tick":25075,"a":13,"w":"bounds"}}
{"t":"spawn","n":33,"m":{"k":"spawn","tick":25255,"a":13}}
{"t":"hit","n":53,"m":{"k":"hit","tick":27389,"a":13,"val":10,"w":"bounds"}}
{"t":"hit","n":53,"m":{"k":"hit","tick":27449,"a":13,"val":10,"w":"bounds"}}
{"t":"hit","n":53,"m":{"k":"hit","tick":27509,"a":13,"val":10,"w":"bounds"}}
{"t":"hit","n":53,"m":{"k":"hit","tick":27569,"a":13,"val":10,"w":"bounds"}}
{"t":"hit","n":53,"m":{"k":"hit","tick":27629,"a":13,"val":10,"w":"bounds"}}
{"t":"hit","n":53,"m":{"k":"hit","tick":27689,"a":13,"val":10,"w":"bounds"}}
{"t":"hit","n":53,"m":{"k":"hit","tick":27749,"a":13,"val":10,"w":"bounds"}}
{"t":"hit","n":53,"m":{"k":"hit","tick":27809,"a":13,"val":10,"w":"bounds"}}
{"t":"hit","n":53,"m":{"k":"hit","tick":27869,"a":13,"val":10,"w":"bounds"}}
{"t":"kill","n":45,"m":{"k":"kill","tick":27869,"a":13,"w":"bounds"}}
{"t":"spawn","n":33,"m":{"k":"spawn","tick":28049,"a":13}}
{"t":"kill","n":44,"m":{"k":"kill","tick":28604,"a":13,"w":"crash"}}
{"t":"spawn","n":33,"m":{"k":"spawn","tick":28784,"a":13}}
{"t":"spawn","n":33,"m":{"k":"spawn","tick":29400,"a":13}}
## b
{"t":"welcome","n":46791,"h":"7f519da1b5690c5d","p":"{\"t\":\"welcome\",\"you\":14,\"code\":\"GOLD\",\"mode\":\"team\",\"aircraft\":[{\"kind\":\"f16\",\"name\":\"F-16\",\"team\":\"nato\",\"maxHP\":90,\"maxSpeed\":230,\"maxSpeedAB\":290,\"accel\":48,"}
{"t":"players","n":793,"m":{"t":"players","list":[{"id":1,"name":"Maverick","team":"nato","kind":"f16","bot":true},{"id":2,"name":"Iceman","team":"soviet","kind":"mig29","bot":true},{"id":3,"name":"Viper","team":"nato","kind":"f15","bot":true},{"id":4,"name":"Goose","team":"soviet","kind":"su27","bot":true},{"id":5,"name":"Ivan","team":"nato","kind":"f16","bot":true},{"id":6,"name":"Sokol","team":"soviet","kind":"mig29","bot":true},{"id":7,"name":"Berkut","team":"nato","kind":"f15","bot":true},{"id":8,"name":"Yastreb","team":"soviet","kind":"su27","bot":true},{"id":9,"name":"Ghost","team":"nato","kind":"f16","bot":true},{"id":10,"name":"Raven","team":"soviet","kind":"mig29","bot":true},{"id":13,"name":"a","team":"nato","kind":"f16","bot":false},{"id":14,"name":"b","team":"soviet","kind":"mig29","bot":false}]}}
{"t":"round","n":401,"m":{"t":"round","phase":"playing","left":28800,"nato":0,"soviet":0,"board":[{"id":1,"k":0,"d":0,"s":0},{"id":2,"k":0,"d":0,"s":0},{"id":3,"k":0,"d":0,"s":0},{"id":4,"k":0,"d":0,"s":0},{"id":5,"k":0,"d":0,"s":0},{"id":6,"k":0,"d":0,"s":0},{"id":7,"k":0,"d":0,"s":0},{"id":8,"k":0,"d":0,"s":0},{"id":9,"k":0,"d":0,"s":0},{"id":10,"k":0,"d":0,"s":0},{"id":13,"k":0,"d":0,"s":0},{"id":14,"k":0,"d":0,"s":0}]}}
{"t":"players","n":792,"m":{"t":"players","list":[{"id":1,"name":"Maverick","team":"nato","kind":"f16","bot":true},{"id":2,"name":"Iceman","team":"soviet","kind":"mig29","bot":true},{"id":3,"name":"Viper","team":"nato","kind":"f15","bot":true},{"id":4,"name":"Goose","team":"soviet","kind":"su27","bot":true},{"id":5,"name":"Ivan","team":"nato","kind":"f16","bot":true},{"id":6,"name":"Sokol","team":"soviet","kind":"mig29","bot":true},{"id":7,"name":"Berkut","team":"nato","kind":"f15","bot":true},{"id":8,"name":"Yastreb","team":"soviet","kind":"su27","bot":true},{"id":9,"name":"Ghost","team":"nato","kind":"f16","bot":true},{"id":10,"name":"Raven","team":"soviet","kind":"mig29","bot":true},{"id":13,"name":"a","team":"nato","kind":"f16","bot":false},{"id":14,"name":"b","team":"soviet","kind":"su27","bot":false}]}}
{"t":"run","c":569,"n":1808319,"h":"cc0618de5f948f71"}
{"t":"round","n":401,"m":{"t":"round","phase":"playing","left":27700,"nato":0,"soviet":1,"board":[{"id":2,"k":1,"d":0,"s":1},{"id":1,"k":0,"d":0,"s":0},{"id":3,"k":0,"d":0,"s":0},{"id":4,"k":0,"d":0,"s":0},{"id":5,"k":0,"d":0,"s":0},{"id":6,"k":0,"d":0,"s":0},{"id":7,"k":0,"d":0,"s":0},{"id":8,"k":0,"d":0,"s":0},{"id":9,"k":0,"d":1,"s":0},{"id":10,"k":0,"d":0,"s":0},{"id":13,"k":0,"d":0,"s":0},{"id":14,"k":0,"d":0,"s":0}]}}
{"t":"run","c":118,"n":357974,"h":"9116dc44689a6b37"}
{"t":"round","n":401,"m":{"t":"round","phase":"playing","left":27472,"nato":1,"soviet":1,"board":[{"id":2,"k":1,"d":0,"s":1},{"id":5,"k":1,"d":0,"s":1},{"id":1,"k":0,"d":0,"s":0},{"id":3,"k":0,"d":0,"s":0},{"id":4,"k":0,"d":0,"s":0},{"id":6,"k":0,"d":1,"s":0},{"id":7,"k":0,"d":0,"s":0},{"id":8,"k":0,"d":0,"s":0},{"id":9,"k":0,"d":1,"s":0},{"id":10,"k":0,"d":0,"s":0},{"id":13,"k":0,"d":0,"s":0},{"id":14,"k":0,"d":0,"s":0}]}}
{"t":"run","c":352,"n":1077991,"h":"a6355eb5cc71e1df"}
{"t":"round","n":401,"m":{"t":"round","phase":"playing","left":26789,"nato":1,"soviet":2,"board":[{"id":2,"k":1,"d":0,"s":1},{"id":5,"k":1,"d":0,"s":1},{"id":6,"k":1,"d":1,"s":1},{"id":1,"k":0,"d":0,"s":0},{"id":3,"k":0,"d":0,"s":0},{"id":4,"k":0,"d":0,"s":0},{"id":7,"k":0,"d":0,"s":0},{"id":8,"k":0,"d":0,"s":0},{"id":9,"k":0,"d":1,"s":0},{"id":10,"k":0,"d":0,"s":0},{"id":13,"k":0,"d":1,"s":0},{"id":14,"k":0,"d":0,"s":0}]}}
{"t":"run","c":555,"n":1639817,"h":"3a681675c81f4b43"}
{"t":"round","n":401,"m":{"t":"round","phase":"playing","left":25716,"nato":2,"soviet":2,"board":[{"id":1,"k":1,"d":0,"s":1},{"id":2,"k":1,"d":0,"s":1},{"id":5,"k":1,"d":0,"s":1},{"id":6,"k":1,"d":1,"s":1},{"id":3,"k":0,"d":0,"s":0},{"id":4,"k":0,"d":0,"s":0},{"id":7,"k":0,"d":0,"s":0},{"id":8,"k":0,"d":0,"s":0},{"id":9,"k":0,"d":1,"s":0},{"id":10,"k":0,"d":1,"s":0},{"id":13,"k":0,"d":1,"s":0},{"id":14,"k":0,"d":0,"s":0}]}}
{"t":"run","c":371,"n":1086317,"h":"adec49d1c64dc1d9"}
{"t":"round","n":401,"m":{"t":"round","phase":"playing","left":24998,"nato":2,"soviet":3,"board":[{"id":1,"k":1,"d":0,"s":1},{"id":2,"k":1,"d":0,"s":1},{"id":5,"k":1,"d":0,"s":1},{"id":6,"k":1,"d":1,"s":1},{"id":10,"k":1,"d":1,"s":1},{"id":3,"k":0,"d":0,"s":0},{"id":4,"k":0,"d":0,"s":0},{"id":7,"k":0,"d":0,"s":0},{"id":8,"k":0,"d":0,"s":0},{"id":9,"k":0,"d":1,"s":0},{"id":13,"k":0,"d":2,"s":0},{"id":14,"k":0,"d":0,"s":0}]}}
{"t":"run","c":1040,"n":3085740,"h":"9b127b4c5902ab71"}
{"t":"round","n":401,"m":{"t":"round","phase":"playing","left":22983,"nato":2,"soviet":4,"board":[{"id":6,"k":2,"d":1,"s":2},{"id":1,"k":1,"d":0,"s":1},{"id":2,"k":1,"d":0,"s":1},{"id":5,"k":1,"d":0,"s":1},{"id":10,"k":1,"d":1,"s":1},{"id":3,"k":0,"d":0,"s":0},{"id":4,"k":0,"d":0,"s":0},{"id":7,"k":0,"d":0,"s":0},{"id":8,"k":0,"d":0,"s":0},{"id":9,"k":0,"d":1,"s":0},{"id":13,"k":0,"d":3,"s":0},{"id":14,"k":0,"d":0,"s":0}]}}
{"t":"run","c":757,"n":2260666,"h":"a7c76b387c68d7bd"}
{"t":"round","n":401,"m":{"t":"round","phase":"playing","left":21520,"nato":3,"soviet":5,"board":[{"id":1,"k":2,"d":1,"s":2},{"id":6,"k":2,"d":1,"s":2},{"id":2,"k":1,"d":0,"s":1},{"id":5,"k":1,"d":0,"s":1},{"id":8,"k":1,"d":1,"s":1},{"id":10,"k":1,"d":1,"s":1},{"id":3,"k":0,"d":0,"s":0},{"id":4,"k":0,"d":0,"s":0},{"id":7,"k":0,"d":0,"s":0},{"id":9,"k":0,"d":1,"s":0},{"id":13,"k":0,"d":3,"s":0},{"id":14,"k":0,"d":0,"s":0}]}}
{"t":"run","c":844,"n":2514983,"h":"5633ed68f33334f4"}
{"t":"round","n":402,"m":{"t":"round","phase":"playing","left":19885,"nato":3,"soviet":5,"board":[{"id":1,"k":2,"d":1,"s":2},{"id":6,"k":2,"d":1,"s":2},{"id":2,"k":1,"d":0,"s":1},{"id":5,"k":1,"d":0,"s":1},{"id":8,"k":1,"d":1,"s":1},{"id":10,"k":1,"d":1,"s":1},{"id":3,"k":0,"d":0,"s":0},{"id":4,"k":0,"d":0,"s":0},{"id":7,"k":0,"d":0,"s":0},{"id":9,"k":0,"d":1,"s":0},{"id":14,"k":0,"d":0,"s":0},{"id":13,"k":0,"d":4,"s":-1}]}}
{"t":"run","c":458,"n":1368521,"h":"28b1d0a849bf3296"}
{"t":"round","n":402,"m":{"t":"round","phase":"playing","left":19000,"nato":3,"soviet":5,"board":[{"id":1,"k":2,"d":1,"s":2},{"id":6,"k":2,"d":1,"s":2},{"id":2,"k":1,"d":0,"s":1},{"id":5,"k":1,"d":0,"s":1},{"id":8,"k":1,"d":1,"s":1},{"id":10,"k":1,"d":1,"s":1},{"id":3,"k":0,"d":0,"s":0},{"id":4,"k":0,"d":0,"s":0},{"id":7,"k":0,"d":0,"s":0},{"id":9,"k":0,"d":1,"s":0},{"id":14,"k":0,"d":0,"s":0},{"id":13,"k":0,"d":5,"s":-2}]}}
{"t":"run","c":296,"n":891416,"h":"1184a2bdbf56dbf6"}
{"t":"round","n":402,"m":{"t":"round","phase":"playing","left":18425,"nato":3,"soviet":6,"board":[{"id":1,"k":2,"d":1,"s":2},{"id":6,"k":2,"d":1,"s":2},{"id":10,"k":2,"d":1,"s":2},{"id":2,"k":1,"d":0,"s":1},{"id":5,"k":1,"d":0,"s":1},{"id":8,"k":1,"d":1,"s":1},{"id":3,"k":0,"d":0,"s":0},{"id":4,"k":0,"d":0,"s":0},{"id":7,"k":0,"d":1,"s":0},{"id":9,"k":0,"d":1,"s":0},{"id":14,"k":0,"d":0,"s":0},{"id":13,"k":0,"d":5,"s":-2}]}}
{"t":"run","c":126,"n":374288,"h":"42b1623d9a4f3c14"}
{"t":"round","n":402,"m":{"t":"round","phase":"playing","left":18181,"nato":3,"soviet":6,"board":[{"id":1,"k":2,"d":1,"s":2},{"id":6,"k":2,"d":1,"s":2},{"id":10,"k":2,"d":1,"s":2},{"id":2,"k":1,"d":0,"s":1},{"id":5,"k":1,"d":0,"s":1},{"id":8,"k":1,"d":1,"s":1},{"id":3,"k":0,"d":0,"s":0},{"id":4,"k":0,"d":0,"s":0},{"id":7,"k":0,"d":1,"s":0},{"id":9,"k":0,"d":1,"s":0},{"id":14,"k":0,"d":0,"s":0},{"id":13,"k":0,"d":6,"s":-3}]}}
{"t":"run","c":170,"n":542562,"h":"27c16b2bb2a447a2"}
{"t":"round","n":402,"m":{"t":"round","phase":"playing","left":17854,"nato":4,"soviet":6,"board":[{"id":1,"k":2,"d":1,"s":2},{"id":6,"k":2,"d":1,"s":2},{"id":10,"k":2,"d":1,"s":2},{"id":2,"k":1,"d":1,"s":1},{"id":5,"k":1,"d":0,"s":1},{"id":7,"k":1,"d":1,"s":1},{"id":8,"k":1,"d":1,"s":1},{"id":3,"k":0,"d":0,"s":0},{"id":4,"k":0,"d":0,"s":0},{"id":9,"k":0,"d":1,"s":0},{"id":14,"k":0,"d":0,"s":0},{"id":13,"k":0,"d":6,"s":-3}]}}
{"t":"run","c":68,"n":224082,"h":"ffa1fd7c589de7fc"}
{"t":"round","n":402,"m":{"t":"round","phase":"playing","left":17722,"nato":4,"soviet":7,"board":[{"id":6,"k":3,"d":1,"s":3},{"id":1,"k":2,"d":1,"s":2},{"id":10,"k":2,"d":1,"s":2},{"id":2,"k":1,"d":1,"s":1},{"id":5,"k":1,"d":0,"s":1},{"id":7,"k":1,"d":1,"s":1},{"id":8,"k":1,"d":1,"s":1},{"id":3,"k":0,"d":0,"s":0},{"id":4,"k":0,"d":0,"s":0},{"id":9,"k":0,"d":2,"s":0},{"id":14,"k":0,"d":0,"s":0},{"id":13,"k":0,"d":6,"s":-3}]}}
{"t":"run","c":333,"n":1034396,"h":"196e5c7252889430"}
{"t":"round","n":402,"m":{"t":"round","phase":"playing","left":17078,"nato":4,"soviet":7,"board":[{"id":6,"k":3,"d":1,"s":3},{"id":1,"k":2,"d":1,"s":2},{"id":10,"k":2,"d":1,"s":2},{"id":2,"k":1,"d":1,"s":1},{"id":5,"k":1,"d":0,"s":1},{"id":7,"k":1,"d":1,"s":1},{"id":8,"k":1,"d":1,"s":1},{"id":3,"k":0,"d":0,"s":0},{"id":4,"k":0,"d":0,"s":0},{"id":9,"k":0,"d":2,"s":0},{"id":14,"k":0,"d":0,"s":0},{"id":13,"k":0,"d":7,"s":-4}]}}
{"t":"run","c":116,"n":360910,"h":"542340ff0e8a362d"}
{"t":"round","n":402,"m":{"t":"round","phase":"playing","left":16854,"nato":5,"soviet":7,"board":[{"id":6,"k":3,"d":1,"s":3},{"id":1,"k":2,"d":1,"s":2},{"id":10,"k":2,"d":1,"s":2},{"id":2,"k":1,"d":1,"s":1},{"id":5,"k":1,"d":0,"s":1},{"id":7,"k":1,"d":1,"s":1},{"id":8,"k":1,"d":2,"s":1},{"id":9,"k":1,"d":2,"s":1},{"id":3,"k":0,"d":0,"s":0},{"id":4,"k":0,"d":0,"s":0},{"id":14,"k":0,"d":0,"s":0},{"id":13,"k":0,"d":7,"s":-4}]}}
{"t":"run","c":709,"n":2208015,"h":"48908afe778948a8"}
{"t":"round","n":402,"m":{"t":"round","phase":"playing","left":15480,"nato":5,"soviet":7,"board":[{"id":6,"k":3,"d":1,"s":3},{"id":1,"k":2,"d":2,"s":2},{"id":10,"k":2,"d":1,"s":2},{"id":2,"k":1,"d":1,"s":1},{"id":5,"k":1,"d":1,"s":1},{"id":7,"k":1,"d":1,"s":1},{"id":8,"k":1,"d":2,"s":1},{"id":9,"k":1,"d":2,"s":1},{"id":3,"k":0,"d":0,"s":0},{"id":4,"k":0,"d":0,"s":0},{"id":14,"k":0,"d":0,"s":0},{"id":13,"k":0,"d":7,"s":-4}]}}
{"t":"run","c":218,"n":643872,"h":"1d905d2b3619a420"}
{"t":"round","n":402,"m":{"t":"round","phase":"playing","left":15058,"nato":5,"soviet":8,"board":[{"id":6,"k":3,"d":1,"s":3},{"id":1,"k":2,"d":2,"s":2},{"id":10,"k":2,"d":1,"s":2},{"id":2,"k":1,"d":1,"s":1},{"id":4,"k":1,"d":0,"s":1},{"id":5,"k":1,"d":1,"s":1},{"id":7,"k":1,"d":1,"s":1},{"id":8,"k":1,"d":2,"s":1},{"id":9,"k":1,"d":3,"s":1},{"id":3,"k":0,"d":0,"s":0},{"id":14,"k":0,"d":0,"s":0},{"id":13,"k":0,"d":7,"s":-4}]}}
{"t":"run","c":167,"n":547896,"h":"e216caf162996fca"}
{"t":"round","n":402,"m":{"t":"round","phase":"playing","left":14734,"nato":6,"soviet":8,"board":[{"id":1,"k":3,"d":2,"s":3},{"id":6,"k":3,"d":1,"s":3},{"id":10,"k":2,"d":1,"s":2},{"id":2,"k":1,"d":1,"s":1},{"id":4,"k":1,"d":0,"s":1},{"id":5,"k":1,"d":1,"s":1},{"id":7,"k":1,"d":1,"s":1},{"id":8,"k":1,"d":2,"s":1},{"id":9,"k":1,"d":3,"s":1},{"id":3,"k":0,"d":0,"s":0},{"id":14,"k":0,"d":1,"s":0},{"id":13,"k":0,"d":7,"s":-4}]}}
{"t":"run","c":229,"n":749298,"h":"61caf5f871a93a92"}
{"t":"round","n":402,"m":{"t":"round","phase":"playing","left":14290,"nato":6,"soviet":8,"board":[{"id":1,"k":3,"d":2,"s":3},{"id":6,"k":3,"d":1,"s":3},{"id":10,"k":2,"d":1,"s":2},{"id":2,"k":1,"d":1,"s":1},{"id":4,"k":1,"d":0,"s":1},{"id":5,"k":1,"d":1,"s":1},{"id":7,"k":1,"d":1,"s":1},{"id":8,"k":1,"d":2,"s":1},{"id":9,"k":1,"d":3,"s":1},{"id":3,"k":0,"d":0,"s":0},{"id":14,"k":0,"d":1,"s":0},{"id":13,"k":0,"d":8,"s":-5}]}}
{"t":"run","c":374,"n":1165072,"h":"3376a45e0be300de"}
{"t":"round","n":402,"m":{"t":"round","phase":"playing","left":13566,"nato":7,"soviet":9,"board":[{"id":1,"k":3,"d":2,"s":3},{"id":6,"k":3,"d":1,"s":3},{"id":2,"k":2,"d":2,"s":2},{"id":10,"k":2,"d":1,"s":2},{"id":3,"k":1,"d":1,"s":1},{"id":4,"k":1,"d":0,"s":1},{"id":5,"k":1,"d":1,"s":1},{"id":7,"k":1,"d":1,"s":1},{"id":8,"k":1,"d":2,"s":1},{"id":9,"k":1,"d":3,"s":1},{"id":14,"k":0,"d":1,"s":0},{"id":13,"k":0,"d":8,"s":-5}]}}
{"t":"run","c":89,"n":269627,"h":"993faf29d55b4424"}
{"t":"round","n":403,"m":{"t":"round","phase":"playing","left":13394,"nato":7,"soviet":10,"board":[{"id":1,"k":3,"d":2,"s":3},{"id":6,"k":3,"d":1,"s":3},{"id":2,"k":2,"d":2,"s":2},{"id":4,"k":2,"d":0,"s":2},{"id":10,"k":2,"d":1,"s":2},{"id":3,"k":1,"d":1,"s":1},{"id":5,"k":1,"d":2,"s":1},{"id":7,"k":1,"d":1,"s":1},{"id":8,"k":1,"d":2,"s":1},{"id":9,"k":1,"d":3,"s":1},{"id":14,"k":0,"d":1,"s":0},{"id":13,"k":0,"d":8,"s":-5}]}}
{"t":"run","c":12,"n":35993,"h":"dd146e469acb4fff"}
{"t":"round","n":403,"m":{"t":"round","phase":"playing","left":13372,"nato":7,"soviet":10,"board":[{"id":1,"k":3,"d":2,"s":3},{"id":6,"k":3,"d":1,"s":3},{"id":2,"k":2,"d":2,"s":2},{"id":4,"k":2,"d":0,"s":2},{"id":10,"k":2,"d":1,"s":2},{"id":3,"k":1,"d":1,"s":1},{"id":5,"k":1,"d":2,"s":1},{"id":7,"k":1,"d":1,"s":1},{"id":8,"k":1,"d":2,"s":1},{"id":9,"k":1,"d":3,"s":1},{"id":14,"k":0,"d":1,"s":0},{"id":13,"k":0,"d":9,"s":-6}]}}
{"t":"run","c":156,"n":506686,"h":"fd3ba23b757b3780"}
{"t":"round","n":403,"m":{"t":"round","phase":"playing","left":13069,"nato":7,"soviet":11,"board":[{"id":1,"k":3,"d":3,"s":3},{"id":6,"k":3,"d":1,"s":3},{"id":10,"k":3,"d":1,"s":3},{"id":2,"k":2,"d":2,"s":2},{"id":4,"k":2,"d":0,"s":2},{"id":3,"k":1,"d":1,"s":1},{"id":5,"k":1,"d":2,"s":1},{"id":7,"k":1,"d":1,"s":1},{"id":8,"k":1,"d":2,"s":1},{"id":9,"k":1,"d":3,"s":1},{"id":14,"k":0,"d":1,"s":0},{"id":13,"k":0,"d":9,"s":-6}]}}
{"t":"run","c":105,"n":346523,"h":"55acad5c9506ba91"}
{"t":"round","n":403,"m":{"t":"round","phase":"playing","left":12866,"nato":7,"soviet":12,"board":[{"id":1,"k":3,"d":3,"s":3},{"id":2,"k":3,"d":2,"s":3},{"id":6,"k":3,"d":1,"s":3},{"id":10,"k":3,"d":1,"s":3},{"id":4,"k":2,"d":0,"s":2},{"id":3,"k":1,"d":1,"s":1},{"id":5,"k":1,"d":2,"s":1},{"id":7,"k":1,"d":1,"s":1},{"id":8,"k":1,"d":2,"s":1},{"id":9,"k":1,"d":4,"s":1},{"id":14,"k":0,"d":1,"s":0},{"id":13,"k":0,"d":9,"s":-6}]}}
{"t":"run","c":194,"n":635074,"h":"dcd637140b5a74dd"}
{"t":"round","n":404,"m":{"t":"round","phase":"playing","left":12489,"nato":7,"soviet":12,"board":[{"id":1,"k":3,"d":3,"s":3},{"id":2,"k":3,"d":2,"s":3},{"id":6,"k":3,"d":1,"s":3},{"id":10,"k":3,"d":1,"s":3},{"id":4,"k":2,"d":0,"s":2},{"id":3,"k":1,"d":1,"s":1},{"id":5,"k":1,"d":2,"s":1},{"id":7,"k":1,"d":1,"s":1},{"id":8,"k":1,"d":2,"s":1},{"id":9,"k":1,"d":4,"s":1},{"id":14,"k":0,"d":1,"s":0},{"id":13,"k":0,"d":10,"s":-7}]}}
{"t":"run","c":139,"n":431802,"h":"8891483b2289e0f2"}
{"t":"round","n":404,"m":{"t":"round","phase":"playing","left":12222,"nato":8,"soviet":13,"board":[{"id":1,"k":4,"d":4,"s":4},{"id":2,"k":3,"d":2,"s":3},{"id":6,"k":3,"d":1,"s":3},{"id":10,"k":3,"d":1,"s":3},{"id":4,"k":2,"d":0,"s":2},{"id":8,"k":2,"d":3,"s":2},{"id":3,"k":1,"d":1,"s":1},{"id":5,"k":1,"d":2,"s":1},{"id":7,"k":1,"d":1,"s":1},{"id":9,"k":1,"d":4,"s":1},{"id":14,"k":0,"d":1,"s":0},{"id":13,"k":0,"d":10,"s":-7}]}}
{"t":"run","c":286,"n":941277,"h":"16d0bcd2822dca2a"}
{"t":"round","n":404,"m":{"t":"round","phase":"playing","left":11668,"nato":9,"soviet":13,"board":[{"id":1,"k":4,"d":4,"s":4},{"id":2,"k":3,"d":2,"s":3},{"id":6,"k":3,"d":1,"s":3},{"id":10,"k":3,"d":1,"s":3},{"id":3,"k":2,"d":1,"s":2},{"id":4,"k":2,"d":1,"s":2},{"id":8,"k":2,"d":3,"s":2},{"id":5,"k":1,"d":2,"s":1},{"id":7,"k":1,"d":1,"s":1},{"id":9,"k":1,"d":4,"s":1},{"id":14,"k":0,"d":1,"s":0},{"id":13,"k":0,"d":10,"s":-7}]}}
{"t":"run","c":249,"n":818342,"h":"b44ca6ec080260ba"}
{"t":"round","n":404,"m":{"t":"round","phase":"playing","left":11186,"nato":9,"soviet":14,"board":[{"id":1,"k":4,"d":4,"s":4},{"id":2,"k":3,"d":2,"s":3},{"id":4,"k":3,"d":1,"s":3},{"id":6,"k":3,"d":1,"s":3},{"id":10,"k":3,"d":1,"s":3},{"id":3,"k":2,"d":1,"s":2},{"id":8,"k":2,"d":3,"s":2},{"id":5,"k":1,"d":2,"s":1},{"id":7,"k":1,"d":1,"s":1},{"id":9,"k":1,"d":4,"s":1},{"id":14,"k":0,"d":1,"s":0},{"id":13,"k":0,"d":11,"s":-7}]}}
{"t":"run","c":21,"n":66279,"h":"72f7535e880e95b5"}
{"t":"round","n":405,"m":{"t":"round","phase":"playing","left":11146,"nato":10,"soviet":14,"board":[{"id":1,"k":5,"d":4,"s":5},{"id":2,"k":3,"d":3,"s":3},{"id":4,"k":3,"d":1,"s":3},{"id":6,"k":3,"d":1,"s":3},{"id":10,"k":3,"d":1,"s":3},{"id":3,"k":2,"d":1,"s":2},{"id":8,"k":2,"d":3,"s":2},{"id":5,"k":1,"d":2,"s":1},{"id":7,"k":1,"d":1,"s":1},{"id":9,"k":1,"d":4,"s":1},{"id":14,"k":0,"d":1,"s":0},{"id":13,"k":0,"d":11,"s":-7}]}}
{"t":"run","c":1011,"n":2918965,"h":"55bddda84e194003"}
{"t":"round","n":404,"m":{"t":"round","phase":"playing","left":9188,"nato":10,"soviet":15,"board":[{"id":1,"k":5,"d":4,"s":5},{"id":10,"k":4,"d":1,"s":4},{"id":2,"k":3,"d":3,"s":3},{"id":4,"k":3,"d":1,"s":3},{"id":6,"k":3,"d":1,"s":3},{"id":3,"k":2,"d":1,"s":2},{"id":8,"k":2,"d":3,"s":2},{"id":5,"k":1,"d":3,"s":1},{"id":7,"k":1,"d":1,"s":1},{"id":9,"k":1,"d":4,"s":1},{"id":14,"k":0,"d":1,"s":0},{"id":13,"k":0,"d":11,"s":-7}]}}
{"t":"run","c":106,"n":322241,"h":"ef148f802a62d577"}
{"t":"round","n":404,"m":{"t":"round","phase":"playing","left":8983,"nato":11,"soviet":15,"board":[{"id":1,"k":5,"d":4,"s":5},{"id":10,"k":4,"d":1,"s":4},{"id":2,"k":3,"d":3,"s":3},{"id":3,"k":3,"d":1,"s":3},{"id":4,"k":3,"d":1,"s":3},{"id":6,"k":3,"d":1,"s":3},{"id":8,"k":2,"d":4,"s":2},{"id":5,"k":1,"d":3,"s":1},{"id":7,"k":1,"d":1,"s":1},{"id":9,"k":1,"d":4,"s":1},{"id":14,"k":0,"d":1,"s":0},{"id":13,"k":0,"d":11,"s":-7}]}}
{"t":"run","c":269,"n":857886,"h":"2ecd4a5e6d0e0d28"}
{"t":"round","n":404,"m":{"t":"round","phase":"playing","left":8461,"nato":11,"soviet":15,"board":[{"id":1,"k":5,"d":4,"s":5},{"id":10,"k":4,"d":1,"s":4},{"id":2,"k":3,"d":3,"s":3},{"id":3,"k":3,"d":1,"s":3},{"id":4,"k":3,"d":1,"s":3},{"id":6,"k":3,"d":1,"s":3},{"id":8,"k":2,"d":4,"s":2},{"id":5,"k":1,"d":3,"s":1},{"id":7,"k":1,"d":1,"s":1},{"id":9,"k":1,"d":4,"s":1},{"id":14,"k":0,"d":1,"s":0},{"id":13,"k":0,"d":12,"s":-8}]}}
{"t":"run","c":194,"n":651622,"h":"933afb6fc5d9ebc9"}
{"t":"round","n":404,"m":{"t":"round","phase":"playing","left":8087,"nato":12,"soviet":15,"board":[{"id":1,"k":6,"d":4,"s":6},{"id":10,"k":4,"d":1,"s":4},{"id":2,"k":3,"d":4,"s":3},{"id":3,"k":3,"d":1,"s":3},{"id":4,"k":3,"d":1,"s":3},{"id":6,"k":3,"d":1,"s":3},{"id":8,"k":2,"d":4,"s":2},{"id":5,"k":1,"d":3,"s":1},{"id":7,"k":1,"d":1,"s":1},{"id":9,"k":1,"d":4,"s":1},{"id":14,"k":0,"d":1,"s":0},{"id":13,"k":0,"d":12,"s":-8}]}}
{"t":"run","c":1142,"n":3402680,"h":"87b5f8e4d6f62421"}
{"t":"round","n":404,"m":{"t":"round","phase":"playing","left":5877,"nato":12,"soviet":15,"board":[{"id":1,"k":6,"d":4,"s":6},{"id":10,"k":4,"d":1,"s":4},{"id":2,"k":3,"d":4,"s":3},{"id":3,"k":3,"d":1,"s":3},{"id":4,"k":3,"d":1,"s":3},{"id":6,"k":3,"d":1,"s":3},{"id":8,"k":2,"d":4,"s":2},{"id":5,"k":1,"d":3,"s":1},{"id":7,"k":1,"d":1,"s":1},{"id":9,"k":1,"d":4,"s":1},{"id":14,"k":0,"d":1,"s":0},{"id":13,"k":0,"d":13,"s":-9}]}}
{"t":"run","c":525,"n":1533954,"h":"a942cf2ccd646f81"}
{"t":"round","n":404,"m":{"t":"round","phase":"playing","left":4860,"nato":12,"soviet":15,"board":[{"id":1,"k":6,"d":4,"s":6},{"id":10,"k":4,"d":1,"s":4},{"id":2,"k":3,"d":4,"s":3},{"id":3,"k":3,"d":1,"s":3},{"id":4,"k":3,"d":1,"s":3},{"id":6,"k":3,"d":2,"s":3},{"id":8,"k":2,"d":5,"s":2},{"id":5,"k":1,"d":3,"s":1},{"id":7,"k":1,"d":1,"s":1},{"id":9,"k":1,"d":4,"s":1},{"id":14,"k":0,"d":1,"s":0},{"id":13,"k":0,"d":13,"s":-9}]}}
{"t":"run","c":164,"n":494863,"h":"e728886abee9e865"}
{"t":"round","n":404,"m":{"t":"round","phase":"playing","left":4542,"nato":13,"soviet":15,"board":[{"id":1,"k":6,"d":4,"s":6},{"id":10,"k":4,"d":1,"s":4},{"id":2,"k":3,"d":4,"s":3},{"id":3,"k":3,"d":1,"s":3},{"id":4,"k":3,"d":2,"s":3},{"id":6,"k":3,"d":2,"s":3},{"id":5,"k":2,"d":3,"s":2},{"id":8,"k":2,"d":5,"s":2},{"id":7,"k":1,"d":1,"s":1},{"id":9,"k":1,"d":4,"s":1},{"id":14,"k":0,"d":1,"s":0},{"id":13,"k":0,"d":13,"s":-9}]}}
{"t":"run","c":29,"n":89850,"h":"e6361948cab1ff7e"}
{"t":"round","n":404,"m":{"t":"round","phase":"playing","left":4486,"nato":13,"soviet":16,"board":[{"id":1,"k":6,"d":4,"s":6},{"id":10,"k":5,"d":1,"s":5},{"id":2,"k":3,"d":4,"s":3},{"id":3,"k":3,"d":2,"s":3},{"id":4,"k":3,"d":2,"s":3},{"id":6,"k":3,"d":2,"s":3},{"id":5,"k":2,"d":3,"s":2},{"id":8,"k":2,"d":5,"s":2},{"id":7,"k":1,"d":1,"s":1},{"id":9,"k":1,"d":4,"s":1},{"id":14,"k":0,"d":1,"s":0},{"id":13,"k":0,"d":13,"s":-9}]}}
{"t":"run","c":142,"n":456217,"h":"119bed0b050f1b47"}
{"t":"round","n":404,"m":{"t":"round","phase":"playing","left":4209,"nato":13,"soviet":17,"board":[{"id":1,"k":6,"d":5,"s":6},{"id":10,"k":5,"d":1,"s":5},{"id":2,"k":4,"d":4,"s":4},{"id":3,"k":3,"d":2,"s":3},{"id":4,"k":3,"d":2,"s":3},{"id":6,"k":3,"d":2,"s":3},{"id":5,"k":2,"d":3,"s":2},{"id":8,"k":2,"d":5,"s":2},{"id":7,"k":1,"d":1,"s":1},{"id":9,"k":1,"d":4,"s":1},{"id":14,"k":0,"d":1,"s":0},{"id":13,"k":0,"d":13,"s":-9}]}}
{"t":"run","c":250,"n":880900,"h":"f7485fbad25380c9"}
{"t":"round","n":405,"m":{"t":"round","phase":"playing","left":3725,"nato":13,"soviet":17,"board":[{"id":1,"k":6,"d":5,"s":6},{"id":10,"k":5,"d":1,"s":5},{"id":2,"k":4,"d":4,"s":4},{"id":3,"k":3,"d":2,"s":3},{"id":4,"k":3,"d":2,"s":3},{"id":6,"k":3,"d":2,"s":3},{"id":5,"k":2,"d":3,"s":2},{"id":8,"k":2,"d":5,"s":2},{"id":7,"k":1,"d":1,"s":1},{"id":9,"k":1,"d":4,"s":1},{"id":14,"k":0,"d":1,"s":0},{"id":13,"k":0,"d":14,"s":-10}]}}
{"t":"run","c":176,"n":610791,"h":"53e6c26e9b63aa7f"}
{"t":"round","n":405,"m":{"t":"round","phase":"playing","left":3386,"nato":14,"soviet":17,"board":[{"id":1,"k":6,"d":5,"s":6},{"id":10,"k":5,"d":1,"s":5},{"id":2,"k":4,"d":4,"s":4},{"id":3,"k":4,"d":2,"s":4},{"id":4,"k":3,"d":2,"s":3},{"id":6,"k":3,"d":2,"s":3},{"id":5,"k":2,"d":3,"s":2},{"id":8,"k":2,"d":5,"s":2},{"id":7,"k":1,"d":1,"s":1},{"id":9,"k":1,"d":4,"s":1},{"id":14,"k":0,"d":2,"s":0},{"id":13,"k":0,"d":14,"s":-10}]}}
{"t":"run","c":153,"n":504223,"h":"341ad84119b0fb4c"}
{"t":"round","n":405,"m":{"t":"round","phase":"playing","left":3089,"nato":15,"soviet":17,"board":[{"id":1,"k":7,"d":5,"s":7},{"id":10,"k":5,"d":1,"s":5},{"id":2,"k":4,"d":4,"s":4},{"id":3,"k":4,"d":2,"s":4},{"id":4,"k":3,"d":2,"s":3},{"id":6,"k":3,"d":3,"s":3},{"id":5,"k":2,"d":3,"s":2},{"id":8,"k":2,"d":5,"s":2},{"id":7,"k":1,"d":1,"s":1},{"id":9,"k":1,"d":4,"s":1},{"id":14,"k":0,"d":2,"s":0},{"id":13,"k":0,"d":14,"s":-10}]}}
{"t":"run","c":491,"n":1512587,"h":"b239365b8be964bb"}
{"t":"round","n":405,"m":{"t":"round","phase":"playing","left":2140,"nato":16,"soviet":17,"board":[{"id":1,"k":7,"d":5,"s":7},{"id":10,"k":5,"d":2,"s":5},{"id":2,"k":4,"d":4,"s":4},{"id":3,"k":4,"d":2,"s":4},{"id":4,"k":3,"d":2,"s":3},{"id":5,"k":3,"d":3,"s":3},{"id":6,"k":3,"d":3,"s":3},{"id":8,"k":2,"d":5,"s":2},{"id":7,"k":1,"d":1,"s":1},{"id":9,"k":1,"d":4,"s":1},{"id":14,"k":0,"d":2,"s":0},{"id":13,"k":0,"d":14,"s":-10}]}}
{"t":"run","c":9,"n":29290,"h":"be253baa013ccaa0"}
{"t":"round","n":405,"m":{"t":"round","phase":"playing","left":2121,"nato":16,"soviet":18,"board":[{"id":1,"k":7,"d":5,"s":7},{"id":10,"k":5,"d":2,"s":5},{"id":2,"k":4,"d":4,"s":4},{"id":3,"k":4,"d":2,"s":4},{"id":4,"k":4,"d":2,"s":4},{"id":5,"k":3,"d":3,"s":3},{"id":6,"k":3,"d":3,"s":3},{"id":8,"k":2,"d":5,"s":2},{"id":7,"k":1,"d":1,"s":1},{"id":9,"k":1,"d":5,"s":1},{"id":14,"k":0,"d":2,"s":0},{"id":13,"k":0,"d":14,"s":-10}]}}
{"t":"run","c":473,"n":1423232,"h":"0d485443375ef630"}
{"t":"round","n":405,"m":{"t":"round","phase":"playing","left":1206,"nato":17,"soviet":18,"board":[{"id":1,"k":7,"d":5,"s":7},{"id":3,"k":5,"d":2,"s":5},{"id":10,"k":5,"d":3,"s":5},{"id":2,"k":4,"d":4,"s":4},{"id":4,"k":4,"d":2,"s":4},{"id":5,"k":3,"d":3,"s":3},{"id":6,"k":3,"d":3,"s":3},{"id":8,"k":2,"d":5,"s":2},{"id":7,"k":1,"d":1,"s":1},{"id":9,"k":1,"d":5,"s":1},{"id":14,"k":0,"d":2,"s":0},{"id":13,"k":0,"d":14,"s":-10}]}}
{"t":"run","c":142,"n":411271,"h":"74363fd068bbd115"}
{"t":"round","n":404,"m":{"t":"round","phase":"playing","left":931,"nato":17,"soviet":18,"board":[{"id":1,"k":7,"d":5,"s":7},{"id":3,"k":5,"d":2,"s":5},{"id":10,"k":5,"d":3,"s":5},{"id":2,"k":4,"d":4,"s":4},{"id":4,"k":4,"d":2,"s":4},{"id":5,"k":3,"d":3,"s":3},{"id":6,"k":3,"d":3,"s":3},{"id":8,"k":2,"d":5,"s":2},{"id":7,"k":1,"d":1,"s":1},{"id":9,"k":1,"d":5,"s":1},{"id":14,"k":0,"d":2,"s":0},{"id":13,"k":0,"d":15,"s":-11}]}}
{"t":"run","c":380,"n":1139648,"h":"9ff4ce2175213d1f"}
{"t":"round","n":404,"m":{"t":"round","phase":"playing","left":196,"nato":17,"soviet":18,"board":[{"id":1,"k":7,"d":5,"s":7},{"id":3,"k":5,"d":2,"s":5},{"id":10,"k":5,"d":3,"s":5},{"id":2,"k":4,"d":4,"s":4},{"id":4,"k":4,"d":2,"s":4},{"id":5,"k":3,"d":3,"s":3},{"id":6,"k":3,"d":3,"s":3},{"id":8,"k":2,"d":5,"s":2},{"id":7,"k":1,"d":1,"s":1},{"id":9,"k":1,"d":5,"s":1},{"id":14,"k":0,"d":2,"s":0},{"id":13,"k":0,"d":16,"s":-12}]}}
{"t":"run","c":101,"n":313013,"h":"14df5aaf1bbc5644"}
{"t":"round","n":434,"m":{"t":"round","phase":"ended","left":600,"winner":"Sovyet","nato":17,"soviet":18,"board":[{"id":1,"k":7,"d":5,"s":7},{"id":3,"k":5,"d":2,"s":5},{"id":10,"k":5,"d":3,"s":5},{"id":2,"k":4,"d":4,"s":4},{"id":4,"k":4,"d":2,"s":4},{"id":5,"k":3,"d":3,"s":3},{"id":6,"k":3,"d":3,"s":3},{"id":8,"k":2,"d":5,"s":2},{"id":7,"k":1,"d":1,"s":1},{"id":9,"k":1,"d":5,"s":1},{"id":14,"k":0,"d":2,"s":0},{"id":13,"k":0,"d":16,"s":-12}],"wt":"soviet"}}
{"t":"run","c":62,"n":189808,"h":"2fb4fc52de69ae0d"}
{"t":"players","n":790,"m":{"t":"players","list":[{"id":1,"name":"Maverick","team":"nato","kind":"f16","bot":true},{"id":2,"name":"Iceman","team":"soviet","kind":"mig29","bot":true},{"id":3,"name":"Viper","team":"nato","kind":"f15","bot":true},{"id":4,"name":"Goose","team":"soviet","kind":"su27","bot":true},{"id":5,"name":"Ivan","team":"nato","kind":"f16","bot":true},{"id":6,"name":"Sokol","team":"soviet","kind":"mig29","bot":true},{"id":7,"name":"Berkut","team":"nato","kind":"f15","bot":true},{"id":8,"name":"Yastreb","team":"soviet","kind":"su27","bot":true},{"id":10,"name":"Raven","team":"soviet","kind":"mig29","bot":true},{"id":13,"name":"a","team":"nato","kind":"f16","bot":false},{"id":14,"name":"b","team":"soviet","kind":"su27","bot":false},{"id":15,"name":"c","team":"nato","kind":"f16","bot":false}]}}
{"t":"players","n":790,"m":{"t":"players","list":[{"id":1,"name":"Maverick","team":"nato","kind":"f16","bot":true},{"id":2,"name":"Iceman","team":"soviet","kind":"mig29","bot":true},{"id":3,"name":"Viper","team":"nato","kind":"f15","bot":true},{"id":4,"name":"Goose","team":"soviet","kind":"su27","bot":true},{"id":5,"name":"Ivan","team":"nato","kind":"f16","bot":true},{"id":6,"name":"Sokol","team":"soviet","kind":"mig29","bot":true},{"id":7,"name":"Berkut","team":"nato","kind":"f15","bot":true},{"id":8,"name":"Yastreb","team":"soviet","kind":"su27","bot":true},{"id":10,"name":"Raven","team":"soviet","kind":"mig29","bot":true},{"id":13,"name":"a","team":"nato","kind":"f16","bot":false},{"id":14,"name":"b","team":"soviet","kind":"su27","bot":false},{"id":15,"name":"c","team":"nato","kind":"f16","bot":false}]}}
{"t":"round","n":435,"m":{"t":"round","phase":"ended","left":479,"winner":"Sovyet","nato":17,"soviet":18,"board":[{"id":1,"k":7,"d":5,"s":7},{"id":3,"k":5,"d":2,"s":5},{"id":10,"k":5,"d":3,"s":5},{"id":2,"k":4,"d":4,"s":4},{"id":4,"k":4,"d":2,"s":4},{"id":5,"k":3,"d":3,"s":3},{"id":6,"k":3,"d":3,"s":3},{"id":8,"k":2,"d":5,"s":2},{"id":7,"k":1,"d":1,"s":1},{"id":14,"k":0,"d":2,"s":0},{"id":15,"k":0,"d":0,"s":0},{"id":13,"k":0,"d":16,"s":-12}],"wt":"soviet"}}
{"t":"run","c":247,"n":710874,"h":"7a3d57ef4428b39b"}
{"t":"round","n":402,"m":{"t":"round","phase":"playing","left":28800,"nato":0,"soviet":0,"board":[{"id":1,"k":0,"d":0,"s":0},{"id":2,"k":0,"d":0,"s":0},{"id":3,"k":0,"d":0,"s":0},{"id":4,"k":0,"d":0,"s":0},{"id":5,"k":0,"d":0,"s":0},{"id":6,"k":0,"d":0,"s":0},{"id":7,"k":0,"d":0,"s":0},{"id":8,"k":0,"d":0,"s":0},{"id":10,"k":0,"d":0,"s":0},{"id":13,"k":0,"d":0,"s":0},{"id":14,"k":0,"d":0,"s":0},{"id":15,"k":0,"d":0,"s":0}]}}
{"t":"run","c":310,"n":962775,"h":"5e815e411e470efe"}
{"t":"close","n":13,"m":{"t":"close"}}
## b.ev
{"t":"spawn","n":29,"m":{"k":"spawn","tick":1,"a":14}}
{"t":"lock","n":43,"m":{"k":"lock","tick":573,"a":14,"b":5,"mk":1}}
{"t":"mlaunch","n":59,"m":{"k":"mlaunch","tick":575,"a":16777220,"b":5,"o":14,"mk":1}}
{"t":"hit","n":73,"m":{"k":"hit","tick":677,"a":5,"b":14,"val":50,"w":"missile","z":"controls"}}
{"t":"hit","n":57,"m":{"k":"hit","tick":1686,"a":14,"b":5,"val":6,"w":"cannon"}}
{"t":"lock","n":37,"m":{"k":"lock","tick":4412,"a":3,"b":14}}
{"t":"mlaunch","n":53,"m":{"k":"mlaunch","tick":4414,"a":16777243,"b":14,"o":3}}
{"t":"flare","n":32,"m":{"k":"flare","tick":4427,"a":14}}
{"t":"decoy","n":51,"m":{"k":"decoy","tick":4427,"a":16777243,"b":14,"o":3}}
{"t":"lock","n":37,"m":{"k":"lock","tick":4901,"a":3,"b":14}}
{"t":"mlaunch","n":53,"m":{"k":"mlaunch","tick":4906,"a":16777246,"b":14,"o":3}}
{"t":"flare","n":32,"m":{"k":"flare","tick":4919,"a":14}}
{"t":"decoy","n":51,"m":{"k":"decoy","tick":4919,"a":16777246,"b":14,"o":3}}
{"t":"lock","n":37,"m":{"k":"lock","tick":6650,"a":5,"b":14}}
{"t":"mlaunch","n":53,"m":{"k":"mlaunch","tick":6656,"a":16777252,"b":14,"o":5}}
{"t":"flare","n":32,"m":{"k":"flare","tick":6671,"a":14}}
{"t":"decoy","n":51,"m":{"k":"decoy","tick":6671,"a":16777252,"b":14,"o":5}}
{"t":"hit","n":57,"m":{"k":"hit","tick":6728,"a":14,"b":3,"val":6,"w":"cannon"}}
{"t":"hit","n":57,"m":{"k":"hit","tick":6732,"a":14,"b":3,"val":6,"w":"cannon"}}
{"t":"lock","n":37,"m":{"k":"lock","tick":8539,"a":3,"b":14}}
{"t":"mlaunch","n":53,"m":{"k":"mlaunch","tick":8542,"a":16777262,"b":14,"o":3}}
{"t":"flare","n":32,"m":{"k":"flare","tick":8555,"a":14}}
{"t":"flare","n":32,"m":{"k":"flare","tick":8621,"a":14}}
{"t":"decoy","n":51,"m":{"k":"decoy","tick":8621,"a":16777262,"b":14,"o":3}}
{"t":"lock","n":37,"m":{"k":"lock","tick":9627,"a":5,"b":14}}
{"t":"mlaunch","n":53,"m":{"k":"mlaunch","tick":9632,"a":16777265,"b":14,"o":5}}
{"t":"flare","n":32,"m":{"k":"flare","tick":9647,"a":14}}
{"t":"decoy","n":51,"m":{"k":"decoy","tick":9647,"a":16777265,"b":14,"o":5}}
{"t":"lock","n":38,"m":{"k":"lock","tick":10731,"a":3,"b":14}}
{"t":"mlaunch","n":54,"m":{"k":"mlaunch","tick":10732,"a":16777269,"b":14,"o":3}}
{"t":"flare","n":33,"m":{"k":"flare","tick":10745,"a":14}}
{"t":"decoy","n":52,"m":{"k":"decoy","tick":10745,"a":16777269,"b":14,"o":3}}
{"t":"lock","n":38,"m":{"k":"lock","tick":12712,"a":5,"b":14}}
{"t":"mlaunch","n":54,"m":{"k":"mlaunch","tick":12716,"a":16777289,"b":14,"o":5}}
{"t":"flare","n":33,"m":{"k":"flare","tick":12731,"a":14}}
{"t":"hit","n":73,"m":{"k":"hit","tick":12779,"a":14,"b":5,"val":70,"w":"missile","z":"engine"}}
{"t":"lock","n":45,"m":{"k":"lock","tick":13805,"a":1,"b":14,"mk":1}}
{"t":"mlaunch","n":61,"m":{"k":"mlaunch","tick":13806,"a":16777296,"b":14,"o":1,"mk":1}}
{"t":"decoy","n":52,"m":{"k":"decoy","tick":13874,"a":16777296,"b":14,"o":1}}
{"t":"lock","n":38,"m":{"k":"lock","tick":13947,"a":1,"b":14}}
{"t":"mlaunch","n":54,"m":{"k":"mlaunch","tick":13950,"a":16777299,"b":14,"o":1}}
{"t":"flare","n":33,"m":{"k":"flare","tick":13967,"a":14}}
{"t":"mlaunch","n":54,"m":{"k":"mlaunch","tick":14010,"a":16777300,"b":14,"o":1}}
{"t":"decoy","n":52,"m":{"k":"decoy","tick":14010,"a":16777300,"b":14,"o":1}}
{"t":"flare","n":33,"m":{"k":"flare","tick":14033,"a":14}}
{"t":"lock","n":38,"m":{"k":"lock","tick":14054,"a":3,"b":14}}
{"t":"mlaunch","n":54,"m":{"k":"mlaunch","tick":14056,"a":16777301,"b":14,"o":3}}
{"t":"decoy","n":52,"m":{"k":"decoy","tick":14056,"a":16777301,"b":14,"o":3}}
{"t":"hit","n":73,"m":{"k":"hit","tick":14066,"a":14,"b":1,"val":70,"w":"missile","z":"engine"}}
{"t":"kill","n":52,"m":{"k":"kill","tick":14066,"a":14,"b":1,"w":"missile"}}
{"t":"spawn","n":33,"m":{"k":"spawn","tick":14246,"a":14}}
{"t":"lock","n":45,"m":{"k":"lock","tick":15366,"a":14,"b":1,"mk":1}}
{"t":"mlaunch","n":61,"m":{"k":"mlaunch","tick":15367,"a":16777310,"b":1,"o":14,"mk":1}}
{"t":"mlaunch","n":61,"m":{"k":"mlaunch","tick":15427,"a":16777311,"b":1,"o":14,"mk":1}}
{"t":"decoy","n":52,"m":{"k":"decoy","tick":15456,"a":16777310,"b":1,"o":14}}
{"t":"decoy","n":52,"m":{"k":"decoy","tick":15486,"a":16777311,"b":1,"o":14}}
{"t":"hit","n":59,"m":{"k":"hit","tick":17862,"a":10,"b":14,"val":5.76,"w":"ram"}}
{"t":"hit","n":59,"m":{"k":"hit","tick":17862,"a":14,"b":10,"val":5.76,"w":"ram"}}
{"t":"hit","n":59,"m":{"k":"hit","tick":17863,"a":10,"b":14,"val":5.41,"w":"ram"}}
{"t":"hit","n":59,"m":{"k":"hit","tick":17863,"a":14,"b":10,"val":5.41,"w":"ram"}}
{"t":"hit","n":58,"m":{"k":"hit","tick":17864,"a":10,"b":14,"val":5.1,"w":"ram"}}
{"t":"hit","n":58,"m":{"k":"hit","tick":17864,"a":14,"b":10,"val":5.1,"w":"ram"}}
{"t":"hit","n":59,"m":{"k":"hit","tick":17865,"a":10,"b":14,"val":4.83,"w":"ram"}}
{"t":"hit","n":59,"m":{"k":"hit","tick":17865,"a":14,"b":10,"val":4.83,"w":"ram"}}
{"t":"hit","n":58,"m":{"k":"hit","tick":17866,"a":10,"b":14,"val":4.6,"w":"ram"}}
{"t":"hit","n":58,"m":{"k":"hit","tick":17866,"a":14,"b":10,"val":4.6,"w":"ram"}}
{"t":"hit","n":59,"m":{"k":"hit","tick":17867,"a":10,"b":14,"val":4.43,"w":"ram"}}
{"t":"hit","n":59,"m":{"k":"hit","tick":17867,"a":14,"b":10,"val":4.43,"w":"ram"}}
{"t":"hit","n":58,"m":{"k":"hit","tick":17868,"a":10,"b":14,"val":4.3,"w":"ram"}}
{"t":"hit","n":58,"m":{"k":"hit","tick":17868,"a":14,"b":10,"val":4.3,"w":"ram"}}
{"t":"hit","n":58,"m":{"k":"hit","tick":17869,"a":10,"b":14,"val":4.2,"w":"ram"}}
{"t":"hit","n":58,"m":{"k":"hit","tick":17869,"a":14,"b":10,"val":4.2,"w":"ram"}}
{"t":"hit","n":59,"m":{"k":"hit","tick":17870,"a":10,"b":14,"val":4.15,"w":"ram"}}
{"t":"hit","n":59,"m":{"k":"hit","tick":17870,"a":14,"b":10,"val":4.15,"w":"ram"}}
{"t":"hit","n":59,"m":{"k":"hit","tick":17871,"a":10,"b":14,"val":4.18,"w":"ram"}}
{"t":"hit","n":59,"m":{"k":"hit","tick":17871,"a":14,"b":10,"val":4.18,"w":"ram"}}
{"t":"hit","n":59,"m":{"k":"hit","tick":17872,"a":10,"b":14,"val":4.29,"w":"ram"}}
{"t":"hit","n":59,"m":{"k":"hit","tick":17872,"a":14,"b":10,"val":4.29,"w":"ram"}}
{"t":"hit","n":59,"m":{"k":"hit","tick":17873,"a":10,"b":14,"val":4.47,"w":"ram"}}
{"t":"hit","n":59,"m":{"k":"hit","tick":17873,"a":14,"b":10,"val":4.47,"w":"ram"}}
{"t":"hit","n":59,"m":{"k":"hit","tick":17874,"a":10,"b":14,"val":4.66,"w":"ram"}}
{"t":"hit","n":59,"m":{"k":"hit","tick":17874,"a":14,"b":10,"val":4.66,"w":"ram"}}
{"t":"hit","n":59,"m":{"k":"hit","tick":17875,"a":10,"b":14,"val":4.87,"w":"ram"}}
{"t":"hit","n":59,"m":{"k":"hit","tick":17875,"a":14,"b":10,"val":4.87,"w":"ram"}}
{"t":"hit","n":58,"m":{"k":"hit","tick":17876,"a":10,"b":14,"val":5.1,"w":"ram"}}
{"t":"hit","n":58,"m":{"k":"hit","tick":17876,"a":14,"b":10,"val":5.1,"w":"ram"}}
{"t":"hit","n":59,"m":{"k":"hit","tick":17877,"a":10,"b":14,"val":5.37,"w":"ram"}}
{"t":"hit","n":59,"m":{"k":"hit","tick":17877,"a":14,"b":10,"val":5.37,"w":"ram"}}
{"t":"hit","n":59,"m":{"k":"hit","tick":17878,"a":10,"b":14,"val":5.67,"w":"ram"}}
{"t":"hit","n":59,"m":{"k":"hit","tick":17878,"a":14,"b":10,"val":5.67,"w":"ram"}}
{"t":"hit","n":56,"m":{"k":"hit","tick":17879,"a":10,"b":14,"val":6,"w":"ram"}}
{"t":"hit","n":56,"m":{"k":"hit","tick":17879,"a":14,"b":10,"val":6,"w":"ram"}}
{"t":"hit","n":59,"m":{"k":"hit","tick":17880,"a":10,"b":14,"val":6.37,"w":"ram"}}
{"t":"hit","n":59,"m":{"k":"hit","tick":17880,"a":14,"b":10,"val":6.37,"w":"ram"}}
{"t":"lock","n":45,"m":{"k":"lock","tick":20054,"a":14,"b":9,"mk":1}}
{"t":"mlaunch","n":61,"m":{"k":"mlaunch","tick":20055,"a":16777351,"b":9,"o":14,"mk":1}}
{"t":"decoy","n":52,"m":{"k":"decoy","tick":20248,"a":16777351,"b":9,"o":14}}
{"t":"lock","n":38,"m":{"k":"lock","tick":23773,"a":9,"b":14}}
{"t":"mlaunch","n":54,"m":{"k":"mlaunch","tick":23776,"a":16777369,"b":14,"o":9}}
{"t":"flare","n":33,"m":{"k":"flare","tick":23789,"a":14}}
{"t":"decoy","n":52,"m":{"k":"decoy","tick":23789,"a":16777369,"b":14,"o":9}}
{"t":"lock","n":45,"m":{"k":"lock","tick":24677,"a":7,"b":14,"mk":1}}
{"t":"mlaunch","n":61,"m":{"k":"mlaunch","tick":24678,"a":16777376,"b":14,"o":7,"mk":1}}
{"t":"decoy","n":52,"m":{"k":"decoy","tick":24737,"a":16777376,"b":14,"o":7}}
{"t":"lock","n":45,"m":{"k":"lock","tick":24858,"a":5,"b":14,"mk":1}}
{"t":"mlaunch","n":61,"m":{"k":"mlaunch","tick":24860,"a":16777380,"b":14,"o":5,"mk":1}}
{"t":"lock","n":38,"m":{"k":"lock","tick":24867,"a":7,"b":14}}
{"t":"mlaunch","n":54,"m":{"k":"mlaunch","tick":24870,"a":16777381,"b":14,"o":7}}
{"t":"flare","n":33,"m":{"k":"flare","tick":24893,"a":14}}
{"t":"decoy","n":52,"m":{"k":"decoy","tick":24893,"a":16777381,"b":14,"o":7}}
{"t":"decoy","n":52,"m":{"k":"decoy","tick":24919,"a":16777380,"b":14,"o":5}}
{"t":"lock","n":45,"m":{"k":"lock","tick":25030,"a":3,"b":14,"mk":1}}
{"t":"mlaunch","n":61,"m":{"k":"mlaunch","tick":25036,"a":16777383,"b":14,"o":3,"mk":1}}
{"t":"decoy","n":52,"m":{"k":"decoy","tick":25181,"a":16777383,"b":14,"o":3}}
{"t":"lock","n":38,"m":{"k":"lock","tick":25196,"a":3,"b":14}}
{"t":"mlaunch","n":54,"m":{"k":"mlaunch","tick":25198,"a":16777384,"b":14,"o":3}}
{"t":"flare","n":33,"m":{"k":"flare","tick":25211,"a":14}}
{"t":"decoy","n":52,"m":{"k":"decoy","tick":25211,"a":16777384,"b":14,"o":3}}
{"t":"lock","n":45,"m":{"k":"lock","tick":25301,"a":1,"b":14,"mk":1}}
{"t":"mlaunch","n":61,"m":{"k":"mlaunch","tick":25302,"a":16777385,"b":14,"o":1,"mk":1}}
{"t":"lock","n":38,"m":{"k":"lock","tick":25331,"a":3,"b":14}}
{"t":"mlaunch","n":54,"m":{"k":"mlaunch","tick":25336,"a":16777386,"b":14,"o":3}}
{"t":"mlaunch","n":54,"m":{"k":"mlaunch","tick":25396,"a":16777388,"b":14,"o":3}}
{"t":"hit","n":73,"m":{"k":"hit","tick":25414,"a":14,"b":3,"val":70,"w":"missile","z":"engine"}}
{"t":"kill","n":52,"m":{"k":"kill","tick":25414,"a":14,"b":3,"w":"missile"}}
{"t":"spawn","n":33,"m":{"k":"spawn","tick":25594,"a":14}}
{"t":"lock","n":45,"m":{"k":"lock","tick":25916,"a":14,"b":9,"mk":1}}
{"t":"mlaunch","n":61,"m":{"k":"mlaunch","tick":25917,"a":16777391,"b":9,"o":14,"mk":1}}
{"t":"mlaunch","n":61,"m":{"k":"mlaunch","tick":25977,"a":16777392,"b":9,"o":14,"mk":1}}
{"t":"decoy","n":52,"m":{"k":"decoy","tick":26048,"a":16777392,"b":9,"o":14}}
{"t":"decoy","n":52,"m":{"k":"decoy","tick":26056,"a":16777391,"b":9,"o":14}}
{"t":"spawn","n":33,"m":{"k":"spawn","tick":29400,"a":14}}
{"t":"lock","n":45,"m":{"k":"lock","tick":29959,"a":3,"b":14,"mk":1}}
{"t":"mlaunch","n":61,"m":{"k":"mlaunch","tick":29961,"a":16777408,"b":14,"o":3,"mk":1}}
{"t":"lock","n":45,"m":{"k":"lock","tick":29964,"a":14,"b":3,"mk":1}}
{"t":"mlaunch","n":61,"m":{"k":"mlaunch","tick":29965,"a":16777409,"b":3,"o":14,"mk":1}}
## c
{"t":"welcome","n":46795,"h":"84d04a88394fb785","p":"{\"t\":\"welcome\",\"you\":15,\"code\":\"GOLD\",\"mode\":\"team\",\"aircraft\":[{\"kind\":\"f16\",\"name\":\"F-16\",\"team\":\"nato\",\"maxHP\":90,\"maxSpeed\":230,\"maxSpeedAB\":290,\"accel\":48,"}
{"t":"players","n":790,"m":{"t":"players","list":[{"id":1,"name":"Maverick","team":"nato","kind":"f16","bot":true},{"id":2,"name":"Iceman","team":"soviet","kind":"mig29","bot":true},{"id":3,"name":"Viper","team":"nato","kind":"f15","bot":true},{"id":4,"name":"Goose","team":"soviet","kind":"su27","bot":true},{"id":5,"name":"Ivan","team":"nato","kind":"f16","bot":true},{"id":6,"name":"Sokol","team":"soviet","kind":"mig29","bot":true},{"id":7,"name":"Berkut","team":"nato","kind":"f15","bot":true},{"id":8,"name":"Yastreb","team":"soviet","kind":"su27","bot":true},{"id":10,"name":"Raven","team":"soviet","kind":"mig29","bot":true},{"id":13,"name":"a","team":"nato","kind":"f16","bot":false},{"id":14,"name":"b","team":"soviet","kind":"su27","bot":false},{"id":15,"name":"c","team":"nato","kind":"f16","bot":false}]}}
{"t":"round","n":435,"m":{"t":"round","phase":"ended","left":480,"winner":"Sovyet","nato":17,"soviet":18,"board":[{"id":1,"k":7,"d":5,"s":7},{"id":3,"k":5,"d":2,"s":5},{"id":10,"k":5,"d":3,"s":5},{"id":2,"k":4,"d":4,"s":4},{"id":4,"k":4,"d":2,"s":4},{"id":5,"k":3,"d":3,"s":3},{"id":6,"k":3,"d":3,"s":3},{"id":8,"k":2,"d":5,"s":2},{"id":7,"k":1,"d":1,"s":1},{"id":14,"k":0,"d":2,"s":0},{"id":15,"k":0,"d":0,"s":0},{"id":13,"k":0,"d":16,"s":-12}],"wt":"soviet"}}
{"t":"players","n":790,"m":{"t":"players","list":[{"id":1,"name":"Maverick","team":"nato","kind":"f16","bot":true},{"id":2,"name":"Iceman","team":"soviet","kind":"mig29","bot":true},{"id":3,"name":"Viper","team":"nato","kind":"f15","bot":true},{"id":4,"name":"Goose","team":"soviet","kind":"su27","bot":true},{"id":5,"name":"Ivan","team":"nato","kind":"f16","bot":true},{"id":6,"name":"Sokol","team":"soviet","kind":"mig29","bot":true},{"id":7,"name":"Berkut","team":"nato","kind":"f15","bot":true},{"id":8,"name":"Yastreb","team":"soviet","kind":"su27","bot":true},{"id":10,"name":"Raven","team":"soviet","kind":"mig29","bot":true},{"id":13,"name":"a","team":"nato","kind":"f16","bot":false},{"id":14,"name":"b","team":"soviet","kind":"su27","bot":false},{"id":15,"name":"c","team":"nato","kind":"f16","bot":false}]}}
{"t":"run","c":248,"n":710776,"h":"d453987ec77a97c6"}
{"t":"round","n":402,"m":{"t":"round","phase":"playing","left":28800,"nato":0,"soviet":0,"board":[{"id":1,"k":0,"d":0,"s":0},{"id":2,"k":0,"d":0,"s":0},{"id":3,"k":0,"d":0,"s":0},{"id":4,"k":0,"d":0,"s":0},{"id":5,"k":0,"d":0,"s":0},{"id":6,"k":0,"d":0,"s":0},{"id":7,"k":0,"d":0,"s":0},{"id":8,"k":0,"d":0,"s":0},{"id":10,"k":0,"d":0,"s":0},{"id":13,"k":0,"d":0,"s":0},{"id":14,"k":0,"d":0,"s":0},{"id":15,"k":0,"d":0,"s":0}]}}
{"t":"run","c":310,"n":962216,"h":"2a896f0b2aa50611"}
{"t":"close","n":13,"m":{"t":"close"}}
## c.ev
{"t":"spawn","n":33,"m":{"k":"spawn","tick":29400,"a":15}}
## sink
{"t":"delta","n":48,"m":{"p":"pilot-a","n":"a","t":602,"kd":{"f16":602}}}
{"t":"delta","n":48,"m":{"p":"pilot-c","n":"c","t":602,"kd":{"f16":602}}}
{"t":"delta","n":55,"m":{"p":"pilot-b","n":"b","f":1,"t":602,"kd":{"su27":602}}}
{"t":"delta","n":72,"m":{"p":"pilot-a","n":"a","d":16,"c":12,"m":1,"t":25918,"kd":{"f16":25918}}}
{"t":"delta","n":83,"m":{"p":"pilot-b","n":"b","d":2,"w":1,"m":1,"f":6,"h":1,"t":28438,"kd":{"su27":28438}}}
