## a
{"t":"welcome","n":46791,"h":"4e1a03774892e6c5","p":"{\"t\":\"welcome\",\"you\":13,\"code\":\"GOLD\",\"mode\":\"team\",\"aircraft\":[{\"kind\":\"f16\",\"name\":\"F-16\",\"team\":\"nato\",\"maxHP\":90,\"maxSpeed\":230,\"maxSpeedAB\":290,\"accel\":48,"}
{"t":"players","n":794,"m":{"t":"players","list":[{"id":1,"name":"Maverick","team":"nato","kind":"f16","bot":true},{"id":2,"name":"Iceman","team":"soviet","kind":"mig29","bot":true},{"id":3,"name":"Viper","team":"nato","kind":"f15","bot":true},{"id":4,"name":"Goose","team":"soviet","kind":"su27","bot":true},{"id":5,"name":"Ivan","team":"nato","kind":"f16","bot":true},{"id":6,"name":"Sokol","team":"soviet","kind":"mig29","bot":true},{"id":7,"name":"Berkut","team":"nato","kind":"f15","bot":true},{"id":8,"name":"Yastreb","team":"soviet","kind":"su27","bot":true},{"id":9,"name":"Ghost","team":"nato","kind":"f16","bot":true},{"id":10,"name":"Raven","team":"soviet","kind":"mig29","bot":true},{"id":12,"name":"Hawk","team":"soviet","kind":"su27","bot":true},{"id":13,"name":"a","team":"nato","kind":"f16","bot":false}]}}
{"t":"round","n":401,"m":{"t":"round","phase":"playing","left":28800,"nato":0,"soviet":0,"board":[{"id":1,"k":0,"d":0,"s":0},{"id":2,"k":0,"d":0,"s":0},{"id":3,"k":0,"d":0,"s":0},{"id":4,"k":0,"d":0,"s":0},{"id":5,"k":0,"d":0,"s":0},{"id":6,"k":0,"d":0,"s":0},{"id":7,"k":0,"d":0,"s":0},{"id":8,"k":0,"d":0,"s":0},{"id":9,"k":0,"d":0,"s":0},{"id":10,"k":0,"d":0,"s":0},{"id":12,"k":0,"d":0,"s":0},{"id":13,"k":0,"d":0,"s":0}]}}
{"t":"players","n":793,"m":{"t":"players","list":[{"id":1,"name":"Maverick","team":"nato","kind":"f16","bot":true},{"id":2,"name":"Iceman","team":"soviet","kind":"mig29","bot":true},{"id":3,"name":"Viper","team":"nato","kind":"f15","bot":true},{"id":4,"name":"Goose","team":"soviet","kind":"su27","bot":true},{"id":5,"name":"Ivan","team":"nato","kind":"f16","bot":true},{"id":6,"name":"Sokol","team":"soviet","kind":"mig29","bot":true},{"id":7,"name":"Berkut","team":"nato","kind":"f15","bot":true},{"id":8,"name":"Yastreb","team":"soviet","kind":"su27","bot":true},{"id":9,"name":"Ghost","team":"nato","kind":"f16","bot":true},{"id":10,"name":"Raven","team":"soviet","kind":"mig29","bot":true},{"id":13,"name":"a","team":"nato","kind":"f16","bot":false},{"id":14,"name":"b","team":"soviet","kind":"mig29","bot":false}]}}
{"t":"players","n":792,"m":{"t":"players","list":[{"id":1,"name":"Maverick","team":"nato","kind":"f16","bot":true},{"id":2,"name":"Iceman","team":"soviet","kind":"mig29","bot":true},{"id":3,"name":"Viper","team":"nato","kind":"f15","bot":true},{"id":4,"name":"Goose","team":"soviet","kind":"su27","bot":true},{"id":5,"name":"Ivan","team":"nato","kind":"f16","bot":true},{"id":6,"name":"Sokol","team":"soviet","kind":"mig29","bot":true},{"id":7,"name":"Berkut","team":"nato","kind":"f15","bot":true},{"id":8,"name":"Yastreb","team":"soviet","kind":"su27","bot":true},{"id":9,"name":"Ghost","team":"nato","kind":"f16","bot":true},{"id":10,"name":"Raven","team":"soviet","kind":"mig29","bot":true},{"id":13,"name":"a","team":"nato","kind":"f16","bot":false},{"id":14,"name":"b","team":"soviet","kind":"su27","bot":false}]}}
{"t":"round","n":401,"m":{"t":"round","phase":"playing","left":28799,"nato":0,"soviet":0,"board":[{"id":1,"k":0,"d":0,"s":0},{"id":2,"k":0,"d":0,"s":0},{"id":3,"k":0,"d":0,"s":0},{"id":4,"k":0,"d":0,"s":0},{"id":5,"k":0,"d":0,"s":0},{"id":6,"k":0,"d":0,"s":0},{"id":7,"k":0,"d":0,"s":0},{"id":8,"k":0,"d":0,"s":0},{"id":9,"k":0,"d":0,"s":0},{"id":10,"k":0,"d":0,"s":0},{"id":13,"k":0,"d":0,"s":0},{"id":14,"k":0,"d":0,"s":0}]}}
{"t":"run","c":526,"n":1683215,"h":"4b10f94985f3ccbf"}
{"t":"round","n":401,"m":{"t":"round","phase":"playing","left":27780,"nato":0,"soviet":0,"board":[{"id":1,"k":0,"d":0,"s":0},{"id":2,"k":0,"d":0,"s":0},{"id":3,"k":0,"d":0,"s":0},{"id":4,"k":0,"d":0,"s":0},{"id":5,"k":0,"d":0,"s":0},{"id":6,"k":0,"d":0,"s":0},{"id":7,"k":0,"d":0,"s":0},{"id":8,"k":0,"d":1,"s":0},{"id":9,"k":0,"d":0,"s":0},{"id":10,"k":0,"d":1,"s":0},{"id":13,"k":0,"d":0,"s":0},{"id":14,"k":0,"d":0,"s":0}]}}
{"t":"run","c":61,"n":198274,"h":"a706012e15ba7321"}
{"t":"round","n":401,"m":{"t":"round","phase":"playing","left":27660,"nato":0,"soviet":0,"board":[{"id":1,"k":0,"d":0,"s":0},{"id":2,"k":0,"d":0,"s":0},{"id":3,"k":0,"d":1,"s":0},{"id":4,"k":0,"d":0,"s":0},{"id":5,"k":0,"d":0,"s":0},{"id":6,"k":0,"d":0,"s":0},{"id":7,"k":0,"d":0,"s":0},{"id":8,"k":0,"d":1,"s":0},{"id":9,"k":0,"d":1,"s":0},{"id":10,"k":0,"d":1,"s":0},{"id":13,"k":0,"d":0,"s":0},{"id":14,"k":0,"d":0,"s":0}]}}
{"t":"run","c":61,"n":189503,"h":"fad629acc6fb4f0b"}
{"t":"round","n":401,"m":{"t":"round","phase":"playing","left":27540,"nato":0,"soviet":0,"board":[{"id":1,"k":0,"d":0,"s":0},{"id":2,"k":0,"d":0,"s":0},{"id":3,"k":0,"d":1,"s":0},{"id":4,"k":0,"d":0,"s":0},{"id":5,"k":0,"d":0,"s":0},{"id":6,"k":0,"d":1,"s":0},{"id":7,"k":0,"d":0,"s":0},{"id":8,"k":0,"d":1,"s":0},{"id":9,"k":0,"d":1,"s":0},{"id":10,"k":0,"d":1,"s":0},{"id":13,"k":0,"d":0,"s":0},{"id":14,"k":0,"d":1,"s":0}]}}
{"t":"run","c":34,"n":107765,"h":"b9389440f2dfa70f"}
{"t":"round","n":401,"m":{"t":"round","phase":"playing","left":27473,"nato":0,"soviet":1,"board":[{"id":8,"k":1,"d":1,"s":1},{"id":1,"k":0,"d":0,"s":0},{"id":2,"k":0,"d":0,"s":0},{"id":3,"k":0,"d":1,"s":0},{"id":4,"k":0,"d":0,"s":0},{"id":5,"k":0,"d":0,"s":0},{"id":6,"k":0,"d":1,"s":0},{"id":7,"k":0,"d":0,"s":0},{"id":9,"k":0,"d":1,"s":0},{"id":10,"k":0,"d":1,"s":0},{"id":13,"k":0,"d":1,"s":0},{"id":14,"k":0,"d":1,"s":0}]}}
{"t":"run","c":310,"n":1026608,"h":"fd18716a4512e9f6"}
{"t":"round","n":401,"m":{"t":"round","phase":"playing","left":26873,"nato":1,"soviet":1,"board":[{"id":3,"k":1,"d":1,"s":1},{"id":8,"k":1,"d":1,"s":1},{"id":1,"k":0,"d":0,"s":0},{"id":2,"k":0,"d":1,"s":0},{"id":4,"k":0,"d":0,"s":0},{"id":5,"k":0,"d":0,"s":0},{"id":6,"k":0,"d":1,"s":0},{"id":7,"k":0,"d":0,"s":0},{"id":9,"k":0,"d":1,"s":0},{"id":10,"k":0,"d":1,"s":0},{"id":13,"k":0,"d":1,"s":0},{"id":14,"k":0,"d":1,"s":0}]}}
{"t":"run","c":9,"n":32424,"h":"8fd18dce8bd3477c"}
{"t":"round","n":401,"m":{"t":"round","phase":"playing","left":26855,"nato":1,"soviet":2,"board":[{"id":3,"k":1,"d":1,"s":1},{"id":8,"k":1,"d":1,"s":1},{"id":14,"k":1,"d":1,"s":1},{"id":1,"k":0,"d":1,"s":0},{"id":2,"k":0,"d":1,"s":0},{"id":4,"k":0,"d":0,"s":0},{"id":5,"k":0,"d":0,"s":0},{"id":6,"k":0,"d":1,"s":0},{"id":7,"k":0,"d":0,"s":0},{"id":9,"k":0,"d":1,"s":0},{"id":10,"k":0,"d":1,"s":0},{"id":13,"k":0,"d":1,"s":0}]}}
{"t":"run","c":465,"n":1485945,"h":"e17c25967abc8676"}
{"t":"round","n":401,"m":{"t":"round","phase":"playing","left":25955,"nato":1,"soviet":3,"board":[{"id":2,"k":1,"d":1,"s":1},{"id":3,"k":1,"d":1,"s":1},{"id":8,"k":1,"d":1,"s":1},{"id":14,"k":1,"d":1,"s":1},{"id":1,"k":0,"d":1,"s":0},{"id":4,"k":0,"d":0,"s":0},{"id":5,"k":0,"d":0,"s":0},{"id":6,"k":0,"d":1,"s":0},{"id":7,"k":0,"d":0,"s":0},{"id":9,"k":0,"d":1,"s":0},{"id":10,"k":0,"d":1,"s":0},{"id":13,"k":0,"d":2,"s":0}]}}
{"t":"run","c":520,"n":1531629,"h":"4792311300ab953f"}
{"t":"round","n":401,"m":{"t":"round","phase":"playing","left":24949,"nato":2,"soviet":4,"board":[{"id":2,"k":1,"d":1,"s":1},{"id":3,"k":1,"d":1,"s":1},{"id":6,"k":1,"d":2,"s":1},{"id":7,"k":1,"d":1,"s":1},{"id":8,"k":1,"d":1,"s":1},{"id":14,"k":1,"d":1,"s":1},{"id":1,"k":0,"d":1,"s":0},{"id":4,"k":0,"d":0,"s":0},{"id":5,"k":0,"d":0,"s":0},{"id":9,"k":0,"d":1,"s":0},{"id":10,"k":0,"d":1,"s":0},{"id":13,"k":0,"d":2,"s":0}]}}
{"t":"run","c":470,"n":1395999,"h":"9e0e8787bb3ba90f"}
{"t":"round","n":401,"m":{"t":"round","phase":"playing","left":24039,"nato":2,"soviet":5,"board":[{"id":14,"k":2,"d":1,"s":2},{"id":2,"k":1,"d":1,"s":1},{"id":3,"k":1,"d":1,"s":1},{"id":6,"k":1,"d":2,"s":1},{"id":7,"k":1,"d":1,"s":1},{"id":8,"k":1,"d":1,"s":1},{"id":1,"k":0,"d":1,"s":0},{"id":4,"k":0,"d":0,"s":0},{"id":5,"k":0,"d":0,"s":0},{"id":9,"k":0,"d":1,"s":0},{"id":10,"k":0,"d":1,"s":0},{"id":13,"k":0,"d":3,"s":0}]}}
{"t":"run","c":82,"n":267277,"h":"c046fd03968a42a1"}
{"t":"round","n":401,"m":{"t":"round","phase":"playing","left":23880,"nato":2,"soviet":5,"board":[{"id":14,"k":2,"d":1,"s":2},{"id":2,"k":1,"d":1,"s":1},{"id":3,"k":1,"d":1,"s":1},{"id":6,"k":1,"d":3,"s":1},{"id":7,"k":1,"d":1,"s":1},{"id":8,"k":1,"d":1,"s":1},{"id":1,"k":0,"d":1,"s":0},{"id":4,"k":0,"d":0,"s":0},{"id":5,"k":0,"d":0,"s":0},{"id":9,"k":0,"d":1,"s":0},{"id":10,"k":0,"d":2,"s":0},{"id":13,"k":0,"d":3,"s":0}]}}
{"t":"run","c":174,"n":541750,"h":"73d05451aa773d49"}
{"t":"round","n":401,"m":{"t":"round","phase":"playing","left":23542,"nato":3,"soviet":5,"board":[{"id":14,"k":2,"d":1,"s":2},{"id":2,"k":1,"d":1,"s":1},{"id":3,"k":1,"d":1,"s":1},{"id":6,"k":1,"d":3,"s":1},{"id":7,"k":1,"d":1,"s":1},{"id":8,"k":1,"d":1,"s":1},{"id":9,"k":1,"d":1,"s":1},{"id":1,"k":0,"d":1,"s":0},{"id":4,"k":0,"d":1,"s":0},{"id":5,"k":0,"d":0,"s":0},{"id":10,"k":0,"d":2,"s":0},{"id":13,"k":0,"d":3,"s":0}]}}
{"t":"run","c":207,"n":654746,"h":"2ead629ef993b541"}
{"t":"round","n":401,"m":{"t":"round","phase":"playing","left":23142,"nato":3,"soviet":6,"board":[{"id":6,"k":2,"d":3,"s":2},{"id":14,"k":2,"d":1,"s":2},{"id":2,"k":1,"d":1,"s":1},{"id":3,"k":1,"d":1,"s":1},{"id":7,"k":1,"d":1,"s":1},{"id":8,"k":1,"d":1,"s":1},{"id":9,"k":1,"d":2,"s":1},{"id":1,"k":0,"d":1,"s":0},{"id":4,"k":0,"d":1,"s":0},{"id":5,"k":0,"d":0,"s":0},{"id":10,"k":0,"d":2,"s":0},{"id":13,"k":0,"d":3,"s":0}]}}
{"t":"run","c":27,"n":85081,"h":"635f985e85023edb"}
{"t":"round","n":401,"m":{"t":"round","phase":"playing","left":23090,"nato":4,"soviet":6,"board":[{"id":6,"k":2,"d":3,"s":2},{"id":14,"k":2,"d":1,"s":2},{"id":2,"k":1,"d":2,"s":1},{"id":3,"k":1,"d":1,"s":1},{"id":5,"k":1,"d":0,"s":1},{"id":7,"k":1,"d":1,"s":1},{"id":8,"k":1,"d":1,"s":1},{"id":9,"k":1,"d":2,"s":1},{"id":1,"k":0,"d":1,"s":0},{"id":4,"k":0,"d":1,"s":0},{"id":10,"k":0,"d":2,"s":0},{"id":13,"k":0,"d":3,"s":0}]}}
{"t":"run","c":81,"n":259989,"h":"a82f9b65480af023"}
{"t":"round","n":401,"m":{"t":"round","phase":"playing","left":22932,"nato":4,"soviet":7,"board":[{"id":6,"k":2,"d":3,"s":2},{"id":14,"k":2,"d":1,"s":2},{"id":2,"k":1,"d":2,"s":1},{"id":3,"k":1,"d":2,"s":1},{"id":4,"k":1,"d":1,"s":1},{"id":5,"k":1,"d":0,"s":1},{"id":7,"k":1,"d":1,"s":1},{"id":8,"k":1,"d":1,"s":1},{"id":9,"k":1,"d":2,"s":1},{"id":1,"k":0,"d":1,"s":0},{"id":10,"k":0,"d":2,"s":0},{"id":13,"k":0,"d":3,"s":0}]}}
{"t":"run","c":488,"n":1581197,"h":"c040f9140f75c5ef"}
{"t":"round","n":401,"m":{"t":"round","phase":"playing","left":21988,"nato":4,"soviet":8,"board":[{"id":2,"k":2,"d":2,"s":2},{"id":6,"k":2,"d":3,"s":2},{"id":14,"k":2,"d":1,"s":2},{"id":3,"k":1,"d":2,"s":1},{"id":4,"k":1,"d":1,"s":1},{"id":5,"k":1,"d":0,"s":1},{"id":7,"k":1,"d":1,"s":1},{"id":8,"k":1,"d":1,"s":1},{"id":9,"k":1,"d":2,"s":1},{"id":1,"k":0,"d":1,"s":0},{"id":10,"k":0,"d":2,"s":0},{"id":13,"k":0,"d":4,"s":0}]}}
{"t":"run","c":13,"n":45649,"h":"3d9ee20e4411a40a"}
{"t":"round","n":401,"m":{"t":"round","phase":"playing","left":21961,"nato":5,"soviet":8,"board":[{"id":2,"k":2,"d":2,"s":2},{"id":3,"k":2,"d":2,"s":2},{"id":6,"k":2,"d":3,"s":2},{"id":14,"k":2,"d":1,"s":2},{"id":4,"k":1,"d":2,"s":1},{"id":5,"k":1,"d":0,"s":1},{"id":7,"k":1,"d":1,"s":1},{"id":8,"k":1,"d":1,"s":1},{"id":9,"k":1,"d":2,"s":1},{"id":1,"k":0,"d":1,"s":0},{"id":10,"k":0,"d":2,"s":0},{"id":13,"k":0,"d":4,"s":0}]}}
{"t":"run","c":156,"n":498986,"h":"60bea1857a3ebfeb"}
{"t":"round","n":401,"m":{"t":"round","phase":"playing","left":21660,"nato":5,"soviet":9,"board":[{"id":6,"k":3,"d":3,"s":3},{"id":2,"k":2,"d":2,"s":2},{"id":3,"k":2,"d":2,"s":2},{"id":14,"k":2,"d":1,"s":2},{"id":4,"k":1,"d":2,"s":1},{"id":5,"k":1,"d":0,"s":1},{"id":7,"k":1,"d":2,"s":1},{"id":8,"k":1,"d":1,"s":1},{"id":9,"k":1,"d":2,"s":1},{"id":1,"k":0,"d":1,"s":0},{"id":10,"k":0,"d":2,"s":0},{"id":13,"k":0,"d":4,"s":0}]}}
{"t":"run","c":609,"n":1850181,"h":"e681871c8f3c5ad0"}
{"t":"round","n":402,"m":{"t":"round","phase":"playing","left":20479,"nato":5,"soviet":10,"board":[{"id":6,"k":3,"d":3,"s":3},{"id":14,"k":3,"d":1,"s":3},{"id":2,"k":2,"d":2,"s":2},{"id":3,"k":2,"d":2,"s":2},{"id":4,"k":1,"d":2,"s":1},{"id":5,"k":1,"d":0,"s":1},{"id":7,"k":1,"d":2,"s":1},{"id":8,"k":1,"d":1,"s":1},{"id":9,"k":1,"d":2,"s":1},{"id":1,"k":0,"d":2,"s":0},{"id":10,"k":0,"d":2,"s":0},{"id":13,"k":0,"d":4,"s":0}]}}
{"t":"run","c":126,"n":401676,"h":"2c7b80a6856a26d4"}
{"t":"round","n":402,"m":{"t":"round","phase":"playing","left":20235,"nato":5,"soviet":11,"board":[{"id":2,"k":3,"d":2,"s":3},{"id":6,"k":3,"d":3,"s":3},{"id":14,"k":3,"d":1,"s":3},{"id":3,"k":2,"d":2,"s":2},{"id":4,"k":1,"d":2,"s":1},{"id":5,"k":1,"d":0,"s":1},{"id":7,"k":1,"d":2,"s":1},{"id":8,"k":1,"d":1,"s":1},{"id":9,"k":1,"d":2,"s":1},{"id":1,"k":0,"d":2,"s":0},{"id":10,"k":0,"d":2,"s":0},{"id":13,"k":0,"d":5,"s":0}]}}
{"t":"run","c":422,"n":1252001,"h":"aa3a2224c70146c8"}
{"t":"round","n":403,"m":{"t":"round","phase":"playing","left":19420,"nato":5,"soviet":11,"board":[{"id":2,"k":3,"d":2,"s":3},{"id":6,"k":3,"d":3,"s":3},{"id":14,"k":3,"d":1,"s":3},{"id":3,"k":2,"d":2,"s":2},{"id":4,"k":1,"d":2,"s":1},{"id":5,"k":1,"d":0,"s":1},{"id":7,"k":1,"d":2,"s":1},{"id":8,"k":1,"d":1,"s":1},{"id":9,"k":1,"d":2,"s":1},{"id":1,"k":0,"d":2,"s":0},{"id":10,"k":0,"d":2,"s":0},{"id":13,"k":0,"d":6,"s":-1}]}}
{"t":"run","c":5,"n":16102,"h":"473c5fd0487253b7"}
{"t":"round","n":403,"m":{"t":"round","phase":"playing","left":19410,"nato":6,"soviet":12,"board":[{"id":2,"k":3,"d":2,"s":3},{"id":6,"k":3,"d":3,"s":3},{"id":14,"k":3,"d":1,"s":3},{"id":3,"k":2,"d":2,"s":2},{"id":4,"k":2,"d":3,"s":2},{"id":1,"k":1,"d":3,"s":1},{"id":5,"k":1,"d":0,"s":1},{"id":7,"k":1,"d":2,"s":1},{"id":8,"k":1,"d":1,"s":1},{"id":9,"k":1,"d":2,"s":1},{"id":10,"k":0,"d":2,"s":0},{"id":13,"k":0,"d":6,"s":-1}]}}
{"t":"run","c":71,"n":230405,"h":"f74e89a431821ae6"}
{"t":"round","n":403,"m":{"t":"round","phase":"playing","left":19271,"nato":6,"soviet":13,"board":[{"id":2,"k":3,"d":2,"s":3},{"id":6,"k":3,"d":3,"s":3},{"id":14,"k":3,"d":1,"s":3},{"id":3,"k":2,"d":2,"s":2},{"id":4,"k":2,"d":3,"s":2},{"id":1,"k":1,"d":3,"s":1},{"id":5,"k":1,"d":0,"s":1},{"id":7,"k":1,"d":2,"s":1},{"id":8,"k":1,"d":1,"s":1},{"id":9,"k":1,"d":3,"s":1},{"id":10,"k":1,"d":2,"s":1},{"id":13,"k":0,"d":6,"s":-1}]}}
{"t":"run","c":442,"n":1369440,"h":"2c7f939f1855fc0a"}
{"t":"round","n":403,"m":{"t":"round","phase":"playing","left":18418,"nato":7,"soviet":13,"board":[{"id":2,"k":3,"d":2,"s":3},{"id":6,"k":3,"d":3,"s":3},{"id":14,"k":3,"d":1,"s":3},{"id":3,"k":2,"d":2,"s":2},{"id":4,"k":2,"d":3,"s":2},{"id":9,"k":2,"d":3,"s":2},{"id":1,"k":1,"d":3,"s":1},{"id":5,"k":1,"d":0,"s":1},{"id":7,"k":1,"d":2,"s":1},{"id":8,"k":1,"d":2,"s":1},{"id":10,"k":1,"d":2,"s":1},{"id":13,"k":0,"d":6,"s":-1}]}}
{"t":"run","c":30,"n":90828,"h":"4203ff50e1229b40"}
{"t":"round","n":403,"m":{"t":"round","phase":"playing","left":18359,"nato":7,"soviet":14,"board":[{"id":2,"k":4,"d":2,"s":4},{"id":6,"k":3,"d":3,"s":3},{"id":14,"k":3,"d":1,"s":3},{"id":3,"k":2,"d":2,"s":2},{"id":4,"k":2,"d":3,"s":2},{"id":9,"k":2,"d":3,"s":2},{"id":1,"k":1,"d":3,"s":1},{"id":5,"k":1,"d":1,"s":1},{"id":7,"k":1,"d":2,"s":1},{"id":8,"k":1,"d":2,"s":1},{"id":10,"k":1,"d":2,"s":1},{"id":13,"k":0,"d":6,"s":-1}]}}
{"t":"run","c":97,"n":291098,"h":"266f53427fefdd04"}
{"t":"round","n":403,"m":{"t":"round","phase":"playing","left":18171,"nato":8,"soviet":14,"board":[{"id":2,"k":4,"d":2,"s":4},{"id":3,"k":3,"d":2,"s":3},{"id":6,"k":3,"d":4,"s":3},{"id":14,"k":3,"d":1,"s":3},{"id":4,"k":2,"d":3,"s":2},{"id":9,"k":2,"d":3,"s":2},{"id":1,"k":1,"d":3,"s":1},{"id":5,"k":1,"d":1,"s":1},{"id":7,"k":1,"d":2,"s":1},{"id":8,"k":1,"d":2,"s":1},{"id":10,"k":1,"d":2,"s":1},{"id":13,"k":0,"d":6,"s":-1}]}}
{"t":"run","c":88,"n":273196,"h":"232dd8380736a942"}
{"t":"round","n":403,"m":{"t":"round","phase":"playing","left":18000,"nato":8,"soviet":14,"board":[{"id":2,"k":4,"d":2,"s":4},{"id":3,"k":3,"d":2,"s":3},{"id":6,"k":3,"d":4,"s":3},{"id":14,"k":3,"d":1,"s":3},{"id":4,"k":2,"d":3,"s":2},{"id":9,"k":2,"d":4,"s":2},{"id":1,"k":1,"d":4,"s":1},{"id":5,"k":1,"d":1,"s":1},{"id":7,"k":1,"d":2,"s":1},{"id":8,"k":1,"d":2,"s":1},{"id":10,"k":1,"d":2,"s":1},{"id":13,"k":0,"d":6,"s":-1}]}}
{"t":"run","c":339,"n":1095144,"h":"b4b3d7abb6bbb156"}
{"t":"round","n":403,"m":{"t":"round","phase":"playing","left":17342,"nato":9,"soviet":14,"board":[{"id":2,"k":4,"d":2,"s":4},{"id":3,"k":3,"d":2,"s":3},{"id":6,"k":3,"d":4,"s":3},{"id":14,"k":3,"d":1,"s":3},{"id":4,"k":2,"d":3,"s":2},{"id":5,"k":2,"d":1,"s":2},{"id":9,"k":2,"d":4,"s":2},{"id":1,"k":1,"d":4,"s":1},{"id":7,"k":1,"d":2,"s":1},{"id":8,"k":1,"d":2,"s":1},{"id":10,"k":1,"d":3,"s":1},{"id":13,"k":0,"d":6,"s":-1}]}}
{"t":"run","c":176,"n":547189,"h":"aa30c17a7caf8cd5"}
{"t":"round","n":403,"m":{"t":"round","phase":"playing","left":17002,"nato":9,"soviet":14,"board":[{"id":2,"k":4,"d":2,"s":4},{"id":3,"k":3,"d":2,"s":3},{"id":6,"k":3,"d":4,"s":3},{"id":14,"k":3,"d":1,"s":3},{"id":4,"k":2,"d":3,"s":2},{"id":5,"k":2,"d":1,"s":2},{"id":9,"k":2,"d":4,"s":2},{"id":1,"k":1,"d":4,"s":1},{"id":7,"k":1,"d":2,"s":1},{"id":8,"k":1,"d":2,"s":1},{"id":10,"k":1,"d":3,"s":1},{"id":13,"k":0,"d":7,"s":-2}]}}
{"t":"run","c":57,"n":183163,"h":"3b7eea8336812d4a"}
{"t":"round","n":404,"m":{"t":"round","phase":"playing","left":16892,"nato":10,"soviet":14,"board":[{"id":2,"k":4,"d":2,"s":4},{"id":3,"k":3,"d":2,"s":3},{"id":6,"k":3,"d":4,"s":3},{"id":14,"k":3,"d":2,"s":3},{"id":1,"k":2,"d":4,"s":2},{"id":4,"k":2,"d":3,"s":2},{"id":5,"k":2,"d":1,"s":2},{"id":9,"k":2,"d":4,"s":2},{"id":7,"k":1,"d":2,"s":1},{"id":8,"k":1,"d":2,"s":1},{"id":10,"k":1,"d":3,"s":1},{"id":13,"k":0,"d":7,"s":-2}]}}
{"t":"run","c":928,"n":2871488,"h":"918bbaadcafd479a"}
{"t":"round","n":404,"m":{"t":"round","phase":"playing","left":15095,"nato":10,"soviet":15,"board":[{"id":2,"k":4,"d":2,"s":4},{"id":3,"k":3,"d":2,"s":3},{"id":4,"k":3,"d":3,"s":3},{"id":6,"k":3,"d":4,"s":3},{"id":14,"k":3,"d":2,"s":3},{"id":1,"k":2,"d":5,"s":2},{"id":5,"k":2,"d":1,"s":2},{"id":9,"k":2,"d":4,"s":2},{"id":7,"k":1,"d":2,"s":1},{"id":8,"k":1,"d":2,"s":1},{"id":10,"k":1,"d":3,"s":1},{"id":13,"k":0,"d":7,"s":-2}]}}
{"t":"run","c":294,"n":878860,"h":"5f7a463a53968e8e"}
{"t":"round","n":404,"m":{"t":"round","phase":"playing","left":14526,"nato":10,"soviet":16,"board":[{"id":2,"k":4,"d":2,"s":4},{"id":4,"k":4,"d":3,"s":4},{"id":3,"k":3,"d":2,"s":3},{"id":6,"k":3,"d":4,"s":3},{"id":14,"k":3,"d":2,"s":3},{"id":1,"k":2,"d":5,"s":2},{"id":5,"k":2,"d":1,"s":2},{"id":9,"k":2,"d":5,"s":2},{"id":7,"k":1,"d":2,"s":1},{"id":8,"k":1,"d":2,"s":1},{"id":10,"k":1,"d":3,"s":1},{"id":13,"k":0,"d":7,"s":-2}]}}
{"t":"run","c":68,"n":201896,"h":"4017320dc1ca9fa4"}
{"t":"round","n":404,"m":{"t":"round","phase":"playing","left":14395,"nato":10,"soviet":16,"board":[{"id":2,"k":4,"d":2,"s":4},{"id":4,"k":4,"d":3,"s":4},{"id":3,"k":3,"d":2,"s":3},{"id":6,"k":3,"d":4,"s":3},{"id":14,"k":3,"d":2,"s":3},{"id":1,"k":2,"d":5,"s":2},{"id":5,"k":2,"d":1,"s":2},{"id":9,"k":2,"d":5,"s":2},{"id":7,"k":1,"d":2,"s":1},{"id":8,"k":1,"d":2,"s":1},{"id":10,"k":1,"d":3,"s":1},{"id":13,"k":0,"d":8,"s":-3}]}}
{"t":"run","c":47,"n":142219,"h":"685aa5038756898d"}
{"t":"round","n":404,"m":{"t":"round","phase":"playing","left":14303,"nato":10,"soviet":17,"board":[{"id":2,"k":4,"d":2,"s":4},{"id":4,"k":4,"d":3,"s":4},{"id":6,"k":4,"d":4,"s":4},{"id":3,"k":3,"d":2,"s":3},{"id":14,"k":3,"d":2,"s":3},{"id":1,"k":2,"d":5,"s":2},{"id":5,"k":2,"d":2,"s":2},{"id":9,"k":2,"d":5,"s":2},{"id":7,"k":1,"d":2,"s":1},{"id":8,"k":1,"d":2,"s":1},{"id":10,"k":1,"d":3,"s":1},{"id":13,"k":0,"d":8,"s":-3}]}}
{"t":"run","c":267,"n":835268,"h":"bd857a61217d54fd"}
{"t":"round","n":404,"m":{"t":"round","phase":"playing","left":13787,"nato":10,"soviet":18,"board":[{"id":2,"k":5,"d":2,"s":5},{"id":4,"k":4,"d":3,"s":4},{"id":6,"k":4,"d":4,"s":4},{"id":3,"k":3,"d":3,"s":3},{"id":14,"k":3,"d":2,"s":3},{"id":1,"k":2,"d":5,"s":2},{"id":5,"k":2,"d":2,"s":2},{"id":9,"k":2,"d":5,"s":2},{"id":7,"k":1,"d":2,"s":1},{"id":8,"k":1,"d":2,"s":1},{"id":10,"k":1,"d":3,"s":1},{"id":13,"k":0,"d":8,"s":-3}]}}
{"t":"run","c":65,"n":216996,"h":"8a0522e4f908f8c1"}
{"t":"round","n":404,"m":{"t":"round","phase":"playing","left":13661,"nato":11,"soviet":18,"board":[{"id":2,"k":5,"d":2,"s":5},{"id":4,"k":4,"d":4,"s":4},{"id":6,"k":4,"d":4,"s":4},{"id":3,"k":3,"d":3,"s":3},{"id":9,"k":3,"d":5,"s":3},{"id":14,"k":3,"d":2,"s":3},{"id":1,"k":2,"d":5,"s":2},{"id":5,"k":2,"d":2,"s":2},{"id":7,"k":1,"d":2,"s":1},{"id":8,"k":1,"d":2,"s":1},{"id":10,"k":1,"d":3,"s":1},{"id":13,"k":0,"d":8,"s":-3}]}}
{"t":"run","c":285,"n":906791,"h":"e3a3702119c39d1f"}
{"t":"round","n":404,"m":{"t":"round","phase":"playing","left":13110,"nato":11,"soviet":19,"board":[{"id":2,"k":5,"d":2,"s":5},{"id":4,"k":4,"d":4,"s":4},{"id":6,"k":4,"d":4,"s":4},{"id":14,"k":4,"d":2,"s":4},{"id":3,"k":3,"d":3,"s":3},{"id":9,"k":3,"d":6,"s":3},{"id":1,"k":2,"d":5,"s":2},{"id":5,"k":2,"d":2,"s":2},{"id":7,"k":1,"d":2,"s":1},{"id":8,"k":1,"d":2,"s":1},{"id":10,"k":1,"d":3,"s":1},{"id":13,"k":0,"d":8,"s":-3}]}}
{"t":"run","c":97,"n":364406,"h":"03b92d72c4d05eb9"}
{"t":"round","n":404,"m":{"t":"round","phase":"playing","left":12922,"nato":11,"soviet":20,"board":[{"id":2,"k":5,"d":2,"s":5},{"id":4,"k":5,"d":4,"s":5},{"id":6,"k":4,"d":4,"s":4},{"id":14,"k":4,"d":2,"s":4},{"id":3,"k":3,"d":3,"s":3},{"id":9,"k":3,"d":6,"s":3},{"id":1,"k":2,"d":5,"s":2},{"id":5,"k":2,"d":2,"s":2},{"id":7,"k":1,"d":3,"s":1},{"id":8,"k":1,"d":2,"s":1},{"id":10,"k":1,"d":3,"s":1},{"id":13,"k":0,"d":8,"s":-3}]}}
{"t":"run","c":54,"n":180312,"h":"fc14b0294cdfe0be"}
{"t":"round","n":404,"m":{"t":"round","phase":"playing","left":12818,"nato":11,"soviet":20,"board":[{"id":2,"k":5,"d":2,"s":5},{"id":4,"k":5,"d":4,"s":5},{"id":6,"k":4,"d":4,"s":4},{"id":14,"k":4,"d":2,"s":4},{"id":3,"k":3,"d":3,"s":3},{"id":9,"k":3,"d":6,"s":3},{"id":1,"k":2,"d":5,"s":2},{"id":5,"k":2,"d":2,"s":2},{"id":7,"k":1,"d":3,"s":1},{"id":8,"k":1,"d":2,"s":1},{"id":10,"k":1,"d":3,"s":1},{"id":13,"k":0,"d":9,"s":-4}]}}
{"t":"run","c":92,"n":280190,"h":"6d71ab4a881660e8"}
{"t":"round","n":404,"m":{"t":"round","phase":"playing","left":12640,"nato":12,"soviet":20,"board":[{"id":2,"k":5,"d":2,"s":5},{"id":4,"k":5,"d":4,"s":5},{"id":6,"k":4,"d":5,"s":4},{"id":14,"k":4,"d":2,"s":4},{"id":1,"k":3,"d":5,"s":3},{"id":3,"k":3,"d":3,"s":3},{"id":9,"k":3,"d":6,"s":3},{"id":5,"k":2,"d":2,"s":2},{"id":7,"k":1,"d":3,"s":1},{"id":8,"k":1,"d":2,"s":1},{"id":10,"k":1,"d":3,"s":1},{"id":13,"k":0,"d":9,"s":-4}]}}
{"t":"run","c":62,"n":181942,"h":"8d525e72680596ce"}
{"t":"round","n":404,"m":{"t":"round","phase":"playing","left":12519,"nato":13,"soviet":20,"board":[{"id":2,"k":5,"d":2,"s":5},{"id":4,"k":5,"d":4,"s":5},{"id":6,"k":4,"d":5,"s":4},{"id":14,"k":4,"d":2,"s":4},{"id":1,"k":3,"d":5,"s":3},{"id":3,"k":3,"d":3,"s":3},{"id":5,"k":3,"d":2,"s":3},{"id":9,"k":3,"d":6,"s":3},{"id":7,"k":1,"d":3,"s":1},{"id":8,"k":1,"d":2,"s":1},{"id":10,"k":1,"d":4,"s":1},{"id":13,"k":0,"d":9,"s":-4}]}}
{"t":"run","c":308,"n":978009,"h":"4919185ee8a4f3a7"}
{"t":"round","n":404,"m":{"t":"round","phase":"playing","left":11923,"nato":13,"soviet":21,"board":[{"id":2,"k":5,"d":2,"s":5},{"id":4,"k":5,"d":4,"s":5},{"id":6,"k":4,"d":5,"s":4},{"id":14,"k":4,"d":2,"s":4},{"id":1,"k":3,"d":5,"s":3},{"id":3,"k":3,"d":3,"s":3},{"id":5,"k":3,"d":3,"s":3},{"id":9,"k":3,"d":6,"s":3},{"id":10,"k":2,"d":4,"s":2},{"id":7,"k":1,"d":3,"s":1},{"id":8,"k":1,"d":2,"s":1},{"id":13,"k":0,"d":9,"s":-4}]}}
{"t":"run","c":16,"n":57597,"h":"976ae2d3e492f835"}
{"t":"round","n":404,"m":{"t":"round","phase":"playing","left":11892,"nato":14,"soviet":21,"board":[{"id":2,"k":5,"d":2,"s":5},{"id":4,"k":5,"d":4,"s":5},{"id":6,"k":4,"d":5,"s":4},{"id":14,"k":4,"d":3,"s":4},{"id":1,"k":3,"d":5,"s":3},{"id":3,"k":3,"d":3,"s":3},{"id":5,"k":3,"d":3,"s":3},{"id":9,"k":3,"d":6,"s":3},{"id":7,"k":2,"d":3,"s":2},{"id":10,"k":2,"d":4,"s":2},{"id":8,"k":1,"d":2,"s":1},{"id":13,"k":0,"d":9,"s":-4}]}}
{"t":"run","c":237,"n":742825,"h":"01bdfb0bc633b18e"}
{"t":"round","n":405,"m":{"t":"round","phase":"playing","left":11433,"nato":14,"soviet":22,"board":[{"id":2,"k":5,"d":2,"s":5},{"id":4,"k":5,"d":4,"s":5},{"id":14,"k":5,"d":3,"s":5},{"id":6,"k":4,"d":5,"s":4},{"id":1,"k":3,"d":5,"s":3},{"id":3,"k":3,"d":3,"s":3},{"id":5,"k":3,"d":3,"s":3},{"id":9,"k":3,"d":6,"s":3},{"id":7,"k":2,"d":3,"s":2},{"id":10,"k":2,"d":4,"s":2},{"id":8,"k":1,"d":2,"s":1},{"id":13,"k":0,"d":10,"s":-4}]}}
{"t":"run","c":293,"n":894439,"h":"e58f8baafa58fc12"}
{"t":"round","n":405,"m":{"t":"round","phase":"playing","left":10866,"nato":15,"soviet":22,"board":[{"id":2,"k":5,"d":2,"s":5},{"id":4,"k":5,"d":4,"s":5},{"id":14,"k":5,"d":3,"s":5},{"id":5,"k":4,"d":3,"s":4},{"id":6,"k":4,"d":5,"s":4},{"id":1,"k":3,"d":5,"s":3},{"id":3,"k":3,"d":3,"s":3},{"id":9,"k":3,"d":6,"s":3},{"id":7,"k":2,"d":3,"s":2},{"id":10,"k":2,"d":4,"s":2},{"id":8,"k":1,"d":3,"s":1},{"id":13,"k":0,"d":10,"s":-4}]}}
{"t":"run","c":160,"n":461001,"h":"5b33b3390c92eb66"}
{"t":"round","n":405,"m":{"t":"round","phase":"playing","left":10558,"nato":15,"soviet":22,"board":[{"id":2,"k":5,"d":2,"s":5},{"id":4,"k":5,"d":4,"s":5},{"id":14,"k":5,"d":3,"s":5},{"id":5,"k":4,"d":3,"s":4},{"id":6,"k":4,"d":5,"s":4},{"id":1,"k":3,"d":5,"s":3},{"id":3,"k":3,"d":3,"s":3},{"id":9,"k":3,"d":6,"s":3},{"id":7,"k":2,"d":3,"s":2},{"id":10,"k":2,"d":4,"s":2},{"id":8,"k":1,"d":3,"s":1},{"id":13,"k":0,"d":11,"s":-5}]}}
{"t":"run","c":156,"n":479370,"h":"0959243937a82c14"}
{"t":"round","n":405,"m":{"t":"round","phase":"playing","left":10256,"nato":15,"soviet":23,"board":[{"id":2,"k":5,"d":2,"s":5},{"id":4,"k":5,"d":4,"s":5},{"id":14,"k":5,"d":3,"s":5},{"id":5,"k":4,"d":3,"s":4},{"id":6,"k":4,"d":5,"s":4},{"id":1,"k":3,"d":5,"s":3},{"id":3,"k":3,"d":4,"s":3},{"id":9,"k":3,"d":6,"s":3},{"id":10,"k":3,"d":4,"s":3},{"id":7,"k":2,"d":3,"s":2},{"id":8,"k":1,"d":3,"s":1},{"id":13,"k":0,"d":11,"s":-5}]}}
{"t":"run","c":281,"n":871154,"h":"646903f927380c03"}
{"t":"round","n":404,"m":{"t":"round","phase":"playing","left":9712,"nato":15,"soviet":24,"board":[{"id":2,"k":5,"d":2,"s":5},{"id":4,"k":5,"d":4,"s":5},{"id":14,"k":5,"d":3,"s":5},{"id":5,"k":4,"d":3,"s":4},{"id":6,"k":4,"d":5,"s":4},{"id":1,"k":3,"d":5,"s":3},{"id":3,"k":3,"d":4,"s":3},{"id":9,"k":3,"d":6,"s":3},{"id":10,"k":3,"d":4,"s":3},{"id":7,"k":2,"d":4,"s":2},{"id":8,"k":2,"d":3,"s":2},{"id":13,"k":0,"d":11,"s":-5}]}}
{"t":"run","c":9,"n":30307,"h":"0db9b2bb59b2dbaa"}
{"t":"round","n":404,"m":{"t":"round","phase":"playing","left":9694,"nato":16,"soviet":24,"board":[{"id":2,"k":5,"d":3,"s":5},{"id":4,"k":5,"d":4,"s":5},{"id":14,"k":5,"d":3,"s":5},{"id":1,"k":4,"d":5,"s":4},{"id":5,"k":4,"d":3,"s":4},{"id":6,"k":4,"d":5,"s":4},{"id":3,"k":3,"d":4,"s":3},{"id":9,"k":3,"d":6,"s":3},{"id":10,"k":3,"d":4,"s":3},{"id":7,"k":2,"d":4,"s":2},{"id":8,"k":2,"d":3,"s":2},{"id":13,"k":0,"d":11,"s":-5}]}}
{"t":"run","c":92,"n":285301,"h":"b253531d553a5641"}
{"t":"round","n":404,"m":{"t":"round","phase":"playing","left":9515,"nato":16,"soviet":24,"board":[{"id":2,"k":5,"d":3,"s":5},{"id":4,"k":5,"d":4,"s":5},{"id":14,"k":5,"d":3,"s":5},{"id":1,"k":4,"d":5,"s":4},{"id":5,"k":4,"d":3,"s":4},{"id":6,"k":4,"d":5,"s":4},{"id":3,"k":3,"d":4,"s":3},{"id":9,"k":3,"d":6,"s":3},{"id":10,"k":3,"d":4,"s":3},{"id":7,"k":2,"d":4,"s":2},{"id":8,"k":2,"d":3,"s":2},{"id":13,"k":0,"d":12,"s":-6}]}}
{"t":"run","c":492,"n":1541862,"h":"e660a7c4da9c4e53"}
{"t":"round","n":433,"m":{"t":"round","phase":"ended","left":600,"winner":"Sovyet","nato":16,"soviet":25,"board":[{"id":2,"k":5,"d":3,"s":5},{"id":4,"k":5,"d":4,"s":5},{"id":14,"k":5,"d":3,"s":5},{"id":1,"k":4,"d":6,"s":4},{"id":5,"k":4,"d":3,"s":4},{"id":6,"k":4,"d":5,"s":4},{"id":10,"k":4,"d":4,"s":4},{"id":3,"k":3,"d":4,"s":3},{"id":9,"k":3,"d":6,"s":3},{"id":7,"k":2,"d":4,"s":2},{"id":8,"k":2,"d":3,"s":2},{"id":13,"k":0,"d":12,"s":-6}],"wt":"soviet"}}
{"t":"run","c":85,"n":293211,"h":"62c1240c90dfdf8a"}
{"t":"players","n":790,"m":{"t":"players","list":[{"id":1,"name":"Maverick","team":"nato","kind":"f16","bot":true},{"id":2,"name":"Iceman","team":"soviet","kind":"mig29","bot":true},{"id":3,"name":"Viper","team":"nato","kind":"f15","bot":true},{"id":4,"name":"Goose","team":"soviet","kind":"su27","bot":true},{"id":5,"name":"Ivan","team":"nato","kind":"f16","bot":true},{"id":6,"name":"Sokol","team":"soviet","kind":"mig29","bot":true},{"id":7,"name":"Berkut","team":"nato","kind":"f15","bot":true},{"id":8,"name":"Yastreb","team":"soviet","kind":"su27","bot":true},{"id":10,"name":"Raven","team":"soviet","kind":"mig29","bot":true},{"id":13,"name":"a","team":"nato","kind":"f16","bot":false},{"id":14,"name":"b","team":"soviet","kind":"su27","bot":false},{"id":15,"name":"c","team":"nato","kind":"f16","bot":false}]}}
{"t":"players","n":790,"m":{"t":"players","list":[{"id":1,"name":"Maverick","team":"nato","kind":"f16","bot":true},{"id":2,"name":"Iceman","team":"soviet","kind":"mig29","bot":true},{"id":3,"name":"Viper","team":"nato","kind":"f15","bot":true},{"id":4,"name":"Goose","team":"soviet","kind":"su27","bot":true},{"id":5,"name":"Ivan","team":"nato","kind":"f16","bot":true},{"id":6,"name":"Sokol","team":"soviet","kind":"mig29","bot":true},{"id":7,"name":"Berkut","team":"nato","kind":"f15","bot":true},{"id":8,"name":"Yastreb","team":"soviet","kind":"su27","bot":true},{"id":10,"name":"Raven","team":"soviet","kind":"mig29","bot":true},{"id":13,"name":"a","team":"nato","kind":"f16","bot":false},{"id":14,"name":"b","team":"soviet","kind":"su27","bot":false},{"id":15,"name":"c","team":"nato","kind":"f16","bot":false}]}}
{"t":"round","n":434,"m":{"t":"round","phase":"ended","left":436,"winner":"Sovyet","nato":16,"soviet":25,"board":[{"id":2,"k":5,"d":3,"s":5},{"id":4,"k":5,"d":4,"s":5},{"id":14,"k":5,"d":3,"s":5},{"id":1,"k":4,"d":6,"s":4},{"id":5,"k":4,"d":3,"s":4},{"id":6,"k":4,"d":5,"s":4},{"id":10,"k":4,"d":4,"s":4},{"id":3,"k":3,"d":4,"s":3},{"id":7,"k":2,"d":4,"s":2},{"id":8,"k":2,"d":3,"s":2},{"id":15,"k":0,"d":0,"s":0},{"id":13,"k":0,"d":12,"s":-6}],"wt":"soviet"}}
{"t":"run","c":225,"n":732246,"h":"297aabc8c3f9d99e"}
{"t":"round","n":402,"m":{"t":"round","phase":"playing","left":28800,"nato":0,"soviet":0,"board":[{"id":1,"k":0,"d":0,"s":0},{"id":2,"k":0,"d":0,"s":0},{"id":3,"k":0,"d":0,"s":0},{"id":4,"k":0,"d":0,"s":0},{"id":5,"k":0,"d":0,"s":0},{"id":6,"k":0,"d":0,"s":0},{"id":7,"k":0,"d":0,"s":0},{"id":8,"k":0,"d":0,"s":0},{"id":10,"k":0,"d":0,"s":0},{"id":13,"k":0,"d":0,"s":0},{"id":14,"k":0,"d":0,"s":0},{"id":15,"k":0,"d":0,"s":0}]}}
{"t":"run","c":333,"n":1047643,"h":"fb878f10d1177fdf"}
{"t":"close","n":13,"m":{"t":"close"}}
## a.ev
{"t":"spawn","n":29,"m":{"k":"spawn","tick":1,"a":13}}
{"t":"lock","n":36,"m":{"k":"lock","tick":609,"a":13,"b":8}}
{"t":"mlaunch","n":52,"m":{"k":"mlaunch","tick":611,"a":16777223,"b":8,"o":13}}
{"t":"decoy","n":50,"m":{"k":"decoy","tick":629,"a":16777223,"b":8,"o":13}}
{"t":"lock","n":37,"m":{"k":"lock","tick":1231,"a":8,"b":13}}
{"t":"mlaunch","n":53,"m":{"k":"mlaunch","tick":1235,"a":16777230,"b":13,"o":8}}
{"t":"hit","n":57,"m":{"k":"hit","tick":1287,"a":13,"b":8,"val":6,"w":"cannon"}}
{"t":"hit","n":57,"m":{"k":"hit","tick":1290,"a":13,"b":8,"val":6,"w":"cannon"}}
{"t":"hit","n":57,"m":{"k":"hit","tick":1292,"a":13,"b":8,"val":6,"w":"cannon"}}
{"t":"mlaunch","n":53,"m":{"k":"mlaunch","tick":1295,"a":16777231,"b":13,"o":8}}
{"t":"hit","n":57,"m":{"k":"hit","tick":1295,"a":13,"b":8,"val":6,"w":"cannon"}}
{"t":"hit","n":57,"m":{"k":"hit","tick":1298,"a":13,"b":8,"val":6,"w":"cannon"}}
{"t":"hit","n":57,"m":{"k":"hit","tick":1300,"a":13,"b":8,"val":6,"w":"cannon"}}
{"t":"hit","n":57,"m":{"k":"hit","tick":1303,"a":13,"b":8,"val":6,"w":"cannon"}}
{"t":"lock","n":38,"m":{"k":"lock","tick":1319,"a":10,"b":13}}
{"t":"mlaunch","n":54,"m":{"k":"mlaunch","tick":1323,"a":16777232,"b":13,"o":10}}
{"t":"hit","n":59,"m":{"k":"hit","tick":1327,"a":13,"b":8,"val":70,"w":"missile"}}
{"t":"kill","n":51,"m":{"k":"kill","tick":1327,"a":13,"b":8,"w":"missile"}}
{"t":"spawn","n":32,"m":{"k":"spawn","tick":1507,"a":13}}
{"t":"hit","n":58,"m":{"k":"hit","tick":2473,"a":13,"b":14,"val":6,"w":"cannon"}}
{"t":"hit","n":58,"m":{"k":"hit","tick":2477,"a":13,"b":14,"val":6,"w":"cannon"}}
{"t":"hit","n":58,"m":{"k":"hit","tick":2482,"a":13,"b":14,"val":6,"w":"cannon"}}
{"t":"lock","n":37,"m":{"k":"lock","tick":2616,"a":2,"b":13}}
{"t":"mlaunch","n":53,"m":{"k":"mlaunch","tick":2621,"a":16777246,"b":13,"o":2}}
{"t":"mlaunch","n":53,"m":{"k":"mlaunch","tick":2681,"a":16777247,"b":13,"o":2}}
{"t":"mlaunch","n":60,"m":{"k":"mlaunch","tick":2741,"a":16777249,"b":13,"o":2,"mk":1}}
{"t":"hit","n":59,"m":{"k":"hit","tick":2772,"a":13,"b":2,"val":70,"w":"missile"}}
{"t":"hit","n":59,"m":{"k":"hit","tick":2845,"a":13,"b":2,"val":70,"w":"missile"}}
{"t":"kill","n":51,"m":{"k":"kill","tick":2845,"a":13,"b":2,"w":"missile"}}
{"t":"spawn","n":32,"m":{"k":"spawn","tick":3025,"a":13}}
{"t":"lock","n":45,"m":{"k":"lock","tick":4614,"a":14,"b":13,"mk":1}}
{"t":"mlaunch","n":61,"m":{"k":"mlaunch","tick":4615,"a":16777258,"b":13,"o":14,"mk":1}}
{"t":"hit","n":58,"m":{"k":"hit","tick":4706,"a":13,"b":14,"val":6,"w":"cannon"}}
{"t":"hit","n":58,"m":{"k":"hit","tick":4710,"a":13,"b":14,"val":6,"w":"cannon"}}
{"t":"hit","n":58,"m":{"k":"hit","tick":4714,"a":13,"b":14,"val":6,"w":"cannon"}}
{"t":"hit","n":58,"m":{"k":"hit","tick":4717,"a":13,"b":14,"val":6,"w":"cannon"}}
{"t":"hit","n":58,"m":{"k":"hit","tick":4721,"a":13,"b":14,"val":6,"w":"cannon"}}
{"t":"hit","n":58,"m":{"k":"hit","tick":4725,"a":13,"b":14,"val":6,"w":"cannon"}}
{"t":"hit","n":58,"m":{"k":"hit","tick":4729,"a":13,"b":14,"val":6,"w":"cannon"}}
{"t":"hit","n":58,"m":{"k":"hit","tick":4733,"a":13,"b":14,"val":6,"w":"cannon"}}
{"t":"hit","n":58,"m":{"k":"hit","tick":4737,"a":13,"b":14,"val":6,"w":"cannon"}}
{"t":"hit","n":58,"m":{"k":"hit","tick":4741,"a":13,"b":14,"val":6,"w":"cannon"}}
{"t":"hit","n":58,"m":{"k":"hit","tick":4745,"a":13,"b":14,"val":6,"w":"cannon"}}
{"t":"hit","n":58,"m":{"k":"hit","tick":4749,"a":13,"b":14,"val":6,"w":"cannon"}}
{"t":"hit","n":58,"m":{"k":"hit","tick":4753,"a":13,"b":14,"val":6,"w":"cannon"}}
{"t":"hit","n":58,"m":{"k":"hit","tick":4757,"a":13,"b":14,"val":6,"w":"cannon"}}
{"t":"hit","n":58,"m":{"k":"hit","tick":4761,"a":13,"b":14,"val":6,"w":"cannon"}}
{"t":"kill","n":51,"m":{"k":"kill","tick":4761,"a":13,"b":14,"w":"cannon"}}
{"t":"spawn","n":32,"m":{"k":"spawn","tick":4941,"a":13}}
{"t":"lock","n":44,"m":{"k":"lock","tick":5344,"a":13,"b":2,"mk":1}}
{"t":"mlaunch","n":60,"m":{"k":"mlaunch","tick":5345,"a":16777270,"b":2,"o":13,"mk":1}}
{"t":"lock","n":37,"m":{"k":"lock","tick":6483,"a":2,"b":13}}
{"t":"mlaunch","n":53,"m":{"k":"mlaunch","tick":6485,"a":16777278,"b":13,"o":2}}
{"t":"hit","n":57,"m":{"k":"hit","tick":6486,"a":13,"b":2,"val":6,"w":"cannon"}}
{"t":"hit","n":57,"m":{"k":"hit","tick":6494,"a":13,"b":2,"val":6,"w":"cannon"}}
{"t":"hit","n":57,"m":{"k":"hit","tick":6498,"a":13,"b":2,"val":6,"w":"cannon"}}
{"t":"mlaunch","n":53,"m":{"k":"mlaunch","tick":6545,"a":16777280,"b":13,"o":2}}
{"t":"mlaunch","n":60,"m":{"k":"mlaunch","tick":6605,"a":16777282,"b":13,"o":2,"mk":1}}
{"t":"lock","n":44,"m":{"k":"lock","tick":6654,"a":8,"b":13,"mk":1}}
{"t":"mlaunch","n":60,"m":{"k":"mlaunch","tick":6659,"a":16777285,"b":13,"o":8,"mk":1}}
{"t":"hit","n":59,"m":{"k":"hit","tick":6741,"a":13,"b":2,"val":70,"w":"missile"}}
{"t":"hit","n":59,"m":{"k":"hit","tick":6812,"a":13,"b":2,"val":70,"w":"missile"}}
{"t":"kill","n":51,"m":{"k":"kill","tick":6812,"a":13,"b":2,"w":"missile"}}
{"t":"spawn","n":32,"m":{"k":"spawn","tick":6992,"a":13}}
{"t":"lock","n":37,"m":{"k":"lock","tick":8254,"a":2,"b":13}}
{"t":"mlaunch","n":53,"m":{"k":"mlaunch","tick":8255,"a":16777299,"b":13,"o":2}}
{"t":"lock","n":44,"m":{"k":"lock","tick":8314,"a":2,"b":13,"mk":1}}
{"t":"mlaunch","n":60,"m":{"k":"mlaunch","tick":8315,"a":16777300,"b":13,"o":2,"mk":1}}
{"t":"hit","n":59,"m":{"k":"hit","tick":8494,"a":13,"b":2,"val":70,"w":"missile"}}
{"t":"hit","n":59,"m":{"k":"hit","tick":8565,"a":13,"b":2,"val":50,"w":"missile"}}
{"t":"kill","n":51,"m":{"k":"kill","tick":8565,"a":13,"b":2,"w":"missile"}}
{"t":"spawn","n":32,"m":{"k":"spawn","tick":8745,"a":13}}
{"t":"kill","n":43,"m":{"k":"kill","tick":9380,"a":13,"w":"crash"}}
{"t":"spawn","n":32,"m":{"k":"spawn","tick":9560,"a":13}}
{"t":"lock","n":38,"m":{"k":"lock","tick":10074,"a":13,"b":6}}
{"t":"mlaunch","n":54,"m":{"k":"mlaunch","tick":10075,"a":16777313,"b":6,"o":13}}
{"t":"decoy","n":52,"m":{"k":"decoy","tick":10159,"a":16777313,"b":6,"o":13}}
{"t":"lock","n":45,"m":{"k":"lock","tick":10724,"a":2,"b":13,"mk":1}}
{"t":"mlaunch","n":61,"m":{"k":"mlaunch","tick":10727,"a":16777321,"b":13,"o":2,"mk":1}}
{"t":"hit","n":60,"m":{"k":"hit","tick":11018,"a":13,"b":2,"val":50,"w":"missile"}}
{"t":"lock","n":45,"m":{"k":"lock","tick":11323,"a":6,"b":13,"mk":1}}
{"t":"mlaunch","n":61,"m":{"k":"mlaunch","tick":11329,"a":16777328,"b":13,"o":6,"mk":1}}
{"t":"hit","n":53,"m":{"k":"hit","tick":11618,"a":13,"val":10,"w":"bounds"}}
{"t":"hit","n":53,"m":{"k":"hit","tick":11678,"a":13,"val":10,"w":"bounds"}}
{"t":"hit","n":53,"m":{"k":"hit","tick":11738,"a":13,"val":10,"w":"bounds"}}
{"t":"hit","n":53,"m":{"k":"hit","tick":11798,"a":13,"val":10,"w":"bounds"}}
{"t":"kill","n":45,"m":{"k":"kill","tick":11798,"a":13,"w":"bounds"}}
{"t":"spawn","n":33,"m":{"k":"spawn","tick":11978,"a":13}}
{"t":"hit","n":59,"m":{"k":"hit","tick":13645,"a":13,"b":14,"val":6,"w":"cannon"}}
{"t":"hit","n":59,"m":{"k":"hit","tick":13650,"a":13,"b":14,"val":6,"w":"cannon"}}
{"t":"hit","n":53,"m":{"k":"hit","tick":13985,"a":13,"val":10,"w":"bounds"}}
{"t":"hit","n":53,"m":{"k":"hit","tick":14045,"a":13,"val":10,"w":"bounds"}}
{"t":"hit","n":53,"m":{"k":"hit","tick":14105,"a":13,"val":10,"w":"bounds"}}
{"t":"hit","n":53,"m":{"k":"hit","tick":14165,"a":13,"val":10,"w":"bounds"}}
{"t":"hit","n":53,"m":{"k":"hit","tick":14225,"a":13,"val":10,"w":"bounds"}}
{"t":"hit","n":53,"m":{"k":"hit","tick":14285,"a":13,"val":10,"w":"bounds"}}
{"t":"hit","n":53,"m":{"k":"hit","tick":14345,"a":13,"val":10,"w":"bounds"}}
{"t":"hit","n":53,"m":{"k":"hit","tick":14405,"a":13,"val":10,"w":"bounds"}}
{"t":"kill","n":45,"m":{"k":"kill","tick":14405,"a":13,"w":"bounds"}}
{"t":"spawn","n":33,"m":{"k":"spawn","tick":14585,"a":13}}
{"t":"kill","n":44,"m":{"k":"kill","tick":15982,"a":13,"w":"crash"}}
{"t":"spawn","n":33,"m":{"k":"spawn","tick":16162,"a":13}}
{"t":"lock","n":46,"m":{"k":"lock","tick":17221,"a":14,"b":13,"mk":1}}
{"t":"mlaunch","n":62,"m":{"k":"mlaunch","tick":17223,"a":16777388,"b":13,"o":14,"mk":1}}
{"t":"mlaunch","n":62,"m":{"k":"mlaunch","tick":17283,"a":16777389,"b":13,"o":14,"mk":1}}
{"t":"hit","n":61,"m":{"k":"hit","tick":17350,"a":13,"b":14,"val":50,"w":"missile"}}
{"t":"hit","n":61,"m":{"k":"hit","tick":17367,"a":13,"b":14,"val":50,"w":"missile"}}
{"t":"kill","n":53,"m":{"k":"kill","tick":17367,"a":13,"b":14,"w":"missile"}}
{"t":"spawn","n":33,"m":{"k":"spawn","tick":17547,"a":13}}
{"t":"kill","n":44,"m":{"k":"kill","tick":18242,"a":13,"w":"crash"}}
{"t":"spawn","n":33,"m":{"k":"spawn","tick":18422,"a":13}}
{"t":"lock","n":38,"m":{"k":"lock","tick":18957,"a":13,"b":4}}
{"t":"mlaunch","n":54,"m":{"k":"mlaunch","tick":18959,"a":16777405,"b":4,"o":13}}
{"t":"decoy","n":52,"m":{"k":"decoy","tick":18975,"a":16777405,"b":4,"o":13}}
{"t":"kill","n":44,"m":{"k":"kill","tick":19285,"a":13,"w":"crash"}}
{"t":"spawn","n":33,"m":{"k":"spawn","tick":19465,"a":13}}
{"t":"spawn","n":33,"m":{"k":"spawn","tick":20837,"a":13}}
## b
{"t":"welcome","n":46791,"h":"7f519da1b5690c5d","p":"{\"t\":\"welcome\",\"you\":14,\"code\":\"GOLD\",\"mode\":\"team\",\"aircraft\":[{\"kind\":\"f16\",\"name\":\"F-16\",\"team\":\"nato\",\"maxHP\":90,\"maxSpeed\":230,\"maxSpeedAB\":290,\"accel\":48,"}
{"t":"players","n":793,"m":{"t":"players","list":[{"id":1,"name":"Maverick","team":"nato","kind":"f16","bot":true},{"id":2,"name":"Iceman","team":"soviet","kind":"mig29","bot":true},{"id":3,"name":"Viper","team":"nato","kind":"f15","bot":true},{"id":4,"name":"Goose","team":"soviet","kind":"su27","bot":true},{"id":5,"name":"Ivan","team":"nato","kind":"f16","bot":true},{"id":6,"name":"Sokol","team":"soviet","kind":"mig29","bot":true},{"id":7,"name":"Berkut","team":"nato","kind":"f15","bot":true},{"id":8,"name":"Yastreb","team":"soviet","kind":"su27","bot":true},{"id":9,"name":"Ghost","team":"nato","kind":"f16","bot":true},{"id":10,"name":"Raven","team":"soviet","kind":"mig29","bot":true},{"id":13,"name":"a","team":"nato","kind":"f16","bot":false},{"id":14,"name":"b","team":"soviet","kind":"mig29","bot":false}]}}
{"t":"round","n":401,"m":{"t":"round","phase":"playing","left":28800,"nato":0,"soviet":0,"board":[{"id":1,"k":0,"d":0,"s":0},{"id":2,"k":0,"d":0,"s":0},{"id":3,"k":0,"d":0,"s":0},{"id":4,"k":0,"d":0,"s":0},{"id":5,"k":0,"d":0,"s":0},{"id":6,"k":0,"d":0,"s":0},{"id":7,"k":0,"d":0,"s":0},{"id":8,"k":0,"d":0,"s":0},{"id":9,"k":0,"d":0,"s":0},{"id":10,"k":0,"d":0,"s":0},{"id":13,"k":0,"d":0,"s":0},{"id":14,"k":0,"d":0,"s":0}]}}
{"t":"players","n":792,"m":{"t":"players","list":[{"id":1,"name":"Maverick","team":"nato","kind":"f16","bot":true},{"id":2,"name":"Iceman","team":"soviet","kind":"mig29","bot":true},{"id":3,"name":"Viper","team":"nato","kind":"f15","bot":true},{"id":4,"name":"Goose","team":"soviet","kind":"su27","bot":true},{"id":5,"name":"Ivan","team":"nato","kind":"f16","bot":true},{"id":6,"name":"Sokol","team":"soviet","kind":"mig29","bot":true},{"id":7,"name":"Berkut","team":"nato","kind":"f15","bot":true},{"id":8,"name":"Yastreb","team":"soviet","kind":"su27","bot":true},{"id":9,"name":"Ghost","team":"nato","kind":"f16","bot":true},{"id":10,"name":"Raven","team":"soviet","kind":"mig29","bot":true},{"id":13,"name":"a","team":"nato","kind":"f16","bot":false},{"id":14,"name":"b","team":"soviet","kind":"su27","bot":false}]}}
{"t":"run","c":527,"n":1683616,"h":"82598328bdeb059d"}
{"t":"round","n":401,"m":{"t":"round","phase":"playing","left":27780,"nato":0,"soviet":0,"board":[{"id":1,"k":0,"d":0,"s":0},{"id":2,"k":0,"d":0,"s":0},{"id":3,"k":0,"d":0,"s":0},{"id":4,"k":0,"d":0,"s":0},{"id":5,"k":0,"d":0,"s":0},{"id":6,"k":0,"d":0,"s":0},{"id":7,"k":0,"d":0,"s":0},{"id":8,"k":0,"d":1,"s":0},{"id":9,"k":0,"d":0,"s":0},{"id":10,"k":0,"d":1,"s":0},{"id":13,"k":0,"d":0,"s":0},{"id":14,"k":0,"d":0,"s":0}]}}
{"t":"run","c":61,"n":198274,"h":"a706012e15ba7321"}
{"t":"round","n":401,"m":{"t":"round","phase":"playing","left":27660,"nato":0,"soviet":0,"board":[{"id":1,"k":0,"d":0,"s":0},{"id":2,"k":0,"d":0,"s":0},{"id":3,"k":0,"d":1,"s":0},{"id":4,"k":0,"d":0,"s":0},{"id":5,"k":0,"d":0,"s":0},{"id":6,"k":0,"d":0,"s":0},{"id":7,"k":0,"d":0,"s":0},{"id":8,"k":0,"d":1,"s":0},{"id":9,"k":0,"d":1,"s":0},{"id":10,"k":0,"d":1,"s":0},{"id":13,"k":0,"d":0,"s":0},{"id":14,"k":0,"d":0,"s":0}]}}
{"t":"run","c":61,"n":189503,"h":"fad629acc6fb4f0b"}
{"t":"round","n":401,"m":{"t":"round","phase":"playing","left":27540,"nato":0,"soviet":0,"board":[{"id":1,"k":0,"d":0,"s":0},{"id":2,"k":0,"d":0,"s":0},{"id":3,"k":0,"d":1,"s":0},{"id":4,"k":0,"d":0,"s":0},{"id":5,"k":0,"d":0,"s":0},{"id":6,"k":0,"d":1,"s":0},{"id":7,"k":0,"d":0,"s":0},{"id":8,"k":0,"d":1,"s":0},{"id":9,"k":0,"d":1,"s":0},{"id":10,"k":0,"d":1,"s":0},{"id":13,"k":0,"d":0,"s":0},{"id":14,"k":0,"d":1,"s":0}]}}
{"t":"run","c":34,"n":107765,"h":"b9389440f2dfa70f"}
{"t":"round","n":401,"m":{"t":"round","phase":"playing","left":27473,"nato":0,"soviet":1,"board":[{"id":8,"k":1,"d":1,"s":1},{"id":1,"k":0,"d":0,"s":0},{"id":2,"k":0,"d":0,"s":0},{"id":3,"k":0,"d":1,"s":0},{"id":4,"k":0,"d":0,"s":0},{"id":5,"k":0,"d":0,"s":0},{"id":6,"k":0,"d":1,"s":0},{"id":7,"k":0,"d":0,"s":0},{"id":9,"k":0,"d":1,"s":0},{"id":10,"k":0,"d":1,"s":0},{"id":13,"k":0,"d":1,"s":0},{"id":14,"k":0,"d":1,"s":0}]}}
{"t":"run","c":310,"n":1026608,"h":"fd18716a4512e9f6"}
{"t":"round","n":401,"m":{"t":"round","phase":"playing","left":26873,"nato":1,"soviet":1,"board":[{"id":3,"k":1,"d":1,"s":1},{"id":8,"k":1,"d":1,"s":1},{"id":1,"k":0,"d":0,"s":0},{"id":2,"k":0,"d":1,"s":0},{"id":4,"k":0,"d":0,"s":0},{"id":5,"k":0,"d":0,"s":0},{"id":6,"k":0,"d":1,"s":0},{"id":7,"k":0,"d":0,"s":0},{"id":9,"k":0,"d":1,"s":0},{"id":10,"k":0,"d":1,"s":0},{"id":13,"k":0,"d":1,"s":0},{"id":14,"k":0,"d":1,"s":0}]}}
{"t":"run","c":9,"n":32424,"h":"8fd18dce8bd3477c"}
{"t":"round","n":401,"m":{"t":"round","phase":"playing","left":26855,"nato":1,"soviet":2,"board":[{"id":3,"k":1,"d":1,"s":1},{"id":8,"k":1,"d":1,"s":1},{"id":14,"k":1,"d":1,"s":1},{"id":1,"k":0,"d":1,"s":0},{"id":2,"k":0,"d":1,"s":0},{"id":4,"k":0,"d":0,"s":0},{"id":5,"k":0,"d":0,"s":0},{"id":6,"k":0,"d":1,"s":0},{"id":7,"k":0,"d":0,"s":0},{"id":9,"k":0,"d":1,"s":0},{"id":10,"k":0,"d":1,"s":0},{"id":13,"k":0,"d":1,"s":0}]}}
{"t":"run","c":465,"n":1485945,"h":"e17c25967abc8676"}
{"t":"round","n":401,"m":{"t":"round","phase":"playing","left":25955,"nato":1,"soviet":3,"board":[{"id":2,"k":1,"d":1,"s":1},{"id":3,"k":1,"d":1,"s":1},{"id":8,"k":1,"d":1,"s":1},{"id":14,"k":1,"d":1,"s":1},{"id":1,"k":0,"d":1,"s":0},{"id":4,"k":0,"d":0,"s":0},{"id":5,"k":0,"d":0,"s":0},{"id":6,"k":0,"d":1,"s":0},{"id":7,"k":0,"d":0,"s":0},{"id":9,"k":0,"d":1,"s":0},{"id":10,"k":0,"d":1,"s":0},{"id":13,"k":0,"d":2,"s":0}]}}
{"t":"run","c":520,"n":1531629,"h":"4792311300ab953f"}
{"t":"round","n":401,"m":{"t":"round","phase":"playing","left":24949,"nato":2,"soviet":4,"board":[{"id":2,"k":1,"d":1,"s":1},{"id":3,"k":1,"d":1,"s":1},{"id":6,"k":1,"d":2,"s":1},{"id":7,"k":1,"d":1,"s":1},{"id":8,"k":1,"d":1,"s":1},{"id":14,"k":1,"d":1,"s":1},{"id":1,"k":0,"d":1,"s":0},{"id":4,"k":0,"d":0,"s":0},{"id":5,"k":0,"d":0,"s":0},{"id":9,"k":0,"d":1,"s":0},{"id":10,"k":0,"d":1,"s":0},{"id":13,"k":0,"d":2,"s":0}]}}
{"t":"run","c":470,"n":1395999,"h":"9e0e8787bb3ba90f"}
{"t":"round","n":401,"m":{"t":"round","phase":"playing","left":24039,"nato":2,"soviet":5,"board":[{"id":14,"k":2,"d":1,"s":2},{"id":2,"k":1,"d":1,"s":1},{"id":3,"k":1,"d":1,"s":1},{"id":6,"k":1,"d":2,"s":1},{"id":7,"k":1,"d":1,"s":1},{"id":8,"k":1,"d":1,"s":1},{"id":1,"k":0,"d":1,"s":0},{"id":4,"k":0,"d":0,"s":0},{"id":5,"k":0,"d":0,"s":0},{"id":9,"k":0,"d":1,"s":0},{"id":10,"k":0,"d":1,"s":0},{"id":13,"k":0,"d":3,"s":0}]}}
{"t":"run","c":82,"n":267277,"h":"c046fd03968a42a1"}
{"t":"round","n":401,"m":{"t":"round","phase":"playing","left":23880,"nato":2,"soviet":5,"board":[{"id":14,"k":2,"d":1,"s":2},{"id":2,"k":1,"d":1,"s":1},{"id":3,"k":1,"d":1,"s":1},{"id":6,"k":1,"d":3,"s":1},{"id":7,"k":1,"d":1,"s":1},{"id":8,"k":1,"d":1,"s":1},{"id":1,"k":0,"d":1,"s":0},{"id":4,"k":0,"d":0,"s":0},{"id":5,"k":0,"d":0,"s":0},{"id":9,"k":0,"d":1,"s":0},{"id":10,"k":0,"d":2,"s":0},{"id":13,"k":0,"d":3,"s":0}]}}
{"t":"run","c":174,"n":541750,"h":"73d05451aa773d49"}
{"t":"round","n":401,"m":{"t":"round","phase":"playing","left":23542,"nato":3,"soviet":5,"board":[{"id":14,"k":2,"d":1,"s":2},{"id":2,"k":1,"d":1,"s":1},{"id":3,"k":1,"d":1,"s":1},{"id":6,"k":1,"d":3,"s":1},{"id":7,"k":1,"d":1,"s":1},{"id":8,"k":1,"d":1,"s":1},{"id":9,"k":1,"d":1,"s":1},{"id":1,"k":0,"d":1,"s":0},{"id":4,"k":0,"d":1,"s":0},{"id":5,"k":0,"d":0,"s":0},{"id":10,"k":0,"d":2,"s":0},{"id":13,"k":0,"d":3,"s":0}]}}
{"t":"run","c":207,"n":654746,"h":"2ead629ef993b541"}
{"t":"round","n":401,"m":{"t":"round","phase":"playing","left":23142,"nato":3,"soviet":6,"board":[{"id":6,"k":2,"d":3,"s":2},{"id":14,"k":2,"d":1,"s":2},{"id":2,"k":1,"d":1,"s":1},{"id":3,"k":1,"d":1,"s":1},{"id":7,"k":1,"d":1,"s":1},{"id":8,"k":1,"d":1,"s":1},{"id":9,"k":1,"d":2,"s":1},{"id":1,"k":0,"d":1,"s":0},{"id":4,"k":0,"d":1,"s":0},{"id":5,"k":0,"d":0,"s":0},{"id":10,"k":0,"d":2,"s":0},{"id":13,"k":0,"d":3,"s":0}]}}
{"t":"run","c":27,"n":85081,"h":"635f985e85023edb"}
{"t":"round","n":401,"m":{"t":"round","phase":"playing","left":23090,"nato":4,"soviet":6,"board":[{"id":6,"k":2,"d":3,"s":2},{"id":14,"k":2,"d":1,"s":2},{"id":2,"k":1,"d":2,"s":1},{"id":3,"k":1,"d":1,"s":1},{"id":5,"k":1,"d":0,"s":1},{"id":7,"k":1,"d":1,"s":1},{"id":8,"k":1,"d":1,"s":1},{"id":9,"k":1,"d":2,"s":1},{"id":1,"k":0,"d":1,"s":0},{"id":4,"k":0,"d":1,"s":0},{"id":10,"k":0,"d":2,"s":0},{"id":13,"k":0,"d":3,"s":0}]}}
{"t":"run","c":81,"n":259989,"h":"a82f9b65480af023"}
{"t":"round","n":401,"m":{"t":"round","phase":"playing","left":22932,"nato":4,"soviet":7,"board":[{"id":6,"k":2,"d":3,"s":2},{"id":14,"k":2,"d":1,"s":2},{"id":2,"k":1,"d":2,"s":1},{"id":3,"k":1,"d":2,"s":1},{"id":4,"k":1,"d":1,"s":1},{"id":5,"k":1,"d":0,"s":1},{"id":7,"k":1,"d":1,"s":1},{"id":8,"k":1,"d":1,"s":1},{"id":9,"k":1,"d":2,"s":1},{"id":1,"k":0,"d":1,"s":0},{"id":10,"k":0,"d":2,"s":0},{"id":13,"k":0,"d":3,"s":0}]}}
{"t":"run","c":488,"n":1581197,"h":"c040f9140f75c5ef"}
{"t":"round","n":401,"m":{"t":"round","phase":"playing","left":21988,"nato":4,"soviet":8,"board":[{"id":2,"k":2,"d":2,"s":2},{"id":6,"k":2,"d":3,"s":2},{"id":14,"k":2,"d":1,"s":2},{"id":3,"k":1,"d":2,"s":1},{"id":4,"k":1,"d":1,"s":1},{"id":5,"k":1,"d":0,"s":1},{"id":7,"k":1,"d":1,"s":1},{"id":8,"k":1,"d":1,"s":1},{"id":9,"k":1,"d":2,"s":1},{"id":1,"k":0,"d":1,"s":0},{"id":10,"k":0,"d":2,"s":0},{"id":13,"k":0,"d":4,"s":0}]}}
{"t":"run","c":13,"n":45649,"h":"3d9ee20e4411a40a"}
{"t":"round","n":401,"m":{"t":"round","phase":"playing","left":21961,"nato":5,"soviet":8,"board":[{"id":2,"k":2,"d":2,"s":2},{"id":3,"k":2,"d":2,"s":2},{"id":6,"k":2,"d":3,"s":2},{"id":14,"k":2,"d":1,"s":2},{"id":4,"k":1,"d":2,"s":1},{"id":5,"k":1,"d":0,"s":1},{"id":7,"k":1,"d":1,"s":1},{"id":8,"k":1,"d":1,"s":1},{"id":9,"k":1,"d":2,"s":1},{"id":1,"k":0,"d":1,"s":0},{"id":10,"k":0,"d":2,"s":0},{"id":13,"k":0,"d":4,"s":0}]}}
{"t":"run","c":156,"n":498986,"h":"60bea1857a3ebfeb"}
{"t":"round","n":401,"m":{"t":"round","phase":"playing","left":21660,"nato":5,"soviet":9,"board":[{"id":6,"k":3,"d":3,"s":3},{"id":2,"k":2,"d":2,"s":2},{"id":3,"k":2,"d":2,"s":2},{"id":14,"k":2,"d":1,"s":2},{"id":4,"k":1,"d":2,"s":1},{"id":5,"k":1,"d":0,"s":1},{"id":7,"k":1,"d":2,"s":1},{"id":8,"k":1,"d":1,"s":1},{"id":9,"k":1,"d":2,"s":1},{"id":1,"k":0,"d":1,"s":0},{"id":10,"k":0,"d":2,"s":0},{"id":13,"k":0,"d":4,"s":0}]}}
{"t":"run","c":609,"n":1850181,"h":"e681871c8f3c5ad0"}
{"t":"round","n":402,"m":{"t":"round","phase":"playing","left":20479,"nato":5,"soviet":10,"board":[{"id":6,"k":3,"d":3,"s":3},{"id":14,"k":3,"d":1,"s":3},{"id":2,"k":2,"d":2,"s":2},{"id":3,"k":2,"d":2,"s":2},{"id":4,"k":1,"d":2,"s":1},{"id":5,"k":1,"d":0,"s":1},{"id":7,"k":1,"d":2,"s":1},{"id":8,"k":1,"d":1,"s":1},{"id":9,"k":1,"d":2,"s":1},{"id":1,"k":0,"d":2,"s":0},{"id":10,"k":0,"d":2,"s":0},{"id":13,"k":0,"d":4,"s":0}]}}
{"t":"run","c":126,"n":401676,"h":"2c7b80a6856a26d4"}
{"t":"round","n":402,"m":{"t":"round","phase":"playing","left":20235,"nato":5,"soviet":11,"board":[{"id":2,"k":3,"d":2,"s":3},{"id":6,"k":3,"d":3,"s":3},{"id":14,"k":3,"d":1,"s":3},{"id":3,"k":2,"d":2,"s":2},{"id":4,"k":1,"d":2,"s":1},{"id":5,"k":1,"d":0,"s":1},{"id":7,"k":1,"d":2,"s":1},{"id":8,"k":1,"d":1,"s":1},{"id":9,"k":1,"d":2,"s":1},{"id":1,"k":0,"d":2,"s":0},{"id":10,"k":0,"d":2,"s":0},{"id":13,"k":0,"d":5,"s":0}]}}
{"t":"run","c":422,"n":1252001,"h":"aa3a2224c70146c8"}
{"t":"round","n":403,"m":{"t":"round","phase":"playing","left":19420,"nato":5,"soviet":11,"board":[{"id":2,"k":3,"d":2,"s":3},{"id":6,"k":3,"d":3,"s":3},{"id":14,"k":3,"d":1,"s":3},{"id":3,"k":2,"d":2,"s":2},{"id":4,"k":1,"d":2,"s":1},{"id":5,"k":1,"d":0,"s":1},{"id":7,"k":1,"d":2,"s":1},{"id":8,"k":1,"d":1,"s":1},{"id":9,"k":1,"d":2,"s":1},{"id":1,"k":0,"d":2,"s":0},{"id":10,"k":0,"d":2,"s":0},{"id":13,"k":0,"d":6,"s":-1}]}}
{"t":"run","c":5,"n":16102,"h":"473c5fd0487253b7"}
{"t":"round","n":403,"m":{"t":"round","phase":"playing","left":19410,"nato":6,"soviet":12,"board":[{"id":2,"k":3,"d":2,"s":3},{"id":6,"k":3,"d":3,"s":3},{"id":14,"k":3,"d":1,"s":3},{"id":3,"k":2,"d":2,"s":2},{"id":4,"k":2,"d":3,"s":2},{"id":1,"k":1,"d":3,"s":1},{"id":5,"k":1,"d":0,"s":1},{"id":7,"k":1,"d":2,"s":1},{"id":8,"k":1,"d":1,"s":1},{"id":9,"k":1,"d":2,"s":1},{"id":10,"k":0,"d":2,"s":0},{"id":13,"k":0,"d":6,"s":-1}]}}
{"t":"run","c":71,"n":230405,"h":"f74e89a431821ae6"}
{"t":"round","n":403,"m":{"t":"round","phase":"playing","left":19271,"nato":6,"soviet":13,"board":[{"id":2,"k":3,"d":2,"s":3},{"id":6,"k":3,"d":3,"s":3},{"id":14,"k":3,"d":1,"s":3},{"id":3,"k":2,"d":2,"s":2},{"id":4,"k":2,"d":3,"s":2},{"id":1,"k":1,"d":3,"s":1},{"id":5,"k":1,"d":0,"s":1},{"id":7,"k":1,"d":2,"s":1},{"id":8,"k":1,"d":1,"s":1},{"id":9,"k":1,"d":3,"s":1},{"id":10,"k":1,"d":2,"s":1},{"id":13,"k":0,"d":6,"s":-1}]}}
{"t":"run","c":442,"n":1369440,"h":"2c7f939f1855fc0a"}
{"t":"round","n":403,"m":{"t":"round","phase":"playing","left":18418,"nato":7,"soviet":13,"board":[{"id":2,"k":3,"d":2,"s":3},{"id":6,"k":3,"d":3,"s":3},{"id":14,"k":3,"d":1,"s":3},{"id":3,"k":2,"d":2,"s":2},{"id":4,"k":2,"d":3,"s":2},{"id":9,"k":2,"d":3,"s":2},{"id":1,"k":1,"d":3,"s":1},{"id":5,"k":1,"d":0,"s":1},{"id":7,"k":1,"d":2,"s":1},{"id":8,"k":1,"d":2,"s":1},{"id":10,"k":1,"d":2,"s":1},{"id":13,"k":0,"d":6,"s":-1}]}}
{"t":"run","c":30,"n":90828,"h":"4203ff50e1229b40"}
{"t":"round","n":403,"m":{"t":"round","phase":"playing","left":18359,"nato":7,"soviet":14,"board":[{"id":2,"k":4,"d":2,"s":4},{"id":6,"k":3,"d":3,"s":3},{"id":14,"k":3,"d":1,"s":3},{"id":3,"k":2,"d":2,"s":2},{"id":4,"k":2,"d":3,"s":2},{"id":9,"k":2,"d":3,"s":2},{"id":1,"k":1,"d":3,"s":1},{"id":5,"k":1,"d":1,"s":1},{"id":7,"k":1,"d":2,"s":1},{"id":8,"k":1,"d":2,"s":1},{"id":10,"k":1,"d":2,"s":1},{"id":13,"k":0,"d":6,"s":-1}]}}
{"t":"run","c":97,"n":291098,"h":"266f53427fefdd04"}
{"t":"round","n":403,"m":{"t":"round","phase":"playing","left":18171,"nato":8,"soviet":14,"board":[{"id":2,"k":4,"d":2,"s":4},{"id":3,"k":3,"d":2,"s":3},{"id":6,"k":3,"d":4,"s":3},{"id":14,"k":3,"d":1,"s":3},{"id":4,"k":2,"d":3,"s":2},{"id":9,"k":2,"d":3,"s":2},{"id":1,"k":1,"d":3,"s":1},{"id":5,"k":1,"d":1,"s":1},{"id":7,"k":1,"d":2,"s":1},{"id":8,"k":1,"d":2,"s":1},{"id":10,"k":1,"d":2,"s":1},{"id":13,"k":0,"d":6,"s":-1}]}}
{"t":"run","c":88,"n":273196,"h":"232dd8380736a942"}
{"t":"round","n":403,"m":{"t":"round","phase":"playing","left":18000,"nato":8,"soviet":14,"board":[{"id":2,"k":4,"d":2,"s":4},{"id":3,"k":3,"d":2,"s":3},{"id":6,"k":3,"d":4,"s":3},{"id":14,"k":3,"d":1,"s":3},{"id":4,"k":2,"d":3,"s":2},{"id":9,"k":2,"d":4,"s":2},{"id":1,"k":1,"d":4,"s":1},{"id":5,"k":1,"d":1,"s":1},{"id":7,"k":1,"d":2,"s":1},{"id":8,"k":1,"d":2,"s":1},{"id":10,"k":1,"d":2,"s":1},{"id":13,"k":0,"d":6,"s":-1}]}}
{"t":"run","c":339,"n":1095144,"h":"b4b3d7abb6bbb156"}
{"t":"round","n":403,"m":{"t":"round","phase":"playing","left":17342,"nato":9,"soviet":14,"board":[{"id":2,"k":4,"d":2,"s":4},{"id":3,"k":3,"d":2,"s":3},{"id":6,"k":3,"d":4,"s":3},{"id":14,"k":3,"d":1,"s":3},{"id":4,"k":2,"d":3,"s":2},{"id":5,"k":2,"d":1,"s":2},{"id":9,"k":2,"d":4,"s":2},{"id":1,"k":1,"d":4,"s":1},{"id":7,"k":1,"d":2,"s":1},{"id":8,"k":1,"d":2,"s":1},{"id":10,"k":1,"d":3,"s":1},{"id":13,"k":0,"d":6,"s":-1}]}}
{"t":"run","c":176,"n":547189,"h":"aa30c17a7caf8cd5"}
{"t":"round","n":403,"m":{"t":"round","phase":"playing","left":17002,"nato":9,"soviet":14,"board":[{"id":2,"k":4,"d":2,"s":4},{"id":3,"k":3,"d":2,"s":3},{"id":6,"k":3,"d":4,"s":3},{"id":14,"k":3,"d":1,"s":3},{"id":4,"k":2,"d":3,"s":2},{"id":5,"k":2,"d":1,"s":2},{"id":9,"k":2,"d":4,"s":2},{"id":1,"k":1,"d":4,"s":1},{"id":7,"k":1,"d":2,"s":1},{"id":8,"k":1,"d":2,"s":1},{"id":10,"k":1,"d":3,"s":1},{"id":13,"k":0,"d":7,"s":-2}]}}
{"t":"run","c":57,"n":183163,"h":"3b7eea8336812d4a"}
{"t":"round","n":404,"m":{"t":"round","phase":"playing","left":16892,"nato":10,"soviet":14,"board":[{"id":2,"k":4,"d":2,"s":4},{"id":3,"k":3,"d":2,"s":3},{"id":6,"k":3,"d":4,"s":3},{"id":14,"k":3,"d":2,"s":3},{"id":1,"k":2,"d":4,"s":2},{"id":4,"k":2,"d":3,"s":2},{"id":5,"k":2,"d":1,"s":2},{"id":9,"k":2,"d":4,"s":2},{"id":7,"k":1,"d":2,"s":1},{"id":8,"k":1,"d":2,"s":1},{"id":10,"k":1,"d":3,"s":1},{"id":13,"k":0,"d":7,"s":-2}]}}
{"t":"run","c":928,"n":2871488,"h":"918bbaadcafd479a"}
{"t":"round","n":404,"m":{"t":"round","phase":"playing","left":15095,"nato":10,"soviet":15,"board":[{"id":2,"k":4,"d":2,"s":4},{"id":3,"k":3,"d":2,"s":3},{"id":4,"k":3,"d":3,"s":3},{"id":6,"k":3,"d":4,"s":3},{"id":14,"k":3,"d":2,"s":3},{"id":1,"k":2,"d":5,"s":2},{"id":5,"k":2,"d":1,"s":2},{"id":9,"k":2,"d":4,"s":2},{"id":7,"k":1,"d":2,"s":1},{"id":8,"k":1,"d":2,"s":1},{"id":10,"k":1,"d":3,"s":1},{"id":13,"k":0,"d":7,"s":-2}]}}
{"t":"run","c":294,"n":878860,"h":"5f7a463a53968e8e"}
{"t":"round","n":404,"m":{"t":"round","phase":"playing","left":14526,"nato":10,"soviet":16,"board":[{"id":2,"k":4,"d":2,"s":4},{"id":4,"k":4,"d":3,"s":4},{"id":3,"k":3,"d":2,"s":3},{"id":6,"k":3,"d":4,"s":3},{"id":14,"k":3,"d":2,"s":3},{"id":1,"k":2,"d":5,"s":2},{"id":5,"k":2,"d":1,"s":2},{"id":9,"k":2,"d":5,"s":2},{"id":7,"k":1,"d":2,"s":1},{"id":8,"k":1,"d":2,"s":1},{"id":10,"k":1,"d":3,"s":1},{"id":13,"k":0,"d":7,"s":-2}]}}
{"t":"run","c":68,"n":201896,"h":"4017320dc1ca9fa4"}
{"t":"round","n":404,"m":{"t":"round","phase":"playing","left":14395,"nato":10,"soviet":16,"board":[{"id":2,"k":4,"d":2,"s":4},{"id":4,"k":4,"d":3,"s":4},{"id":3,"k":3,"d":2,"s":3},{"id":6,"k":3,"d":4,"s":3},{"id":14,"k":3,"d":2,"s":3},{"id":1,"k":2,"d":5,"s":2},{"id":5,"k":2,"d":1,"s":2},{"id":9,"k":2,"d":5,"s":2},{"id":7,"k":1,"d":2,"s":1},{"id":8,"k":1,"d":2,"s":1},{"id":10,"k":1,"d":3,"s":1},{"id":13,"k":0,"d":8,"s":-3}]}}
{"t":"run","c":47,"n":142219,"h":"685aa5038756898d"}
{"t":"round","n":404,"m":{"t":"round","phase":"playing","left":14303,"nato":10,"soviet":17,"board":[{"id":2,"k":4,"d":2,"s":4},{"id":4,"k":4,"d":3,"s":4},{"id":6,"k":4,"d":4,"s":4},{"id":3,"k":3,"d":2,"s":3},{"id":14,"k":3,"d":2,"s":3},{"id":1,"k":2,"d":5,"s":2},{"id":5,"k":2,"d":2,"s":2},{"id":9,"k":2,"d":5,"s":2},{"id":7,"k":1,"d":2,"s":1},{"id":8,"k":1,"d":2,"s":1},{"id":10,"k":1,"d":3,"s":1},{"id":13,"k":0,"d":8,"s":-3}]}}
{"t":"run","c":267,"n":835268,"h":"bd857a61217d54fd"}
{"t":"round","n":404,"m":{"t":"round","phase":"playing","left":13787,"nato":10,"soviet":18,"board":[{"id":2,"k":5,"d":2,"s":5},{"id":4,"k":4,"d":3,"s":4},{"id":6,"k":4,"d":4,"s":4},{"id":3,"k":3,"d":3,"s":3},{"id":14,"k":3,"d":2,"s":3},{"id":1,"k":2,"d":5,"s":2},{"id":5,"k":2,"d":2,"s":2},{"id":9,"k":2,"d":5,"s":2},{"id":7,"k":1,"d":2,"s":1},{"id":8,"k":1,"d":2,"s":1},{"id":10,"k":1,"d":3,"s":1},{"id":13,"k":0,"d":8,"s":-3}]}}
{"t":"run","c":65,"n":216996,"h":"8a0522e4f908f8c1"}
{"t":"round","n":404,"m":{"t":"round","phase":"playing","left":13661,"nato":11,"soviet":18,"board":[{"id":2,"k":5,"d":2,"s":5},{"id":4,"k":4,"d":4,"s":4},{"id":6,"k":4,"d":4,"s":4},{"id":3,"k":3,"d":3,"s":3},{"id":9,"k":3,"d":5,"s":3},{"id":14,"k":3,"d":2,"s":3},{"id":1,"k":2,"d":5,"s":2},{"id":5,"k":2,"d":2,"s":2},{"id":7,"k":1,"d":2,"s":1},{"id":8,"k":1,"d":2,"s":1},{"id":10,"k":1,"d":3,"s":1},{"id":13,"k":0,"d":8,"s":-3}]}}
{"t":"run","c":285,"n":906791,"h":"e3a3702119c39d1f"}
{"t":"round","n":404,"m":{"t":"round","phase":"playing","left":13110,"nato":11,"soviet":19,"board":[{"id":2,"k":5,"d":2,"s":5},{"id":4,"k":4,"d":4,"s":4},{"id":6,"k":4,"d":4,"s":4},{"id":14,"k":4,"d":2,"s":4},{"id":3,"k":3,"d":3,"s":3},{"id":9,"k":3,"d":6,"s":3},{"id":1,"k":2,"d":5,"s":2},{"id":5,"k":2,"d":2,"s":2},{"id":7,"k":1,"d":2,"s":1},{"id":8,"k":1,"d":2,"s":1},{"id":10,"k":1,"d":3,"s":1},{"id":13,"k":0,"d":8,"s":-3}]}}
{"t":"run","c":97,"n":364406,"h":"03b92d72c4d05eb9"}
{"t":"round","n":404,"m":{"t":"round","phase":"playing","left":12922,"nato":11,"soviet":20,"board":[{"id":2,"k":5,"d":2,"s":5},{"id":4,"k":5,"d":4,"s":5},{"id":6,"k":4,"d":4,"s":4},{"id":14,"k":4,"d":2,"s":4},{"id":3,"k":3,"d":3,"s":3},{"id":9,"k":3,"d":6,"s":3},{"id":1,"k":2,"d":5,"s":2},{"id":5,"k":2,"d":2,"s":2},{"id":7,"k":1,"d":3,"s":1},{"id":8,"k":1,"d":2,"s":1},{"id":10,"k":1,"d":3,"s":1},{"id":13,"k":0,"d":8,"s":-3}]}}
{"t":"run","c":54,"n":180312,"h":"fc14b0294cdfe0be"}
{"t":"round","n":404,"m":{"t":"round","phase":"playing","left":12818,"nato":11,"soviet":20,"board":[{"id":2,"k":5,"d":2,"s":5},{"id":4,"k":5,"d":4,"s":5},{"id":6,"k":4,"d":4,"s":4},{"id":14,"k":4,"d":2,"s":4},{"id":3,"k":3,"d":3,"s":3},{"id":9,"k":3,"d":6,"s":3},{"id":1,"k":2,"d":5,"s":2},{"id":5,"k":2,"d":2,"s":2},{"id":7,"k":1,"d":3,"s":1},{"id":8,"k":1,"d":2,"s":1},{"id":10,"k":1,"d":3,"s":1},{"id":13,"k":0,"d":9,"s":-4}]}}
{"t":"run","c":92,"n":280190,"h":"6d71ab4a881660e8"}
{"t":"round","n":404,"m":{"t":"round","phase":"playing","left":12640,"nato":12,"soviet":20,"board":[{"id":2,"k":5,"d":2,"s":5},{"id":4,"k":5,"d":4,"s":5},{"id":6,"k":4,"d":5,"s":4},{"id":14,"k":4,"d":2,"s":4},{"id":1,"k":3,"d":5,"s":3},{"id":3,"k":3,"d":3,"s":3},{"id":9,"k":3,"d":6,"s":3},{"id":5,"k":2,"d":2,"s":2},{"id":7,"k":1,"d":3,"s":1},{"id":8,"k":1,"d":2,"s":1},{"id":10,"k":1,"d":3,"s":1},{"id":13,"k":0,"d":9,"s":-4}]}}
{"t":"run","c":62,"n":181942,"h":"8d525e72680596ce"}
{"t":"round","n":404,"m":{"t":"round","phase":"playing","left":12519,"nato":13,"soviet":20,"board":[{"id":2,"k":5,"d":2,"s":5},{"id":4,"k":5,"d":4,"s":5},{"id":6,"k":4,"d":5,"s":4},{"id":14,"k":4,"d":2,"s":4},{"id":1,"k":3,"d":5,"s":3},{"id":3,"k":3,"d":3,"s":3},{"id":5,"k":3,"d":2,"s":3},{"id":9,"k":3,"d":6,"s":3},{"id":7,"k":1,"d":3,"s":1},{"id":8,"k":1,"d":2,"s":1},{"id":10,"k":1,"d":4,"s":1},{"id":13,"k":0,"d":9,"s":-4}]}}
{"t":"run","c":308,"n":978009,"h":"4919185ee8a4f3a7"}
{"t":"round","n":404,"m":{"t":"round","phase":"playing","left":11923,"nato":13,"soviet":21,"board":[{"id":2,"k":5,"d":2,"s":5},{"id":4,"k":5,"d":4,"s":5},{"id":6,"k":4,"d":5,"s":4},{"id":14,"k":4,"d":2,"s":4},{"id":1,"k":3,"d":5,"s":3},{"id":3,"k":3,"d":3,"s":3},{"id":5,"k":3,"d":3,"s":3},{"id":9,"k":3,"d":6,"s":3},{"id":10,"k":2,"d":4,"s":2},{"id":7,"k":1,"d":3,"s":1},{"id":8,"k":1,"d":2,"s":1},{"id":13,"k":0,"d":9,"s":-4}]}}
{"t":"run","c":16,"n":57597,"h":"976ae2d3e492f835"}
{"t":"round","n":404,"m":{"t":"round","phase":"playing","left":11892,"nato":14,"soviet":21,"board":[{"id":2,"k":5,"d":2,"s":5},{"id":4,"k":5,"d":4,"s":5},{"id":6,"k":4,"d":5,"s":4},{"id":14,"k":4,"d":3,"s":4},{"id":1,"k":3,"d":5,"s":3},{"id":3,"k":3,"d":3,"s":3},{"id":5,"k":3,"d":3,"s":3},{"id":9,"k":3,"d":6,"s":3},{"id":7,"k":2,"d":3,"s":2},{"id":10,"k":2,"d":4,"s":2},{"id":8,"k":1,"d":2,"s":1},{"id":13,"k":0,"d":9,"s":-4}]}}
{"t":"run","c":237,"n":742825,"h":"01bdfb0bc633b18e"}
{"t":"round","n":405,"m":{"t":"round","phase":"playing","left":11433,"nato":14,"soviet":22,"board":[{"id":2,"k":5,"d":2,"s":5},{"id":4,"k":5,"d":4,"s":5},{"id":14,"k":5,"d":3,"s":5},{"id":6,"k":4,"d":5,"s":4},{"id":1,"k":3,"d":5,"s":3},{"id":3,"k":3,"d":3,"s":3},{"id":5,"k":3,"d":3,"s":3},{"id":9,"k":3,"d":6,"s":3},{"id":7,"k":2,"d":3,"s":2},{"id":10,"k":2,"d":4,"s":2},{"id":8,"k":1,"d":2,"s":1},{"id":13,"k":0,"d":10,"s":-4}]}}
{"t":"run","c":293,"n":894439,"h":"e58f8baafa58fc12"}
{"t":"round","n":405,"m":{"t":"round","phase":"playing","left":10866,"nato":15,"soviet":22,"board":[{"id":2,"k":5,"d":2,"s":5},{"id":4,"k":5,"d":4,"s":5},{"id":14,"k":5,"d":3,"s":5},{"id":5,"k":4,"d":3,"s":4},{"id":6,"k":4,"d":5,"s":4},{"id":1,"k":3,"d":5,"s":3},{"id":3,"k":3,"d":3,"s":3},{"id":9,"k":3,"d":6,"s":3},{"id":7,"k":2,"d":3,"s":2},{"id":10,"k":2,"d":4,"s":2},{"id":8,"k":1,"d":3,"s":1},{"id":13,"k":0,"d":10,"s":-4}]}}
{"t":"run","c":160,"n":461001,"h":"5b33b3390c92eb66"}
{"t":"round","n":405,"m":{"t":"round","phase":"playing","left":10558,"nato":15,"soviet":22,"board":[{"id":2,"k":5,"d":2,"s":5},{"id":4,"k":5,"d":4,"s":5},{"id":14,"k":5,"d":3,"s":5},{"id":5,"k":4,"d":3,"s":4},{"id":6,"k":4,"d":5,"s":4},{"id":1,"k":3,"d":5,"s":3},{"id":3,"k":3,"d":3,"s":3},{"id":9,"k":3,"d":6,"s":3},{"id":7,"k":2,"d":3,"s":2},{"id":10,"k":2,"d":4,"s":2},{"id":8,"k":1,"d":3,"s":1},{"id":13,"k":0,"d":11,"s":-5}]}}
{"t":"run","c":156,"n":479370,"h":"0959243937a82c14"}
{"t":"round","n":405,"m":{"t":"round","phase":"playing","left":10256,"nato":15,"soviet":23,"board":[{"id":2,"k":5,"d":2,"s":5},{"id":4,"k":5,"d":4,"s":5},{"id":14,"k":5,"d":3,"s":5},{"id":5,"k":4,"d":3,"s":4},{"id":6,"k":4,"d":5,"s":4},{"id":1,"k":3,"d":5,"s":3},{"id":3,"k":3,"d":4,"s":3},{"id":9,"k":3,"d":6,"s":3},{"id":10,"k":3,"d":4,"s":3},{"id":7,"k":2,"d":3,"s":2},{"id":8,"k":1,"d":3,"s":1},{"id":13,"k":0,"d":11,"s":-5}]}}
{"t":"run","c":281,"n":871154,"h":"646903f927380c03"}
{"t":"round","n":404,"m":{"t":"round","phase":"playing","left":9712,"nato":15,"soviet":24,"board":[{"id":2,"k":5,"d":2,"s":5},{"id":4,"k":5,"d":4,"s":5},{"id":14,"k":5,"d":3,"s":5},{"id":5,"k":4,"d":3,"s":4},{"id":6,"k":4,"d":5,"s":4},{"id":1,"k":3,"d":5,"s":3},{"id":3,"k":3,"d":4,"s":3},{"id":9,"k":3,"d":6,"s":3},{"id":10,"k":3,"d":4,"s":3},{"id":7,"k":2,"d":4,"s":2},{"id":8,"k":2,"d":3,"s":2},{"id":13,"k":0,"d":11,"s":-5}]}}
{"t":"run","c":9,"n":30307,"h":"0db9b2bb59b2dbaa"}
{"t":"round","n":404,"m":{"t":"round","phase":"playing","left":9694,"nato":16,"soviet":24,"board":[{"id":2,"k":5,"d":3,"s":5},{"id":4,"k":5,"d":4,"s":5},{"id":14,"k":5,"d":3,"s":5},{"id":1,"k":4,"d":5,"s":4},{"id":5,"k":4,"d":3,"s":4},{"id":6,"k":4,"d":5,"s":4},{"id":3,"k":3,"d":4,"s":3},{"id":9,"k":3,"d":6,"s":3},{"id":10,"k":3,"d":4,"s":3},{"id":7,"k":2,"d":4,"s":2},{"id":8,"k":2,"d":3,"s":2},{"id":13,"k":0,"d":11,"s":-5}]}}
{"t":"run","c":92,"n":285301,"h":"b253531d553a5641"}
{"t":"round","n":404,"m":{"t":"round","phase":"playing","left":9515,"nato":16,"soviet":24,"board":[{"id":2,"k":5,"d":3,"s":5},{"id":4,"k":5,"d":4,"s":5},{"id":14,"k":5,"d":3,"s":5},{"id":1,"k":4,"d":5,"s":4},{"id":5,"k":4,"d":3,"s":4},{"id":6,"k":4,"d":5,"s":4},{"id":3,"k":3,"d":4,"s":3},{"id":9,"k":3,"d":6,"s":3},{"id":10,"k":3,"d":4,"s":3},{"id":7,"k":2,"d":4,"s":2},{"id":8,"k":2,"d":3,"s":2},{"id":13,"k":0,"d":12,"s":-6}]}}
{"t":"run","c":492,"n":1541862,"h":"e660a7c4da9c4e53"}
{"t":"round","n":433,"m":{"t":"round","phase":"ended","left":600,"winner":"Sovyet","nato":16,"soviet":25,"board":[{"id":2,"k":5,"d":3,"s":5},{"id":4,"k":5,"d":4,"s":5},{"id":14,"k":5,"d":3,"s":5},{"id":1,"k":4,"d":6,"s":4},{"id":5,"k":4,"d":3,"s":4},{"id":6,"k":4,"d":5,"s":4},{"id":10,"k":4,"d":4,"s":4},{"id":3,"k":3,"d":4,"s":3},{"id":9,"k":3,"d":6,"s":3},{"id":7,"k":2,"d":4,"s":2},{"id":8,"k":2,"d":3,"s":2},{"id":13,"k":0,"d":12,"s":-6}],"wt":"soviet"}}
{"t":"run","c":85,"n":293211,"h":"62c1240c90dfdf8a"}
{"t":"players","n":790,"m":{"t":"players","list":[{"id":1,"name":"Maverick","team":"nato","kind":"f16","bot":true},{"id":2,"name":"Iceman","team":"soviet","kind":"mig29","bot":true},{"id":3,"name":"Viper","team":"nato","kind":"f15","bot":true},{"id":4,"name":"Goose","team":"soviet","kind":"su27","bot":true},{"id":5,"name":"Ivan","team":"nato","kind":"f16","bot":true},{"id":6,"name":"Sokol","team":"soviet","kind":"mig29","bot":true},{"id":7,"name":"Berkut","team":"nato","kind":"f15","bot":true},{"id":8,"name":"Yastreb","team":"soviet","kind":"su27","bot":true},{"id":10,"name":"Raven","team":"soviet","kind":"mig29","bot":true},{"id":13,"name":"a","team":"nato","kind":"f16","bot":false},{"id":14,"name":"b","team":"soviet","kind":"su27","bot":false},{"id":15,"name":"c","team":"nato","kind":"f16","bot":false}]}}
{"t":"players","n":790,"m":{"t":"players","list":[{"id":1,"name":"Maverick","team":"nato","kind":"f16","bot":true},{"id":2,"name":"Iceman","team":"soviet","kind":"mig29","bot":true},{"id":3,"name":"Viper","team":"nato","kind":"f15","bot":true},{"id":4,"name":"Goose","team":"soviet","kind":"su27","bot":true},{"id":5,"name":"Ivan","team":"nato","kind":"f16","bot":true},{"id":6,"name":"Sokol","team":"soviet","kind":"mig29","bot":true},{"id":7,"name":"Berkut","team":"nato","kind":"f15","bot":true},{"id":8,"name":"Yastreb","team":"soviet","kind":"su27","bot":true},{"id":10,"name":"Raven","team":"soviet","kind":"mig29","bot":true},{"id":13,"name":"a","team":"nato","kind":"f16","bot":false},{"id":14,"name":"b","team":"soviet","kind":"su27","bot":false},{"id":15,"name":"c","team":"nato","kind":"f16","bot":false}]}}
{"t":"round","n":434,"m":{"t":"round","phase":"ended","left":436,"winner":"Sovyet","nato":16,"soviet":25,"board":[{"id":2,"k":5,"d":3,"s":5},{"id":4,"k":5,"d":4,"s":5},{"id":14,"k":5,"d":3,"s":5},{"id":1,"k":4,"d":6,"s":4},{"id":5,"k":4,"d":3,"s":4},{"id":6,"k":4,"d":5,"s":4},{"id":10,"k":4,"d":4,"s":4},{"id":3,"k":3,"d":4,"s":3},{"id":7,"k":2,"d":4,"s":2},{"id":8,"k":2,"d":3,"s":2},{"id":15,"k":0,"d":0,"s":0},{"id":13,"k":0,"d":12,"s":-6}],"wt":"soviet"}}
{"t":"run","c":225,"n":732246,"h":"297aabc8c3f9d99e"}
{"t":"round","n":402,"m":{"t":"round","phase":"playing","left":28800,"nato":0,"soviet":0,"board":[{"id":1,"k":0,"d":0,"s":0},{"id":2,"k":0,"d":0,"s":0},{"id":3,"k":0,"d":0,"s":0},{"id":4,"k":0,"d":0,"s":0},{"id":5,"k":0,"d":0,"s":0},{"id":6,"k":0,"d":0,"s":0},{"id":7,"k":0,"d":0,"s":0},{"id":8,"k":0,"d":0,"s":0},{"id":10,"k":0,"d":0,"s":0},{"id":13,"k":0,"d":0,"s":0},{"id":14,"k":0,"d":0,"s":0},{"id":15,"k":0,"d":0,"s":0}]}}
{"t":"run","c":333,"n":1047643,"h":"fb878f10d1177fdf"}
{"t":"close","n":13,"m":{"t":"close"}}
## b.ev
{"t":"spawn","n":29,"m":{"k":"spawn","tick":1,"a":14}}
{"t":"lock","n":43,"m":{"k":"lock","tick":573,"a":14,"b":5,"mk":1}}
{"t":"mlaunch","n":59,"m":{"k":"mlaunch","tick":575,"a":16777221,"b":5,"o":14,"mk":1}}
{"t":"hit","n":58,"m":{"k":"hit","tick":677,"a":5,"b":14,"val":50,"w":"missile"}}
{"t":"hit","n":58,"m":{"k":"hit","tick":1207,"a":6,"b":14,"val":90.17,"w":"ram"}}
{"t":"hit","n":58,"m":{"k":"hit","tick":1207,"a":14,"b":6,"val":90.17,"w":"ram"}}
{"t":"hit","n":58,"m":{"k":"hit","tick":1208,"a":6,"b":14,"val":90.98,"w":"ram"}}
{"t":"kill","n":47,"m":{"k":"kill","tick":1208,"a":6,"b":14,"w":"ram"}}
{"t":"hit","n":58,"m":{"k":"hit","tick":1208,"a":14,"b":6,"val":90.98,"w":"ram"}}
{"t":"kill","n":47,"m":{"k":"kill","tick":1208,"a":14,"b":6,"w":"ram"}}
{"t":"spawn","n":32,"m":{"k":"spawn","tick":1388,"a":14}}
{"t":"lock","n":44,"m":{"k":"lock","tick":1732,"a":14,"b":1,"mk":1}}
{"t":"mlaunch","n":60,"m":{"k":"mlaunch","tick":1733,"a":16777234,"b":1,"o":14,"mk":1}}
{"t":"mlaunch","n":60,"m":{"k":"mlaunch","tick":1793,"a":16777237,"b":1,"o":14,"mk":1}}
{"t":"hit","n":59,"m":{"k":"hit","tick":1945,"a":1,"b":14,"val":50,"w":"missile"}}
{"t":"kill","n":51,"m":{"k":"kill","tick":1945,"a":1,"b":14,"w":"missile"}}
{"t":"hit","n":58,"m":{"k":"hit","tick":2473,"a":13,"b":14,"val":6,"w":"cannon"}}
{"t":"hit","n":58,"m":{"k":"hit","tick":2477,"a":13,"b":14,"val":6,"w":"cannon"}}
{"t":"hit","n":58,"m":{"k":"hit","tick":2482,"a":13,"b":14,"val":6,"w":"cannon"}}
{"t":"lock","n":37,"m":{"k":"lock","tick":2855,"a":9,"b":14}}
{"t":"mlaunch","n":53,"m":{"k":"mlaunch","tick":2860,"a":16777252,"b":14,"o":9}}
{"t":"flare","n":32,"m":{"k":"flare","tick":2873,"a":14}}
{"t":"decoy","n":51,"m":{"k":"decoy","tick":2873,"a":16777252,"b":14,"o":9}}
{"t":"lock","n":45,"m":{"k":"lock","tick":4614,"a":14,"b":13,"mk":1}}
{"t":"mlaunch","n":61,"m":{"k":"mlaunch","tick":4615,"a":16777258,"b":13,"o":14,"mk":1}}
{"t":"hit","n":58,"m":{"k":"hit","tick":4706,"a":13,"b":14,"val":6,"w":"cannon"}}
{"t":"hit","n":58,"m":{"k":"hit","tick":4710,"a":13,"b":14,"val":6,"w":"cannon"}}
{"t":"hit","n":58,"m":{"k":"hit","tick":4714,"a":13,"b":14,"val":6,"w":"cannon"}}
{"t":"hit","n":58,"m":{"k":"hit","tick":4717,"a":13,"b":14,"val":6,"w":"cannon"}}
{"t":"hit","n":58,"m":{"k":"hit","tick":4721,"a":13,"b":14,"val":6,"w":"cannon"}}
{"t":"hit","n":58,"m":{"k":"hit","tick":4725,"a":13,"b":14,"val":6,"w":"cannon"}}
{"t":"hit","n":58,"m":{"k":"hit","tick":4729,"a":13,"b":14,"val":6,"w":"cannon"}}
{"t":"hit","n":58,"m":{"k":"hit","tick":4733,"a":13,"b":14,"val":6,"w":"cannon"}}
{"t":"hit","n":58,"m":{"k":"hit","tick":4737,"a":13,"b":14,"val":6,"w":"cannon"}}
{"t":"hit","n":58,"m":{"k":"hit","tick":4741,"a":13,"b":14,"val":6,"w":"cannon"}}
{"t":"hit","n":58,"m":{"k":"hit","tick":4745,"a":13,"b":14,"val":6,"w":"cannon"}}
{"t":"hit","n":58,"m":{"k":"hit","tick":4749,"a":13,"b":14,"val":6,"w":"cannon"}}
{"t":"hit","n":58,"m":{"k":"hit","tick":4753,"a":13,"b":14,"val":6,"w":"cannon"}}
{"t":"hit","n":58,"m":{"k":"hit","tick":4757,"a":13,"b":14,"val":6,"w":"cannon"}}
{"t":"hit","n":58,"m":{"k":"hit","tick":4761,"a":13,"b":14,"val":6,"w":"cannon"}}
{"t":"kill","n":51,"m":{"k":"kill","tick":4761,"a":13,"b":14,"w":"cannon"}}
{"t":"lock","n":44,"m":{"k":"lock","tick":7726,"a":14,"b":3,"mk":1}}
{"t":"mlaunch","n":60,"m":{"k":"mlaunch","tick":7727,"a":16777295,"b":3,"o":14,"mk":1}}
{"t":"hit","n":57,"m":{"k":"hit","tick":7841,"a":9,"b":14,"val":6,"w":"cannon"}}
{"t":"hit","n":57,"m":{"k":"hit","tick":8293,"a":1,"b":14,"val":6,"w":"cannon"}}
{"t":"hit","n":57,"m":{"k":"hit","tick":8313,"a":1,"b":14,"val":6,"w":"cannon"}}
{"t":"hit","n":57,"m":{"k":"hit","tick":8317,"a":1,"b":14,"val":6,"w":"cannon"}}
{"t":"hit","n":57,"m":{"k":"hit","tick":8321,"a":1,"b":14,"val":6,"w":"cannon"}}
{"t":"kill","n":50,"m":{"k":"kill","tick":8321,"a":1,"b":14,"w":"cannon"}}
{"t":"lock","n":44,"m":{"k":"lock","tick":8505,"a":5,"b":14,"mk":1}}
{"t":"mlaunch","n":60,"m":{"k":"mlaunch","tick":8510,"a":16777303,"b":14,"o":5,"mk":1}}
{"t":"hit","n":57,"m":{"k":"hit","tick":8592,"a":14,"b":3,"val":6,"w":"cannon"}}
{"t":"hit","n":57,"m":{"k":"hit","tick":8594,"a":14,"b":3,"val":6,"w":"cannon"}}
{"t":"hit","n":57,"m":{"k":"hit","tick":8600,"a":14,"b":3,"val":6,"w":"cannon"}}
{"t":"hit","n":59,"m":{"k":"hit","tick":8856,"a":14,"b":5,"val":50,"w":"missile"}}
{"t":"lock","n":37,"m":{"k":"lock","tick":9098,"a":5,"b":14}}
{"t":"mlaunch","n":53,"m":{"k":"mlaunch","tick":9104,"a":16777304,"b":14,"o":5}}
{"t":"flare","n":32,"m":{"k":"flare","tick":9119,"a":14}}
{"t":"decoy","n":51,"m":{"k":"decoy","tick":9119,"a":16777304,"b":14,"o":5}}
{"t":"lock","n":45,"m":{"k":"lock","tick":11184,"a":14,"b":7,"mk":1}}
{"t":"mlaunch","n":61,"m":{"k":"mlaunch","tick":11185,"a":16777327,"b":7,"o":14,"mk":1}}
{"t":"hit","n":60,"m":{"k":"hit","tick":11259,"a":7,"b":14,"val":50,"w":"missile"}}
{"t":"lock","n":45,"m":{"k":"lock","tick":11699,"a":1,"b":14,"mk":1}}
{"t":"mlaunch","n":61,"m":{"k":"mlaunch","tick":11700,"a":16777331,"b":14,"o":1,"mk":1}}
{"t":"lock","n":45,"m":{"k":"lock","tick":11754,"a":9,"b":14,"mk":1}}
{"t":"mlaunch","n":61,"m":{"k":"mlaunch","tick":11758,"a":16777332,"b":14,"o":9,"mk":1}}
{"t":"lock","n":38,"m":{"k":"lock","tick":11835,"a":5,"b":14}}
{"t":"mlaunch","n":54,"m":{"k":"mlaunch","tick":11840,"a":16777333,"b":14,"o":5}}
{"t":"lock","n":38,"m":{"k":"lock","tick":11874,"a":1,"b":14}}
{"t":"mlaunch","n":54,"m":{"k":"mlaunch","tick":11880,"a":16777334,"b":14,"o":1}}
{"t":"hit","n":60,"m":{"k":"hit","tick":11908,"a":14,"b":1,"val":50,"w":"missile"}}
{"t":"kill","n":52,"m":{"k":"kill","tick":11908,"a":14,"b":1,"w":"missile"}}
{"t":"spawn","n":33,"m":{"k":"spawn","tick":12088,"a":14}}
{"t":"lock","n":45,"m":{"k":"lock","tick":12250,"a":14,"b":1,"mk":1}}
{"t":"mlaunch","n":61,"m":{"k":"mlaunch","tick":12251,"a":16777338,"b":1,"o":14,"mk":1}}
{"t":"mlaunch","n":61,"m":{"k":"mlaunch","tick":12311,"a":16777339,"b":1,"o":14,"mk":1}}
{"t":"hit","n":60,"m":{"k":"hit","tick":12435,"a":1,"b":14,"val":50,"w":"missile"}}
{"t":"hit","n":59,"m":{"k":"hit","tick":13645,"a":13,"b":14,"val":6,"w":"cannon"}}
{"t":"hit","n":59,"m":{"k":"hit","tick":13650,"a":13,"b":14,"val":6,"w":"cannon"}}
{"t":"lock","n":45,"m":{"k":"lock","tick":15434,"a":14,"b":9,"mk":1}}
{"t":"mlaunch","n":61,"m":{"k":"mlaunch","tick":15435,"a":16777362,"b":9,"o":14,"mk":1}}
{"t":"hit","n":60,"m":{"k":"hit","tick":15495,"a":9,"b":14,"val":50,"w":"missile"}}
{"t":"hit","n":58,"m":{"k":"hit","tick":15662,"a":9,"b":14,"val":6,"w":"cannon"}}
{"t":"hit","n":58,"m":{"k":"hit","tick":15670,"a":9,"b":14,"val":6,"w":"cannon"}}
{"t":"hit","n":58,"m":{"k":"hit","tick":15674,"a":9,"b":14,"val":6,"w":"cannon"}}
{"t":"hit","n":58,"m":{"k":"hit","tick":15678,"a":9,"b":14,"val":6,"w":"cannon"}}
{"t":"hit","n":58,"m":{"k":"hit","tick":15682,"a":9,"b":14,"val":6,"w":"cannon"}}
{"t":"hit","n":58,"m":{"k":"hit","tick":15686,"a":9,"b":14,"val":6,"w":"cannon"}}
{"t":"hit","n":58,"m":{"k":"hit","tick":15690,"a":9,"b":14,"val":6,"w":"cannon"}}
{"t":"kill","n":51,"m":{"k":"kill","tick":15690,"a":9,"b":14,"w":"cannon"}}
{"t":"lock","n":45,"m":{"k":"lock","tick":16563,"a":9,"b":14,"mk":1}}
{"t":"mlaunch","n":61,"m":{"k":"mlaunch","tick":16564,"a":16777377,"b":14,"o":9,"mk":1}}
{"t":"lock","n":45,"m":{"k":"lock","tick":16627,"a":7,"b":14,"mk":1}}
{"t":"mlaunch","n":61,"m":{"k":"mlaunch","tick":16632,"a":16777380,"b":14,"o":7,"mk":1}}
{"t":"lock","n":38,"m":{"k":"lock","tick":16717,"a":9,"b":14}}
{"t":"mlaunch","n":54,"m":{"k":"mlaunch","tick":16720,"a":16777382,"b":14,"o":9}}
{"t":"mlaunch","n":54,"m":{"k":"mlaunch","tick":16780,"a":16777383,"b":14,"o":9}}
{"t":"hit","n":60,"m":{"k":"hit","tick":16869,"a":14,"b":9,"val":70,"w":"missile"}}
{"t":"flare","n":33,"m":{"k":"flare","tick":16883,"a":14}}
{"t":"decoy","n":52,"m":{"k":"decoy","tick":16883,"a":16777383,"b":14,"o":9}}
{"t":"lock","n":38,"m":{"k":"lock","tick":16887,"a":7,"b":14}}
{"t":"mlaunch","n":54,"m":{"k":"mlaunch","tick":16890,"a":16777385,"b":14,"o":7}}
{"t":"decoy","n":52,"m":{"k":"decoy","tick":16890,"a":16777385,"b":14,"o":7}}
{"t":"hit","n":60,"m":{"k":"hit","tick":16908,"a":14,"b":7,"val":50,"w":"missile"}}
{"t":"kill","n":52,"m":{"k":"kill","tick":16908,"a":14,"b":7,"w":"missile"}}
{"t":"spawn","n":33,"m":{"k":"spawn","tick":17088,"a":14}}
{"t":"lock","n":46,"m":{"k":"lock","tick":17221,"a":14,"b":13,"mk":1}}
{"t":"mlaunch","n":62,"m":{"k":"mlaunch","tick":17223,"a":16777388,"b":13,"o":14,"mk":1}}
{"t":"mlaunch","n":62,"m":{"k":"mlaunch","tick":17283,"a":16777389,"b":13,"o":14,"mk":1}}
{"t":"hit","n":61,"m":{"k":"hit","tick":17350,"a":13,"b":14,"val":50,"w":"missile"}}
{"t":"hit","n":61,"m":{"k":"hit","tick":17367,"a":13,"b":14,"val":50,"w":"missile"}}
{"t":"kill","n":53,"m":{"k":"kill","tick":17367,"a":13,"b":14,"w":"missile"}}
{"t":"lock","n":45,"m":{"k":"lock","tick":20104,"a":14,"b":5,"mk":1}}
{"t":"mlaunch","n":61,"m":{"k":"mlaunch","tick":20105,"a":16777416,"b":5,"o":14,"mk":1}}
{"t":"spawn","n":33,"m":{"k":"spawn","tick":20837,"a":14}}
{"t":"lock","n":45,"m":{"k":"lock","tick":21405,"a":14,"b":5,"mk":1}}
{"t":"mlaunch","n":61,"m":{"k":"mlaunch","tick":21407,"a":16777422,"b":5,"o":14,"mk":1}}
{"t":"mlaunch","n":61,"m":{"k":"mlaunch","tick":21467,"a":16777426,"b":5,"o":14,"mk":1}}
{"t":"lock","n":38,"m":{"k":"lock","tick":21477,"a":3,"b":14}}
{"t":"lock","n":38,"m":{"k":"lock","tick":21480,"a":7,"b":14}}
## c
{"t":"welcome","n":46795,"h":"930155ab468ad023","p":"{\"t\":\"welcome\",\"you\":15,\"code\":\"GOLD\",\"mode\":\"team\",\"aircraft\":[{\"kind\":\"f16\",\"name\":\"F-16\",\"team\":\"nato\",\"maxHP\":90,\"maxSpeed\":230,\"maxSpeedAB\":290,\"accel\":48,"}
{"t":"players","n":790,"m":{"t":"players","list":[{"id":1,"name":"Maverick","team":"nato","kind":"f16","bot":true},{"id":2,"name":"Iceman","team":"soviet","kind":"mig29","bot":true},{"id":3,"name":"Viper","team":"nato","kind":"f15","bot":true},{"id":4,"name":"Goose","team":"soviet","kind":"su27","bot":true},{"id":5,"name":"Ivan","team":"nato","kind":"f16","bot":true},{"id":6,"name":"Sokol","team":"soviet","kind":"mig29","bot":true},{"id":7,"name":"Berkut","team":"nato","kind":"f15","bot":true},{"id":8,"name":"Yastreb","team":"soviet","kind":"su27","bot":true},{"id":10,"name":"Raven","team":"soviet","kind":"mig29","bot":true},{"id":13,"name":"a","team":"nato","kind":"f16","bot":false},{"id":14,"name":"b","team":"soviet","kind":"su27","bot":false},{"id":15,"name":"c","team":"nato","kind":"f16","bot":false}]}}
{"t":"round","n":434,"m":{"t":"round","phase":"ended","left":437,"winner":"Sovyet","nato":16,"soviet":25,"board":[{"id":2,"k":5,"d":3,"s":5},{"id":4,"k":5,"d":4,"s":5},{"id":14,"k":5,"d":3,"s":5},{"id":1,"k":4,"d":6,"s":4},{"id":5,"k":4,"d":3,"s":4},{"id":6,"k":4,"d":5,"s":4},{"id":10,"k":4,"d":4,"s":4},{"id":3,"k":3,"d":4,"s":3},{"id":7,"k":2,"d":4,"s":2},{"id":8,"k":2,"d":3,"s":2},{"id":15,"k":0,"d":0,"s":0},{"id":13,"k":0,"d":12,"s":-6}],"wt":"soviet"}}
{"t":"players","n":790,"m":{"t":"players","list":[{"id":1,"name":"Maverick","team":"nato","kind":"f16","bot":true},{"id":2,"name":"Iceman","team":"soviet","kind":"mig29","bot":true},{"id":3,"name":"Viper","team":"nato","kind":"f15","bot":true},{"id":4,"name":"Goose","team":"soviet","kind":"su27","bot":true},{"id":5,"name":"Ivan","team":"nato","kind":"f16","bot":true},{"id":6,"name":"Sokol","team":"soviet","kind":"mig29","bot":true},{"id":7,"name":"Berkut","team":"nato","kind":"f15","bot":true},{"id":8,"name":"Yastreb","team":"soviet","kind":"su27","bot":true},{"id":10,"name":"Raven","team":"soviet","kind":"mig29","bot":true},{"id":13,"name":"a","team":"nato","kind":"f16","bot":false},{"id":14,"name":"b","team":"soviet","kind":"su27","bot":false},{"id":15,"name":"c","team":"nato","kind":"f16","bot":false}]}}
{"t":"run","c":226,"n":732191,"h":"40c7e5f7608cf8f1"}
{"t":"round","n":402,"m":{"t":"round","phase":"playing","left":28800,"nato":0,"soviet":0,"board":[{"id":1,"k":0,"d":0,"s":0},{"id":2,"k":0,"d":0,"s":0},{"id":3,"k":0,"d":0,"s":0},{"id":4,"k":0,"d":0,"s":0},{"id":5,"k":0,"d":0,"s":0},{"id":6,"k":0,"d":0,"s":0},{"id":7,"k":0,"d":0,"s":0},{"id":8,"k":0,"d":0,"s":0},{"id":10,"k":0,"d":0,"s":0},{"id":13,"k":0,"d":0,"s":0},{"id":14,"k":0,"d":0,"s":0},{"id":15,"k":0,"d":0,"s":0}]}}
{"t":"run","c":333,"n":1047040,"h":"070ac0be3853c006"}
{"t":"close","n":13,"m":{"t":"close"}}
## c.ev
{"t":"spawn","n":33,"m":{"k":"spawn","tick":20837,"a":15}}
## sink
{"t":"delta","n":48,"m":{"p":"pilot-a","n":"a","t":644,"kd":{"f16":644}}}
{"t":"delta","n":48,"m":{"p":"pilot-c","n":"c","t":644,"kd":{"f16":644}}}
{"t":"delta","n":55,"m":{"p":"pilot-b","n":"b","f":2,"t":644,"kd":{"su27":644}}}
{"t":"delta","n":77,"m":{"p":"pilot-a","n":"a","d":12,"c":6,"m":1,"f":4,"t":18076,"kd":{"f16":18076}}}
{"t":"delta","n":97,"m":{"p":"pilot-b","n":"b","k":2,"bk":3,"d":3,"w":1,"m":1,"f":12,"h":7,"t":19696,"kd":{"su27":19696}}}
