## board_all
{"t":"status","n":3,"m":200}
{"t":"header","n":23,"m":"Cache-Control: no-store"}
{"t":"header","n":225,"m":"Content-Security-Policy: default-src 'self'; script-src 'self'; style-src 'self'; img-src 'self' data: blob:; connect-src 'self'; font-src 'self'; object-src 'none'; base-uri 'none'; form-action 'none'; frame-ancestors 'none'"}
{"t":"header","n":45,"m":"Content-Type: application/json; charset=utf-8"}
{"t":"header","n":39,"m":"Cross-Origin-Opener-Policy: same-origin"}
{"t":"header","n":100,"m":"Permissions-Policy: camera=(), microphone=(), geolocation=(), accelerometer=(self), gyroscope=(self)"}
{"t":"header","n":28,"m":"Referrer-Policy: no-referrer"}
{"t":"header","n":31,"m":"X-Content-Type-Options: nosniff"}
{"t":"body","n":99,"m":{"period":"all","week":"2026-W41","top":[{"name":"ace","kills":3,"deaths":1,"wins":1,"matches":2}]}}
## board_bad
{"t":"status","n":3,"m":400}
{"t":"header","n":23,"m":"Cache-Control: no-store"}
{"t":"header","n":225,"m":"Content-Security-Policy: default-src 'self'; script-src 'self'; style-src 'self'; img-src 'self' data: blob:; connect-src 'self'; font-src 'self'; object-src 'none'; base-uri 'none'; form-action 'none'; frame-ancestors 'none'"}
{"t":"header","n":45,"m":"Content-Type: application/json; charset=utf-8"}
{"t":"header","n":39,"m":"Cross-Origin-Opener-Policy: same-origin"}
{"t":"header","n":100,"m":"Permissions-Policy: camera=(), microphone=(), geolocation=(), accelerometer=(self), gyroscope=(self)"}
{"t":"header","n":28,"m":"Referrer-Policy: no-referrer"}
{"t":"header","n":31,"m":"X-Content-Type-Options: nosniff"}
{"t":"body","n":48,"m":{"code":"bad_period","error":"geçersiz dönem"}}
## board_off
{"t":"status","n":3,"m":503}
{"t":"header","n":23,"m":"Cache-Control: no-store"}
{"t":"header","n":225,"m":"Content-Security-Policy: default-src 'self'; script-src 'self'; style-src 'self'; img-src 'self' data: blob:; connect-src 'self'; font-src 'self'; object-src 'none'; base-uri 'none'; form-action 'none'; frame-ancestors 'none'"}
{"t":"header","n":45,"m":"Content-Type: application/json; charset=utf-8"}
{"t":"header","n":39,"m":"Cross-Origin-Opener-Policy: same-origin"}
{"t":"header","n":100,"m":"Permissions-Policy: camera=(), microphone=(), geolocation=(), accelerometer=(self), gyroscope=(self)"}
{"t":"header","n":28,"m":"Referrer-Policy: no-referrer"}
{"t":"header","n":31,"m":"X-Content-Type-Options: nosniff"}
{"t":"body","n":49,"m":{"code":"stats_off","error":"istatistik kapalı"}}
## board_week
{"t":"status","n":3,"m":200}
{"t":"header","n":23,"m":"Cache-Control: no-store"}
{"t":"header","n":225,"m":"Content-Security-Policy: default-src 'self'; script-src 'self'; style-src 'self'; img-src 'self' data: blob:; connect-src 'self'; font-src 'self'; object-src 'none'; base-uri 'none'; form-action 'none'; frame-ancestors 'none'"}
{"t":"header","n":45,"m":"Content-Type: application/json; charset=utf-8"}
{"t":"header","n":39,"m":"Cross-Origin-Opener-Policy: same-origin"}
{"t":"header","n":100,"m":"Permissions-Policy: camera=(), microphone=(), geolocation=(), accelerometer=(self), gyroscope=(self)"}
{"t":"header","n":28,"m":"Referrer-Policy: no-referrer"}
{"t":"header","n":31,"m":"X-Content-Type-Options: nosniff"}
{"t":"body","n":100,"m":{"period":"week","week":"2026-W41","top":[{"name":"ace","kills":3,"deaths":1,"wins":1,"matches":2}]}}
## me
{"t":"status","n":3,"m":200}
{"t":"header","n":23,"m":"Cache-Control: no-store"}
{"t":"header","n":225,"m":"Content-Security-Policy: default-src 'self'; script-src 'self'; style-src 'self'; img-src 'self' data: blob:; connect-src 'self'; font-src 'self'; object-src 'none'; base-uri 'none'; form-action 'none'; frame-ancestors 'none'"}
{"t":"header","n":45,"m":"Content-Type: application/json; charset=utf-8"}
{"t":"header","n":39,"m":"Cross-Origin-Opener-Policy: same-origin"}
{"t":"header","n":100,"m":"Permissions-Policy: camera=(), microphone=(), geolocation=(), accelerometer=(self), gyroscope=(self)"}
{"t":"header","n":28,"m":"Referrer-Policy: no-referrer"}
{"t":"header","n":31,"m":"X-Content-Type-Options: nosniff"}
{"t":"body","n":212,"m":{"pilot":{"name":"ace","kills":3,"botKills":0,"deaths":1,"crashes":0,"wins":1,"matches":2,"fired":0,"hits":0,"flight":7200,"kinds":{"f16":7200},"week":"2026-W41","weekKills":3,"seen":1791406800,"favorite":"f16"}}}
## me_bad
{"t":"status","n":3,"m":200}
{"t":"header","n":23,"m":"Cache-Control: no-store"}
{"t":"header","n":225,"m":"Content-Security-Policy: default-src 'self'; script-src 'self'; style-src 'self'; img-src 'self' data: blob:; connect-src 'self'; font-src 'self'; object-src 'none'; base-uri 'none'; form-action 'none'; frame-ancestors 'none'"}
{"t":"header","n":45,"m":"Content-Type: application/json; charset=utf-8"}
{"t":"header","n":39,"m":"Cross-Origin-Opener-Policy: same-origin"}
{"t":"header","n":100,"m":"Permissions-Policy: camera=(), microphone=(), geolocation=(), accelerometer=(self), gyroscope=(self)"}
{"t":"header","n":28,"m":"Referrer-Policy: no-referrer"}
{"t":"header","n":31,"m":"X-Content-Type-Options: nosniff"}
{"t":"body","n":14,"m":{"pilot":null}}
## me_off
{"t":"status","n":3,"m":503}
{"t":"header","n":23,"m":"Cache-Control: no-store"}
{"t":"header","n":225,"m":"Content-Security-Policy: default-src 'self'; script-src 'self'; style-src 'self'; img-src 'self' data: blob:; connect-src 'self'; font-src 'self'; object-src 'none'; base-uri 'none'; form-action 'none'; frame-ancestors 'none'"}
{"t":"header","n":45,"m":"Content-Type: application/json; charset=utf-8"}
{"t":"header","n":39,"m":"Cross-Origin-Opener-Policy: same-origin"}
{"t":"header","n":100,"m":"Permissions-Policy: camera=(), microphone=(), geolocation=(), accelerometer=(self), gyroscope=(self)"}
{"t":"header","n":28,"m":"Referrer-Policy: no-referrer"}
{"t":"header","n":31,"m":"X-Content-Type-Options: nosniff"}
{"t":"body","n":49,"m":{"code":"stats_off","error":"istatistik kapalı"}}
## me_unknown
{"t":"status","n":3,"m":200}
{"t":"header","n":23,"m":"Cache-Control: no-store"}
{"t":"header","n":225,"m":"Content-Security-Policy: default-src 'self'; script-src 'self'; style-src 'self'; img-src 'self' data: blob:; connect-src 'self'; font-src 'self'; object-src 'none'; base-uri 'none'; form-action 'none'; frame-ancestors 'none'"}
{"t":"header","n":45,"m":"Content-Type: application/json; charset=utf-8"}
{"t":"header","n":39,"m":"Cross-Origin-Opener-Policy: same-origin"}
{"t":"header","n":100,"m":"Permissions-Policy: camera=(), microphone=(), geolocation=(), accelerometer=(self), gyroscope=(self)"}
{"t":"header","n":28,"m":"Referrer-Policy: no-referrer"}
{"t":"header","n":31,"m":"X-Content-Type-Options: nosniff"}
{"t":"body","n":14,"m":{"pilot":null}}
## nope
{"t":"status","n":3,"m":404}
{"t":"header","n":23,"m":"Cache-Control: no-store"}
{"t":"header","n":225,"m":"Content-Security-Policy: default-src 'self'; script-src 'self'; style-src 'self'; img-src 'self' data: blob:; connect-src 'self'; font-src 'self'; object-src 'none'; base-uri 'none'; form-action 'none'; frame-ancestors 'none'"}
{"t":"header","n":45,"m":"Content-Type: application/json; charset=utf-8"}
{"t":"header","n":39,"m":"Cross-Origin-Opener-Policy: same-origin"}
{"t":"header","n":100,"m":"Permissions-Policy: camera=(), microphone=(), geolocation=(), accelerometer=(self), gyroscope=(self)"}
{"t":"header","n":28,"m":"Referrer-Policy: no-referrer"}
{"t":"header","n":31,"m":"X-Content-Type-Options: nosniff"}
{"t":"body","n":42,"m":{"code":"not_found","error":"bulunamadı"}}
## rate_1
{"t":"status","n":3,"m":200}
{"t":"header","n":23,"m":"Cache-Control: no-store"}
{"t":"header","n":225,"m":"Content-Security-Policy: default-src 'self'; script-src 'self'; style-src 'self'; img-src 'self' data: blob:; connect-src 'self'; font-src 'self'; object-src 'none'; base-uri 'none'; form-action 'none'; frame-ancestors 'none'"}
{"t":"header","n":45,"m":"Content-Type: application/json; charset=utf-8"}
{"t":"header","n":39,"m":"Cross-Origin-Opener-Policy: same-origin"}
{"t":"header","n":100,"m":"Permissions-Policy: camera=(), microphone=(), geolocation=(), accelerometer=(self), gyroscope=(self)"}
{"t":"header","n":28,"m":"Referrer-Policy: no-referrer"}
{"t":"header","n":31,"m":"X-Content-Type-Options: nosniff"}
{"t":"body","n":12,"m":{"rooms":[]}}
## rate_2
{"t":"status","n":3,"m":429}
{"t":"header","n":23,"m":"Cache-Control: no-store"}
{"t":"header","n":225,"m":"Content-Security-Policy: default-src 'self'; script-src 'self'; style-src 'self'; img-src 'self' data: blob:; connect-src 'self'; font-src 'self'; object-src 'none'; base-uri 'none'; form-action 'none'; frame-ancestors 'none'"}
{"t":"header","n":45,"m":"Content-Type: application/json; charset=utf-8"}
{"t":"header","n":39,"m":"Cross-Origin-Opener-Policy: same-origin"}
{"t":"header","n":100,"m":"Permissions-Policy: camera=(), microphone=(), geolocation=(), accelerometer=(self), gyroscope=(self)"}
{"t":"header","n":28,"m":"Referrer-Policy: no-referrer"}
{"t":"header","n":31,"m":"X-Content-Type-Options: nosniff"}
{"t":"body","n":42,"m":{"code":"rate","error":"çok fazla istek"}}
## rooms
{"t":"status","n":3,"m":200}
{"t":"header","n":23,"m":"Cache-Control: no-store"}
{"t":"header","n":225,"m":"Content-Security-Policy: default-src 'self'; script-src 'self'; style-src 'self'; img-src 'self' data: blob:; connect-src 'self'; font-src 'self'; object-src 'none'; base-uri 'none'; form-action 'none'; frame-ancestors 'none'"}
{"t":"header","n":45,"m":"Content-Type: application/json; charset=utf-8"}
{"t":"header","n":39,"m":"Cross-Origin-Opener-Policy: same-origin"}
{"t":"header","n":100,"m":"Permissions-Policy: camera=(), microphone=(), geolocation=(), accelerometer=(self), gyroscope=(self)"}
{"t":"header","n":28,"m":"Referrer-Policy: no-referrer"}
{"t":"header","n":31,"m":"X-Content-Type-Options: nosniff"}
{"t":"body","n":125,"m":{"rooms":[{"code":"CODE","mode":"team","map":"ada","wx":"acik","humans":0,"seats":8,"phase":"lobby","left":0,"teams":[0,0]}]}}
## rooms_draining
{"t":"status","n":3,"m":503}
{"t":"header","n":23,"m":"Cache-Control: no-store"}
{"t":"header","n":225,"m":"Content-Security-Policy: default-src 'self'; script-src 'self'; style-src 'self'; img-src 'self' data: blob:; connect-src 'self'; font-src 'self'; object-src 'none'; base-uri 'none'; form-action 'none'; frame-ancestors 'none'"}
{"t":"header","n":45,"m":"Content-Type: application/json; charset=utf-8"}
{"t":"header","n":39,"m":"Cross-Origin-Opener-Policy: same-origin"}
{"t":"header","n":100,"m":"Permissions-Policy: camera=(), microphone=(), geolocation=(), accelerometer=(self), gyroscope=(self)"}
{"t":"header","n":28,"m":"Referrer-Policy: no-referrer"}
{"t":"header","n":31,"m":"X-Content-Type-Options: nosniff"}
{"t":"body","n":68,"m":{"code":"updating","error":"sunucu güncelleniyor, yeniden bağlan"}}
## setup
{"t":"welcome","n":46828,"h":"cae030eec5f036bd","p":"{\"t\":\"welcome\",\"you\":1,\"code\":\"CODE\",\"mode\":\"team\",\"aircraft\":[{\"kind\":\"f16\",\"name\":\"F-16\",\"team\":\"nato\",\"maxHP\":90,\"maxSpeed\":230,\"maxSpeedAB\":290,\"accel\":48,\""}
